Archive member included to satisfy reference by file (symbol)

C:\Program Files (x86)\Cypress\PSoC Creator\4.4\PSoC Creator\psoc\content\CyComponentLibrary\CyComponentLibrary.cylib\CapSense_v2_0\Library\CapSense_Library_GCC_M4.a(CapSense_SmartSense_LL.o)
                              .\CortexM4\ARM_GCC_541\Debug\CapSense_Sensing.o (SmartSense_TunePrescalers)
C:\Program Files (x86)\Cypress\PSoC Creator\4.4\PSoC Creator\psoc\content\CyComponentLibrary\CyComponentLibrary.cylib\CapSense_v2_0\Library\CapSense_Library_GCC_M4.a(CapSense_SmartSense_SL.o)
                              .\CortexM4\ARM_GCC_541\Debug\CapSense_Processing.o (SmartSense_UpdateThresholds)
c:/program files (x86)/cypress/psoc creator/4.4/psoc creator/import/gnu/arm/5.4.1/bin/../lib/gcc/arm-none-eabi/5.4.1/armv7e-m/softfp\libgcc.a(_arm_addsubdf3.o)
                              .\CortexM4\ARM_GCC_541\Debug\cy_sysclk.o (__aeabi_f2d)
c:/program files (x86)/cypress/psoc creator/4.4/psoc creator/import/gnu/arm/5.4.1/bin/../lib/gcc/arm-none-eabi/5.4.1/armv7e-m/softfp\libgcc.a(_arm_muldivdf3.o)
                              .\CortexM4\ARM_GCC_541\Debug\cy_sysclk.o (__aeabi_ddiv)
c:/program files (x86)/cypress/psoc creator/4.4/psoc creator/import/gnu/arm/5.4.1/bin/../lib/gcc/arm-none-eabi/5.4.1/armv7e-m/softfp\libgcc.a(_arm_fixunsdfsi.o)
                              .\CortexM4\ARM_GCC_541\Debug\cy_sysclk.o (__aeabi_d2uiz)
c:/program files (x86)/cypress/psoc creator/4.4/psoc creator/import/gnu/arm/5.4.1/bin/../lib/gcc/arm-none-eabi/5.4.1/armv7e-m/softfp\libgcc.a(_arm_truncdfsf2.o)
                              .\CortexM4\ARM_GCC_541\Debug\cy_sysclk.o (__aeabi_d2f)
c:/program files (x86)/cypress/psoc creator/4.4/psoc creator/import/gnu/arm/5.4.1/bin/../lib/gcc/arm-none-eabi/5.4.1/armv7e-m/softfp\libgcc.a(_aeabi_uldivmod.o)
                              .\CortexM4\ARM_GCC_541\Debug\cy_sysclk.o (__aeabi_uldivmod)
c:/program files (x86)/cypress/psoc creator/4.4/psoc creator/import/gnu/arm/5.4.1/bin/../lib/gcc/arm-none-eabi/5.4.1/armv7e-m/softfp\libgcc.a(_udivmoddi4.o)
                              c:/program files (x86)/cypress/psoc creator/4.4/psoc creator/import/gnu/arm/5.4.1/bin/../lib/gcc/arm-none-eabi/5.4.1/armv7e-m/softfp\libgcc.a(_aeabi_uldivmod.o) (__udivmoddi4)
c:/program files (x86)/cypress/psoc creator/4.4/psoc creator/import/gnu/arm/5.4.1/bin/../lib/gcc/arm-none-eabi/5.4.1/armv7e-m/softfp\libgcc.a(_dvmd_tls.o)
                              c:/program files (x86)/cypress/psoc creator/4.4/psoc creator/import/gnu/arm/5.4.1/bin/../lib/gcc/arm-none-eabi/5.4.1/armv7e-m/softfp\libgcc.a(_aeabi_uldivmod.o) (__aeabi_ldiv0)
c:/program files (x86)/cypress/psoc creator/4.4/psoc creator/import/gnu/arm/5.4.1/bin/../lib/gcc/arm-none-eabi/5.4.1/../../../../arm-none-eabi/lib/armv7e-m/softfp\libg_nano.a(lib_a-exit.o)
                              c:/program files (x86)/cypress/psoc creator/4.4/psoc creator/import/gnu/arm/5.4.1/bin/../lib/gcc/arm-none-eabi/5.4.1/../../../../arm-none-eabi/lib/armv7e-m/softfp/crt0.o (exit)
c:/program files (x86)/cypress/psoc creator/4.4/psoc creator/import/gnu/arm/5.4.1/bin/../lib/gcc/arm-none-eabi/5.4.1/../../../../arm-none-eabi/lib/armv7e-m/softfp\libg_nano.a(lib_a-impure.o)
                              c:/program files (x86)/cypress/psoc creator/4.4/psoc creator/import/gnu/arm/5.4.1/bin/../lib/gcc/arm-none-eabi/5.4.1/../../../../arm-none-eabi/lib/armv7e-m/softfp\libg_nano.a(lib_a-exit.o) (_global_impure_ptr)
c:/program files (x86)/cypress/psoc creator/4.4/psoc creator/import/gnu/arm/5.4.1/bin/../lib/gcc/arm-none-eabi/5.4.1/../../../../arm-none-eabi/lib/armv7e-m/softfp\libg_nano.a(lib_a-init.o)
                              c:/program files (x86)/cypress/psoc creator/4.4/psoc creator/import/gnu/arm/5.4.1/bin/../lib/gcc/arm-none-eabi/5.4.1/../../../../arm-none-eabi/lib/armv7e-m/softfp/crt0.o (__libc_init_array)
c:/program files (x86)/cypress/psoc creator/4.4/psoc creator/import/gnu/arm/5.4.1/bin/../lib/gcc/arm-none-eabi/5.4.1/../../../../arm-none-eabi/lib/armv7e-m/softfp\libg_nano.a(lib_a-memcpy-stub.o)
                              .\CortexM4\ARM_GCC_541\Debug\queue.o (memcpy)
c:/program files (x86)/cypress/psoc creator/4.4/psoc creator/import/gnu/arm/5.4.1/bin/../lib/gcc/arm-none-eabi/5.4.1/../../../../arm-none-eabi/lib/armv7e-m/softfp\libg_nano.a(lib_a-memset.o)
                              c:/program files (x86)/cypress/psoc creator/4.4/psoc creator/import/gnu/arm/5.4.1/bin/../lib/gcc/arm-none-eabi/5.4.1/../../../../arm-none-eabi/lib/armv7e-m/softfp/crt0.o (memset)
c:/program files (x86)/cypress/psoc creator/4.4/psoc creator/import/gnu/arm/5.4.1/bin/../lib/gcc/arm-none-eabi/5.4.1/../../../../arm-none-eabi/lib/armv7e-m/softfp\libg_nano.a(lib_a-sprintf.o)
                              .\CortexM4\ARM_GCC_541\Debug\graphics.o (sprintf)
c:/program files (x86)/cypress/psoc creator/4.4/psoc creator/import/gnu/arm/5.4.1/bin/../lib/gcc/arm-none-eabi/5.4.1/../../../../arm-none-eabi/lib/armv7e-m/softfp\libg_nano.a(lib_a-strncpy.o)
[...]
Memory Configuration

Name             Origin             Length             Attributes
ram              0x08024000         0x00023800         xrw
flash            0x10080000         0x00080000         xr
em_eeprom        0x14000000         0x00008000         xr
sflash_user_data 0x16000800         0x00000800         xr
sflash_nar       0x16001a00         0x00000200         xr
sflash_public_key 0x16005a00         0x00000c00         xr
sflash_toc_2     0x16007c00         0x00000200         xr
sflash_rtoc_2    0x16007e00         0x00000200         xr
xip              0x18000000         0x08000000         xr
efuse            0x90700000         0x00100000         r
*default*        0x00000000         0xffffffff

Linker script and memory map

LOAD c:/program files (x86)/cypress/psoc creator/4.4/psoc creator/import/gnu/arm/5.4.1/bin/../lib/gcc/arm-none-eabi/5.4.1/armv7e-m/softfp/crti.o
LOAD c:/program files (x86)/cypress/psoc creator/4.4/psoc creator/import/gnu/arm/5.4.1/bin/../lib/gcc/arm-none-eabi/5.4.1/armv7e-m/softfp/crtbegin.o
LOAD c:/program files (x86)/cypress/psoc creator/4.4/psoc creator/import/gnu/arm/5.4.1/bin/../lib/gcc/arm-none-eabi/5.4.1/../../../../arm-none-eabi/lib/armv7e-m/softfp/crt0.o
START GROUP
LOAD .\CortexM4\ARM_GCC_541\Debug\startup_psoc63_cm4.o
LOAD .\CortexM4\ARM_GCC_541\Debug\main_cm4.o
LOAD .\CortexM4\ARM_GCC_541\Debug\codec.o
LOAD .\CortexM4\ARM_GCC_541\Debug\smif_mem.o
LOAD .\CortexM4\ARM_GCC_541\Debug\touch.o
LOAD .\CortexM4\ARM_GCC_541\Debug\recorder.o
LOAD .\CortexM4\ARM_GCC_541\Debug\events.o
LOAD .\CortexM4\ARM_GCC_541\Debug\graphics.o
LOAD .\CortexM4\ARM_GCC_541\Debug\tft_display.o
LOAD .\CortexM4\ARM_GCC_541\Debug\ugui.o
LOAD .\CortexM4\ARM_GCC_541\Debug\system_psoc63_cm4.o
LOAD .\CortexM4\ARM_GCC_541\Debug\cy_ipc_config.o
LOAD .\CortexM4\ARM_GCC_541\Debug\cyfitter_sysint_cfg.o
LOAD .\CortexM4\ARM_GCC_541\Debug\cymetadata.o
LOAD .\CortexM4\ARM_GCC_541\Debug\PDM_PCM.o
LOAD .\CortexM4\ARM_GCC_541\Debug\CodecI2CM.o
LOAD .\CortexM4\ARM_GCC_541\Debug\I2S.o
LOAD .\CortexM4\ARM_GCC_541\Debug\DMA_Record.o
LOAD .\CortexM4\ARM_GCC_541\Debug\DMA_PlayLeft.o
LOAD .\CortexM4\ARM_GCC_541\Debug\DMA_PlayRight.o
LOAD .\CortexM4\ARM_GCC_541\Debug\SMIF_1.o
LOAD .\CortexM4\ARM_GCC_541\Debug\cy_smif_memconfig.o
LOAD .\CortexM4\ARM_GCC_541\Debug\CapSense_Control.o
LOAD .\CortexM4\ARM_GCC_541\Debug\CapSense_Processing.o
LOAD .\CortexM4\ARM_GCC_541\Debug\CapSense_Structure.o
LOAD .\CortexM4\ARM_GCC_541\Debug\CapSense_Tuner.o
LOAD .\CortexM4\ARM_GCC_541\Debug\CapSense_Filter.o
LOAD .\CortexM4\ARM_GCC_541\Debug\CapSense_Sensing.o
LOAD .\CortexM4\ARM_GCC_541\Debug\CapSense_INT.o
LOAD .\CortexM4\ARM_GCC_541\Debug\CapSense_SensingCSD_LL.o
LOAD .\CortexM4\ARM_GCC_541\Debug\CapSense_SensingCSX_LL.o
LOAD .\CortexM4\ARM_GCC_541\Debug\CapSense_Centroid_LL.o
LOAD .\CortexM4\ARM_GCC_541\Debug\GraphicLCDIntf.o
LOAD .\CortexM4\ARM_GCC_541\Debug\GraphicLCDIntf_PM.o
LOAD .\CortexM4\ARM_GCC_541\Debug\cy_sysint.o
LOAD .\CortexM4\ARM_GCC_541\Debug\cy_ipc_drv.o
LOAD .\CortexM4\ARM_GCC_541\Debug\cy_ipc_sema.o
LOAD .\CortexM4\ARM_GCC_541\Debug\cy_ipc_pipe.o
LOAD .\CortexM4\ARM_GCC_541\Debug\cy_sysclk.o
LOAD .\CortexM4\ARM_GCC_541\Debug\cy_wdt.o
LOAD .\CortexM4\ARM_GCC_541\Debug\cy_smif.o
LOAD .\CortexM4\ARM_GCC_541\Debug\cy_smif_memslot.o
LOAD .\CortexM4\ARM_GCC_541\Debug\cy_dma.o
LOAD .\CortexM4\ARM_GCC_541\Debug\cy_scb_common.o
LOAD .\CortexM4\ARM_GCC_541\Debug\cy_scb_i2c.o
LOAD .\CortexM4\ARM_GCC_541\Debug\cy_scb_ezi2c.o
LOAD .\CortexM4\ARM_GCC_541\Debug\cy_scb_spi.o
LOAD .\CortexM4\ARM_GCC_541\Debug\cy_scb_uart.o
LOAD .\CortexM4\ARM_GCC_541\Debug\cy_efuse.o
LOAD .\CortexM4\ARM_GCC_541\Debug\cy_flash.o
LOAD .\CortexM4\ARM_GCC_541\Debug\cy_gpio.o
LOAD .\CortexM4\ARM_GCC_541\Debug\cy_sysanalog.o
LOAD .\CortexM4\ARM_GCC_541\Debug\cy_syspm.o
LOAD .\CortexM4\ARM_GCC_541\Debug\cy_syslib.o
LOAD .\CortexM4\ARM_GCC_541\Debug\cy_syslib_gcc.o
LOAD .\CortexM4\ARM_GCC_541\Debug\cy_trigmux.o
LOAD .\CortexM4\ARM_GCC_541\Debug\cy_systick.o
LOAD .\CortexM4\ARM_GCC_541\Debug\cy_i2s.o
LOAD .\CortexM4\ARM_GCC_541\Debug\cy_pdm_pcm.o
LOAD .\CortexM4\ARM_GCC_541\Debug\cy_profile.o
LOAD .\CortexM4\ARM_GCC_541\Debug\cy_prot.o
LOAD .\CortexM4\ARM_GCC_541\Debug\cy_lvd.o
LOAD .\CortexM4\ARM_GCC_541\Debug\cy_ble_clk.o
LOAD .\CortexM4\ARM_GCC_541\Debug\croutine.o
LOAD .\CortexM4\ARM_GCC_541\Debug\event_groups.o
LOAD .\CortexM4\ARM_GCC_541\Debug\list.o
LOAD .\CortexM4\ARM_GCC_541\Debug\queue.o
LOAD .\CortexM4\ARM_GCC_541\Debug\tasks.o
LOAD .\CortexM4\ARM_GCC_541\Debug\timers.o
LOAD .\CortexM4\ARM_GCC_541\Debug\port.o
LOAD .\CortexM4\ARM_GCC_541\Debug\heap_1.o
LOAD C:\Program Files (x86)\Cypress\PSoC Creator\4.4\PSoC Creator\psoc\content\CyComponentLibrary\CyComponentLibrary.cylib\CapSense_v2_0\Library\CapSense_Library_GCC_M4.a
END GROUP
START GROUP
LOAD c:/program files (x86)/cypress/psoc creator/4.4/psoc creator/import/gnu/arm/5.4.1/bin/../lib/gcc/arm-none-eabi/5.4.1/armv7e-m/softfp\libgcc.a
LOAD c:/program files (x86)/cypress/psoc creator/4.4/psoc creator/import/gnu/arm/5.4.1/bin/../lib/gcc/arm-none-eabi/5.4.1/../../../../arm-none-eabi/lib/armv7e-m/softfp\libg_nano.a
LOAD c:/program files (x86)/cypress/psoc creator/4.4/psoc creator/import/gnu/arm/5.4.1/bin/../lib/gcc/arm-none-eabi/5.4.1/../../../../arm-none-eabi/lib/armv7e-m/softfp\libc_nano.a
END GROUP
START GROUP
LOAD c:/program files (x86)/cypress/psoc creator/4.4/psoc creator/import/gnu/arm/5.4.1/bin/../lib/gcc/arm-none-eabi/5.4.1/armv7e-m/softfp\libgcc.a
LOAD c:/program files (x86)/cypress/psoc creator/4.4/psoc creator/import/gnu/arm/5.4.1/bin/../lib/gcc/arm-none-eabi/5.4.1/../../../../arm-none-eabi/lib/armv7e-m/softfp\libc_nano.a
END GROUP
LOAD c:/program files (x86)/cypress/psoc creator/4.4/psoc creator/import/gnu/arm/5.4.1/bin/../lib/gcc/arm-none-eabi/5.4.1/armv7e-m/softfp/crtend.o
LOAD c:/program files (x86)/cypress/psoc creator/4.4/psoc creator/import/gnu/arm/5.4.1/bin/../lib/gcc/arm-none-eabi/5.4.1/armv7e-m/softfp/crtn.o
START GROUP
LOAD c:/program files (x86)/cypress/psoc creator/4.4/psoc creator/import/gnu/arm/5.4.1/bin/../lib/gcc/arm-none-eabi/5.4.1/armv7e-m/softfp\libgcc.a
LOAD c:/program files (x86)/cypress/psoc creator/4.4/psoc creator/import/gnu/arm/5.4.1/bin/../lib/gcc/arm-none-eabi/5.4.1/../../../../arm-none-eabi/lib/armv7e-m/softfp\libc.a
LOAD c:/program files (x86)/cypress/psoc creator/4.4/psoc creator/import/gnu/arm/5.4.1/bin/../lib/gcc/arm-none-eabi/5.4.1/../../../../arm-none-eabi/lib/armv7e-m/softfp\libnosys.a
END GROUP
START GROUP
LOAD c:/program files (x86)/cypress/psoc creator/4.4/psoc creator/import/gnu/arm/5.4.1/bin/../lib/gcc/arm-none-eabi/5.4.1/armv7e-m/softfp\libgcc.a
LOAD c:/program files (x86)/cypress/psoc creator/4.4/psoc creator/import/gnu/arm/5.4.1/bin/../lib/gcc/arm-none-eabi/5.4.1/../../../../arm-none-eabi/lib/armv7e-m/softfp\libc.a
LOAD c:/program files (x86)/cypress/psoc creator/4.4/psoc creator/import/gnu/arm/5.4.1/bin/../lib/gcc/arm-none-eabi/5.4.1/../../../../arm-none-eabi/lib/armv7e-m/softfp\libm.a
LOAD c:/program files (x86)/cypress/psoc creator/4.4/psoc creator/import/gnu/arm/5.4.1/bin/../lib/gcc/arm-none-eabi/5.4.1/../../../../arm-none-eabi/lib/armv7e-m/softfp\libnosys.a
END GROUP

.text           0x10080000    0x11be0
                0x10080000                . = ALIGN (0x4)
                0x10080000                __Vectors = .
 *(.vectors)
 .vectors       0x10080000      0x28c .\CortexM4\ARM_GCC_541\Debug\startup_psoc63_cm4.o
                0x1008028c                . = ALIGN (0x4)
                0x1008028c                __Vectors_End = .
                0x0000028c                __Vectors_Size = (__Vectors_End - __Vectors)
                0x1008028c                __end__ = .
                0x1008028c                . = ALIGN (0x4)
 *(.text*)
 .text          0x1008028c       0x5c c:/program files (x86)/cypress/psoc creator/4.4/psoc creator/import/gnu/arm/5.4.1/bin/../lib/gcc/arm-none-eabi/5.4.1/armv7e-m/softfp/crtbegin.o
 .text          0x100802e8       0x94 .\CortexM4\ARM_GCC_541\Debug\startup_psoc63_cm4.o
                0x100802e8                Cy_OnResetUser
                0x100802ea                Cy_SaveIRQ
                0x100802f2                Cy_RestoreIRQ
                0x100802f8                Reset_Handler
                0x1008035c                tcpwm_1_interrupts_11_IRQHandler
                0x1008035c                cpuss_interrupts_ipc_0_IRQHandler
                0x1008035c                tcpwm_1_interrupts_15_IRQHandler
                0x1008035c                ioss_interrupts_gpio_13_IRQHandler
                0x1008035c                tcpwm_1_interrupts_13_IRQHandler
                0x1008035c                cpuss_interrupts_dw1_8_IRQHandler
                0x1008035c                tcpwm_0_interrupts_0_IRQHandler
                0x1008035c                cpuss_interrupt_fm_IRQHandler
                0x1008035c                cpuss_interrupts_ipc_7_IRQHandler
                0x1008035c                tcpwm_1_interrupts_14_IRQHandler
                0x1008035c                cpuss_interrupts_dw0_11_IRQHandler
                0x1008035c                tcpwm_1_interrupts_9_IRQHandler
                0x1008035c                cpuss_interrupts_cm0_cti_1_IRQHandler
                0x1008035c                tcpwm_1_interrupts_22_IRQHandler
                0x1008035c                cpuss_interrupts_dw0_4_IRQHandler
                0x1008035c                NMI_Handler
                0x1008035c                cpuss_interrupts_dw1_12_IRQHandler
                0x1008035c                tcpwm_1_interrupts_12_IRQHandler
                0x1008035c                smif_interrupt_IRQHandler
                0x1008035c                tcpwm_1_interrupts_2_IRQHandler
                0x1008035c                cpuss_interrupts_ipc_13_IRQHandler
                0x1008035c                udb_interrupts_11_IRQHandler
                0x1008035c                tcpwm_1_interrupts_18_IRQHandler
                0x1008035c                cpuss_interrupts_ipc_6_IRQHandler
                0x1008035c                tcpwm_0_interrupts_2_IRQHandler
                0x1008035c                cpuss_interrupts_dw0_13_IRQHandler
                0x1008035c                udb_interrupts_2_IRQHandler
                0x1008035c                cpuss_interrupts_dw1_7_IRQHandler
                0x1008035c                ioss_interrupts_gpio_1_IRQHandler
                0x1008035c                ioss_interrupts_gpio_7_IRQHandler
                0x1008035c                scb_5_interrupt_IRQHandler
                0x1008035c                udb_interrupts_6_IRQHandler
                0x1008035c                cpuss_interrupts_fault_1_IRQHandler
                0x1008035c                cpuss_interrupts_ipc_5_IRQHandler
                0x1008035c                cpuss_interrupts_dw1_10_IRQHandler
                0x1008035c                udb_interrupts_0_IRQHandler
                0x1008035c                tcpwm_1_interrupts_6_IRQHandler
                0x1008035c                scb_4_interrupt_IRQHandler
                0x1008035c                pass_interrupt_dacs_IRQHandler
                0x1008035c                ioss_interrupts_gpio_2_IRQHandler
                0x1008035c                cpuss_interrupts_dw1_9_IRQHandler
                0x1008035c                cpuss_interrupts_dw1_13_IRQHandler
                0x1008035c                scb_2_interrupt_IRQHandler
                0x1008035c                cpuss_interrupts_cm0_cti_0_IRQHandler
                0x1008035c                udb_interrupts_5_IRQHandler
                0x1008035c                srss_interrupt_IRQHandler
                0x1008035c                udb_interrupts_12_IRQHandler
                0x1008035c                scb_0_interrupt_IRQHandler
                0x1008035c                csd_interrupt_IRQHandler
                0x1008035c                udb_interrupts_1_IRQHandler
                0x1008035c                profile_interrupt_IRQHandler
                0x1008035c                tcpwm_1_interrupts_1_IRQHandler
                0x1008035c                cpuss_interrupts_ipc_12_IRQHandler
                0x1008035c                tcpwm_1_interrupts_3_IRQHandler
                0x1008035c                tcpwm_0_interrupts_7_IRQHandler
                0x1008035c                cpuss_interrupts_dw1_1_IRQHandler
                0x1008035c                cpuss_interrupts_dw1_0_IRQHandler
                0x1008035c                cpuss_interrupts_dw0_9_IRQHandler
                0x1008035c                DebugMon_Handler
                0x1008035c                tcpwm_1_interrupts_23_IRQHandler
                0x1008035c                cpuss_interrupts_dw0_5_IRQHandler
                0x1008035c                tcpwm_1_interrupts_20_IRQHandler
                0x1008035c                ioss_interrupt_gpio_IRQHandler
                0x1008035c                tcpwm_0_interrupts_1_IRQHandler
                0x1008035c                ioss_interrupts_gpio_8_IRQHandler
                0x1008035c                tcpwm_0_interrupts_6_IRQHandler
                0x1008035c                scb_7_interrupt_IRQHandler
                0x1008035c                tcpwm_1_interrupts_7_IRQHandler
                0x1008035c                cpuss_interrupts_ipc_11_IRQHandler
                0x1008035c                udb_interrupts_13_IRQHandler
                0x1008035c                cpuss_interrupts_dw0_15_IRQHandler
                0x1008035c                udb_interrupts_7_IRQHandler
                0x1008035c                cpuss_interrupts_dw1_6_IRQHandler
                0x1008035c                cpuss_interrupt_crypto_IRQHandler
                0x1008035c                scb_1_interrupt_IRQHandler
                0x1008035c                Default_Handler
                0x1008035c                usb_interrupt_hi_IRQHandler
                0x1008035c                tcpwm_1_interrupts_0_IRQHandler
                0x1008035c                udb_interrupts_9_IRQHandler
                0x1008035c                audioss_interrupt_pdm_IRQHandler
                0x1008035c                srss_interrupt_mcwdt_0_IRQHandler
                0x1008035c                scb_3_interrupt_IRQHandler
                0x1008035c                pass_interrupt_ctbs_IRQHandler
                0x1008035c                udb_interrupts_8_IRQHandler
                0x1008035c                ioss_interrupts_gpio_3_IRQHandler
                0x1008035c                scb_6_interrupt_IRQHandler
                0x1008035c                cpuss_interrupts_cm4_cti_0_IRQHandler
                0x1008035c                cpuss_interrupts_dw1_3_IRQHandler
                0x1008035c                pass_interrupt_sar_IRQHandler
                0x1008035c                ioss_interrupts_gpio_0_IRQHandler
                0x1008035c                ioss_interrupts_gpio_14_IRQHandler
                0x1008035c                tcpwm_0_interrupts_4_IRQHandler
                0x1008035c                udb_interrupts_3_IRQHandler
                0x1008035c                tcpwm_0_interrupts_5_IRQHandler
                0x1008035c                cpuss_interrupts_ipc_15_IRQHandler
                0x1008035c                cpuss_interrupts_cm4_cti_1_IRQHandler
                0x1008035c                scb_8_interrupt_IRQHandler
                0x1008035c                srss_interrupt_mcwdt_1_IRQHandler
                0x1008035c                cpuss_interrupts_dw1_2_IRQHandler
                0x1008035c                cpuss_interrupts_dw1_5_IRQHandler
                0x1008035c                cpuss_interrupts_ipc_1_IRQHandler
                0x1008035c                cpuss_interrupts_dw0_0_IRQHandler
                0x1008035c                ioss_interrupts_gpio_12_IRQHandler
                0x1008035c                cpuss_interrupts_ipc_3_IRQHandler
                0x1008035c                tcpwm_1_interrupts_17_IRQHandler
                0x1008035c                srss_interrupt_backup_IRQHandler
                0x1008035c                bless_interrupt_IRQHandler
                0x1008035c                cpuss_interrupts_ipc_10_IRQHandler
                0x1008035c                cpuss_interrupts_ipc_9_IRQHandler
                0x1008035c                cpuss_interrupts_dw0_14_IRQHandler
                0x1008035c                tcpwm_1_interrupts_4_IRQHandler
                0x1008035c                tcpwm_0_interrupts_3_IRQHandler
                0x1008035c                cpuss_interrupts_dw1_15_IRQHandler
                0x1008035c                ioss_interrupts_gpio_10_IRQHandler
                0x1008035c                udb_interrupts_10_IRQHandler
                0x1008035c                cpuss_interrupts_dw0_8_IRQHandler
                0x1008035c                ioss_interrupts_gpio_11_IRQHandler
                0x1008035c                cpuss_interrupts_ipc_14_IRQHandler
                0x1008035c                ioss_interrupts_gpio_5_IRQHandler
                0x1008035c                ioss_interrupts_gpio_4_IRQHandler
                0x1008035c                tcpwm_1_interrupts_8_IRQHandler
                0x1008035c                cpuss_interrupts_dw1_14_IRQHandler
                0x1008035c                usb_interrupt_med_IRQHandler
                0x1008035c                cpuss_interrupts_dw0_2_IRQHandler
                0x1008035c                udb_interrupts_4_IRQHandler
                0x1008035c                tcpwm_1_interrupts_10_IRQHandler
                0x1008035c                cpuss_interrupts_fault_0_IRQHandler
                0x1008035c                cpuss_interrupts_dw0_12_IRQHandler
                0x1008035c                ioss_interrupts_gpio_6_IRQHandler
                0x1008035c                tcpwm_1_interrupts_21_IRQHandler
                0x1008035c                tcpwm_1_interrupts_16_IRQHandler
                0x1008035c                cpuss_interrupts_dw1_4_IRQHandler
                0x1008035c                udb_interrupts_15_IRQHandler
                0x1008035c                cpuss_interrupts_dw1_11_IRQHandler
                0x1008035c                cpuss_interrupts_dw0_6_IRQHandler
                0x1008035c                ioss_interrupt_vdd_IRQHandler
                0x1008035c                cpuss_interrupts_dw0_7_IRQHandler
                0x1008035c                audioss_interrupt_i2s_IRQHandler
                0x1008035c                tcpwm_1_interrupts_5_IRQHandler
                0x1008035c                cpuss_interrupts_ipc_2_IRQHandler
                0x1008035c                cpuss_interrupts_dw0_10_IRQHandler
                0x1008035c                tcpwm_1_interrupts_19_IRQHandler
                0x1008035c                cpuss_interrupts_dw0_1_IRQHandler
                0x1008035c                lpcomp_interrupt_IRQHandler
                0x1008035c                ioss_interrupts_gpio_9_IRQHandler
                0x1008035c                usb_interrupt_lo_IRQHandler
                0x1008035c                cpuss_interrupts_ipc_8_IRQHandler
                0x1008035c                udb_interrupts_14_IRQHandler
                0x1008035c                cpuss_interrupts_dw0_3_IRQHandler
                0x10080360                UsageFault_Handler
                0x10080360                HardFault_Handler
                0x10080360                MemManage_Handler
                0x10080360                BusFault_Handler
 .text.main     0x1008037c       0xdc .\CortexM4\ARM_GCC_541\Debug\main_cm4.o
                0x1008037c                main
 .text.Codec_Init
                0x10080458       0x98 .\CortexM4\ARM_GCC_541\Debug\codec.o
                0x10080458                Codec_Init
 .text.Codec_SendData
                0x100804f0       0x88 .\CortexM4\ARM_GCC_541\Debug\codec.o
                0x100804f0                Codec_SendData
 .text.Codec_AdjustBothHeadphoneVolume
                0x10080578       0x34 .\CortexM4\ARM_GCC_541\Debug\codec.o
                0x10080578                Codec_AdjustBothHeadphoneVolume
 .text.Codec_Activate
                0x100805ac       0x30 .\CortexM4\ARM_GCC_541\Debug\codec.o
                0x100805ac                Codec_Activate
 .text.__NVIC_EnableIRQ
                0x100805dc       0x3c .\CortexM4\ARM_GCC_541\Debug\smif_mem.o
 .text.Cy_SMIF_SetInterruptMask
                0x10080618       0x20 .\CortexM4\ARM_GCC_541\Debug\smif_mem.o
 .text.Cy_SMIF_GetInterruptMask
                0x10080638       0x1c .\CortexM4\ARM_GCC_541\Debug\smif_mem.o
 .text.Cy_SMIF_GetInterruptStatusMasked
                0x10080654       0x1c .\CortexM4\ARM_GCC_541\Debug\smif_mem.o
 .text.Cy_SMIF_ClearInterrupt
                0x10080670       0x28 .\CortexM4\ARM_GCC_541\Debug\smif_mem.o
 .text.Cy_SMIF_GetTxFifoStatus
                0x10080698       0x20 .\CortexM4\ARM_GCC_541\Debug\smif_mem.o
 .text.Cy_SMIF_GetRxFifoStatus
                0x100806b8       0x20 .\CortexM4\ARM_GCC_541\Debug\smif_mem.o
 .text.Cy_SMIF_BusyCheck
                0x100806d8       0x28 .\CortexM4\ARM_GCC_541\Debug\smif_mem.o
 .text.Cy_SMIF_Interrupt
                0x10080700       0xb8 .\CortexM4\ARM_GCC_541\Debug\smif_mem.o
 .text.Cy_SMIF_PushTxFifo
                0x100807b8      0x1f4 .\CortexM4\ARM_GCC_541\Debug\smif_mem.o
 .text.Cy_SMIF_PopRxFifo
                0x100809ac      0x1e4 .\CortexM4\ARM_GCC_541\Debug\smif_mem.o
 .text.Cy_SMIF_PackBytesArray
                0x10080b90       0x4c .\CortexM4\ARM_GCC_541\Debug\smif_mem.o
 .text.Cy_SMIF_UnPackByteArray
                0x10080bdc       0x4c .\CortexM4\ARM_GCC_541\Debug\smif_mem.o
 .text.Cy_GPIO_Write
                0x10080c28       0x54 .\CortexM4\ARM_GCC_541\Debug\smif_mem.o
 .text.InitMemory
                0x10080c7c       0x6c .\CortexM4\ARM_GCC_541\Debug\smif_mem.o
                0x10080c7c                InitMemory
 .text.EraseMemory
                0x10080ce8       0x88 .\CortexM4\ARM_GCC_541\Debug\smif_mem.o
                0x10080ce8                EraseMemory
 .text.WriteMemory
                0x10080d70       0xd0 .\CortexM4\ARM_GCC_541\Debug\smif_mem.o
                0x10080d70                WriteMemory
 .text.ReadMemory
                0x10080e40       0xac .\CortexM4\ARM_GCC_541\Debug\smif_mem.o
                0x10080e40                ReadMemory
 .text.HandleErrorMemory
                0x10080eec       0x18 .\CortexM4\ARM_GCC_541\Debug\smif_mem.o
                0x10080eec                HandleErrorMemory
 .text.SMIF_Interrupt_User
                0x10080f04       0x18 .\CortexM4\ARM_GCC_541\Debug\smif_mem.o
                0x10080f04                SMIF_Interrupt_User
 .text.RxCmpltMemoryCallback
                0x10080f1c       0x14 .\CortexM4\ARM_GCC_541\Debug\smif_mem.o
                0x10080f1c                RxCmpltMemoryCallback
 .text.InitTouch
                0x10080f30        0xc .\CortexM4\ARM_GCC_541\Debug\touch.o
                0x10080f30                InitTouch
 .text.TouchTask
                0x10080f3c      0x230 .\CortexM4\ARM_GCC_541\Debug\touch.o
                0x10080f3c                TouchTask
 .text.__NVIC_EnableIRQ
                0x1008116c       0x3c .\CortexM4\ARM_GCC_541\Debug\recorder.o
 .text.Cy_DMA_Descriptor_SetSrcAddress
                0x100811a8       0x1c .\CortexM4\ARM_GCC_541\Debug\recorder.o
 .text.Cy_DMA_Descriptor_SetDstAddress
                0x100811c4       0x1c .\CortexM4\ARM_GCC_541\Debug\recorder.o
 .text.Cy_DMA_Channel_Enable
                0x100811e0       0x60 .\CortexM4\ARM_GCC_541\Debug\recorder.o
 .text.Cy_DMA_Channel_Disable
                0x10081240       0x60 .\CortexM4\ARM_GCC_541\Debug\recorder.o
 .text.Cy_DMA_Channel_ClearInterrupt
                0x100812a0       0x64 .\CortexM4\ARM_GCC_541\Debug\recorder.o
 .text.Cy_DMA_Channel_SetInterruptMask
                0x10081304       0x6c .\CortexM4\ARM_GCC_541\Debug\recorder.o
 .text.Cy_PDM_PCM_Enable
                0x10081370       0x20 .\CortexM4\ARM_GCC_541\Debug\recorder.o
 .text.Cy_PDM_PCM_ClearFifo
                0x10081390       0x34 .\CortexM4\ARM_GCC_541\Debug\recorder.o
 .text.DMA_Record_SetInterruptMask
                0x100813c4       0x20 .\CortexM4\ARM_GCC_541\Debug\recorder.o
 .text.DMA_PlayRight_SetInterruptMask
                0x100813e4       0x20 .\CortexM4\ARM_GCC_541\Debug\recorder.o
 .text.InitRecorder
                0x10081404      0x230 .\CortexM4\ARM_GCC_541\Debug\recorder.o
                0x10081404                InitRecorder
 .text.StartRecorder
                0x10081634       0x80 .\CortexM4\ARM_GCC_541\Debug\recorder.o
                0x10081634                StartRecorder
 .text.StopRecorder
                0x100816b4       0xc4 .\CortexM4\ARM_GCC_541\Debug\recorder.o
                0x100816b4                StopRecorder
 .text.PlayRecorder
                0x10081778       0xa4 .\CortexM4\ARM_GCC_541\Debug\recorder.o
                0x10081778                PlayRecorder
 .text.RecorderTask
                0x1008181c      0x24c .\CortexM4\ARM_GCC_541\Debug\recorder.o
                0x1008181c                RecorderTask
 .text.RecorderState
                0x10081a68       0x18 .\CortexM4\ARM_GCC_541\Debug\recorder.o
                0x10081a68                RecorderState
 .text.PauseRecorder
                0x10081a80       0x28 .\CortexM4\ARM_GCC_541\Debug\recorder.o
                0x10081a80                PauseRecorder
 .text.ResumeRecorder
                0x10081aa8       0x28 .\CortexM4\ARM_GCC_541\Debug\recorder.o
                0x10081aa8                ResumeRecorder
 .text.ResetRecorder
                0x10081ad0       0x2c .\CortexM4\ARM_GCC_541\Debug\recorder.o
                0x10081ad0                ResetRecorder
 .text.PDM_Interrupt_User
                0x10081afc       0x54 .\CortexM4\ARM_GCC_541\Debug\recorder.o
                0x10081afc                PDM_Interrupt_User
 .text.I2S_Interrupt_User
                0x10081b50       0x54 .\CortexM4\ARM_GCC_541\Debug\recorder.o
                0x10081b50                I2S_Interrupt_User
 .text.EventsTask
                0x10081ba4      0x304 .\CortexM4\ARM_GCC_541\Debug\events.o
                0x10081ba4                EventsTask
 .text.GraphicsDrawRecordingIcon
                0x10081ea8       0x2c .\CortexM4\ARM_GCC_541\Debug\graphics.o
 .text.GraphicsDrawPlayingIcon
                0x10081ed4       0xb4 .\CortexM4\ARM_GCC_541\Debug\graphics.o
 .text.GraphicsDrawStoppedIcon
                0x10081f88       0x1c .\CortexM4\ARM_GCC_541\Debug\graphics.o
 .text.GraphicsDrawPausedIcon
                0x10081fa4       0x40 .\CortexM4\ARM_GCC_541\Debug\graphics.o
 .text.GraphicsDrawVolumeText
                0x10081fe4       0x34 .\CortexM4\ARM_GCC_541\Debug\graphics.o
 .text.GraphicsUpdateVolume
                0x10082018       0x60 .\CortexM4\ARM_GCC_541\Debug\graphics.o
 .text.GraphicsDrawWarningMessage
                0x10082078       0x40 .\CortexM4\ARM_GCC_541\Debug\graphics.o
 .text.GraphicsUpdateTime
                0x100820b8       0x84 .\CortexM4\ARM_GCC_541\Debug\graphics.o
 .text.GraphicsTask
                0x1008213c       0xe4 .\CortexM4\ARM_GCC_541\Debug\graphics.o
                0x1008213c                GraphicsTask
 .text.Cy_GPIO_Set
                0x10082220       0x30 .\CortexM4\ARM_GCC_541\Debug\tft_display.o
 .text.Cy_GPIO_Clr
                0x10082250       0x30 .\CortexM4\ARM_GCC_541\Debug\tft_display.o
 .text.TFT_WriteData
                0x10082280       0x1c .\CortexM4\ARM_GCC_541\Debug\tft_display.o
                0x10082280                TFT_WriteData
 .text.TFT_WriteCommand
                0x1008229c       0x1c .\CortexM4\ARM_GCC_541\Debug\tft_display.o
                0x1008229c                TFT_WriteCommand
 .text.TFT_SetPixel
                0x100822b8       0xd8 .\CortexM4\ARM_GCC_541\Debug\tft_display.o
                0x100822b8                TFT_SetPixel
 .text.TFT_Init
                0x10082390      0x22c .\CortexM4\ARM_GCC_541\Debug\tft_display.o
                0x10082390                TFT_Init
 .text.UG_Init  0x100825bc      0x10c .\CortexM4\ARM_GCC_541\Debug\ugui.o
                0x100825bc                UG_Init
 .text.UG_FontSelect
                0x100826c8       0x3c .\CortexM4\ARM_GCC_541\Debug\ugui.o
                0x100826c8                UG_FontSelect
 .text.UG_FillFrame
                0x10082704       0xe0 .\CortexM4\ARM_GCC_541\Debug\ugui.o
                0x10082704                UG_FillFrame
 .text.UG_DrawCircle
                0x100827e4      0x1b4 .\CortexM4\ARM_GCC_541\Debug\ugui.o
                0x100827e4                UG_DrawCircle
 .text.UG_FillCircle
                0x10082998      0x1a8 .\CortexM4\ARM_GCC_541\Debug\ugui.o
                0x10082998                UG_FillCircle
 .text.UG_DrawLine
                0x10082b40      0x1e4 .\CortexM4\ARM_GCC_541\Debug\ugui.o
                0x10082b40                UG_DrawLine
 .text.UG_PutString
                0x10082d24       0xd0 .\CortexM4\ARM_GCC_541\Debug\ugui.o
                0x10082d24                UG_PutString
 .text.UG_PutChar
                0x10082df4      0x298 .\CortexM4\ARM_GCC_541\Debug\ugui.o
                0x10082df4                UG_PutChar
 .text.UG_SetForecolor
                0x1008308c       0x20 .\CortexM4\ARM_GCC_541\Debug\ugui.o
                0x1008308c                UG_SetForecolor
 .text.UG_SetBackcolor
                0x100830ac       0x20 .\CortexM4\ARM_GCC_541\Debug\ugui.o
                0x100830ac                UG_SetBackcolor
 .text.SystemInit
                0x100830cc       0x54 .\CortexM4\ARM_GCC_541\Debug\system_psoc63_cm4.o
                0x100830cc                SystemInit
 .text.Cy_SystemInit
                0x10083120       0x10 .\CortexM4\ARM_GCC_541\Debug\system_psoc63_cm4.o
                0x10083120                Cy_SystemInit
 .text.SystemCoreClockUpdate
                0x10083130      0x304 .\CortexM4\ARM_GCC_541\Debug\system_psoc63_cm4.o
                0x10083130                SystemCoreClockUpdate
 .text.Cy_SystemInitFpuEnable
                0x10083434       0x38 .\CortexM4\ARM_GCC_541\Debug\system_psoc63_cm4.o
                0x10083434                Cy_SystemInitFpuEnable
 .text.Cy_IPC_SystemSemaInit
                0x1008346c       0x14 .\CortexM4\ARM_GCC_541\Debug\cy_ipc_config.o
                0x1008346c                Cy_IPC_SystemSemaInit
 .text.Cy_IPC_SystemPipeInit
                0x10083480       0x30 .\CortexM4\ARM_GCC_541\Debug\cy_ipc_config.o
                0x10083480                Cy_IPC_SystemPipeInit
 .text.cpuss_interrupts_ipc_4_IRQHandler
                0x100834b0       0x14 .\CortexM4\ARM_GCC_541\Debug\cy_ipc_config.o
                0x100834b0                cpuss_interrupts_ipc_4_IRQHandler
 .text.__NVIC_EnableIRQ
                0x100834c4       0x3c .\CortexM4\ARM_GCC_541\Debug\CodecI2CM.o
 .text.Cy_SCB_I2C_Enable
                0x10083500       0x20 .\CortexM4\ARM_GCC_541\Debug\CodecI2CM.o
 .text.CodecI2CM_Interrupt
                0x10083520       0x18 .\CortexM4\ARM_GCC_541\Debug\CodecI2CM.o
 .text.CodecI2CM_Start
                0x10083538       0x64 .\CortexM4\ARM_GCC_541\Debug\CodecI2CM.o
                0x10083538                CodecI2CM_Start
 .text.Cy_I2S_EnableTx
                0x1008359c       0x20 .\CortexM4\ARM_GCC_541\Debug\I2S.o
 .text.Cy_I2S_DisableTx
                0x100835bc       0x20 .\CortexM4\ARM_GCC_541\Debug\I2S.o
 .text.Cy_I2S_GetCurrentState
                0x100835dc       0x20 .\CortexM4\ARM_GCC_541\Debug\I2S.o
 .text.Cy_I2S_ClearTxFifo
                0x100835fc       0x3c .\CortexM4\ARM_GCC_541\Debug\I2S.o
 .text.Cy_I2S_WriteTxData
                0x10083638       0x20 .\CortexM4\ARM_GCC_541\Debug\I2S.o
 .text.Cy_I2S_ClearInterrupt
                0x10083658       0x3c .\CortexM4\ARM_GCC_541\Debug\I2S.o
 .text.Cy_I2S_GetInterruptMask
                0x10083694       0x1c .\CortexM4\ARM_GCC_541\Debug\I2S.o
 .text.Cy_I2S_SetInterruptMask
                0x100836b0       0x38 .\CortexM4\ARM_GCC_541\Debug\I2S.o
 .text.I2S_Start
                0x100836e8       0x90 .\CortexM4\ARM_GCC_541\Debug\I2S.o
                0x100836e8                I2S_Start
 .text.I2S_Stop
                0x10083778       0x54 .\CortexM4\ARM_GCC_541\Debug\I2S.o
                0x10083778                I2S_Stop
 .text.Cy_DMA_Enable
                0x100837cc       0x20 .\CortexM4\ARM_GCC_541\Debug\DMA_Record.o
 .text.DMA_Record_Init
                0x100837ec       0x48 .\CortexM4\ARM_GCC_541\Debug\DMA_Record.o
                0x100837ec                DMA_Record_Init
 .text.Cy_DMA_Enable
                0x10083834       0x20 .\CortexM4\ARM_GCC_541\Debug\DMA_PlayLeft.o
 .text.DMA_PlayLeft_Init
                0x10083854       0x48 .\CortexM4\ARM_GCC_541\Debug\DMA_PlayLeft.o
                0x10083854                DMA_PlayLeft_Init
 .text.Cy_DMA_Enable
                0x1008389c       0x20 .\CortexM4\ARM_GCC_541\Debug\DMA_PlayRight.o
 .text.DMA_PlayRight_Init
                0x100838bc       0x48 .\CortexM4\ARM_GCC_541\Debug\DMA_PlayRight.o
                0x100838bc                DMA_PlayRight_Init
 .text.CapSense_Start
                0x10083904       0x50 .\CortexM4\ARM_GCC_541\Debug\CapSense_Control.o
                0x10083904                CapSense_Start
 .text.CapSense_Initialize
                0x10083954       0x34 .\CortexM4\ARM_GCC_541\Debug\CapSense_Control.o
                0x10083954                CapSense_Initialize
 .text.CapSense_ProcessAllWidgets
                0x10083988       0x98 .\CortexM4\ARM_GCC_541\Debug\CapSense_Control.o
                0x10083988                CapSense_ProcessAllWidgets
 .text.CapSense_DpInitSlider
                0x10083a20       0x58 .\CortexM4\ARM_GCC_541\Debug\CapSense_Processing.o
 .text.CapSense_DpInitialize
                0x10083a78       0xc4 .\CortexM4\ARM_GCC_541\Debug\CapSense_Processing.o
                0x10083a78                CapSense_DpInitialize
 .text.CapSense_DpProcessCsxWidgetRawCounts
                0x10083b3c       0x6c .\CortexM4\ARM_GCC_541\Debug\CapSense_Processing.o
                0x10083b3c                CapSense_DpProcessCsxWidgetRawCounts
 .text.CapSense_DpProcessCsxWidgetStatus
                0x10083ba8       0xb0 .\CortexM4\ARM_GCC_541\Debug\CapSense_Processing.o
                0x10083ba8                CapSense_DpProcessCsxWidgetStatus
 .text.CapSense_DpProcessCsdWidgetRawCounts
                0x10083c58       0xac .\CortexM4\ARM_GCC_541\Debug\CapSense_Processing.o
                0x10083c58                CapSense_DpProcessCsdWidgetRawCounts
 .text.CapSense_DpProcessCsdWidgetStatus
                0x10083d04       0xc8 .\CortexM4\ARM_GCC_541\Debug\CapSense_Processing.o
                0x10083d04                CapSense_DpProcessCsdWidgetStatus
 .text.CapSense_DpUpdateThresholds
                0x10083dcc       0x50 .\CortexM4\ARM_GCC_541\Debug\CapSense_Processing.o
                0x10083dcc                CapSense_DpUpdateThresholds
 .text.CapSense_DpUpdateDifferences
                0x10083e1c       0x34 .\CortexM4\ARM_GCC_541\Debug\CapSense_Processing.o
                0x10083e1c                CapSense_DpUpdateDifferences
 .text.CapSense_DpProcessButton
                0x10083e50       0xdc .\CortexM4\ARM_GCC_541\Debug\CapSense_Processing.o
                0x10083e50                CapSense_DpProcessButton
 .text.CapSense_DpProcessSlider
                0x10083f2c      0x158 .\CortexM4\ARM_GCC_541\Debug\CapSense_Processing.o
                0x10083f2c                CapSense_DpProcessSlider
 .text.DpUpdateLinSlider
                0x10084084       0xa4 .\CortexM4\ARM_GCC_541\Debug\CapSense_Processing.o
 .text.CapSense_DsInitialize
                0x10084128       0xbc .\CortexM4\ARM_GCC_541\Debug\CapSense_Structure.o
                0x10084128                CapSense_DsInitialize
 .text.CapSense_IsWidgetActive
                0x100841e4       0x40 .\CortexM4\ARM_GCC_541\Debug\CapSense_Structure.o
                0x100841e4                CapSense_IsWidgetActive
 .text.CapSense_GetCentroidPos
                0x10084224       0x6c .\CortexM4\ARM_GCC_541\Debug\CapSense_Structure.o
                0x10084224                CapSense_GetCentroidPos
 .text.CapSense_TuInitialize
                0x10084290       0x2c .\CortexM4\ARM_GCC_541\Debug\CapSense_Tuner.o
                0x10084290                CapSense_TuInitialize
 .text.CapSense_FtInitialize
                0x100842bc        0xc .\CortexM4\ARM_GCC_541\Debug\CapSense_Filter.o
                0x100842bc                CapSense_FtInitialize
 .text.CapSense_FtUpdateBaseline
                0x100842c8      0x138 .\CortexM4\ARM_GCC_541\Debug\CapSense_Filter.o
                0x100842c8                CapSense_FtUpdateBaseline
 .text.CapSense_InitializeAllBaselines
                0x10084400       0x24 .\CortexM4\ARM_GCC_541\Debug\CapSense_Filter.o
                0x10084400                CapSense_InitializeAllBaselines
 .text.CapSense_InitializeWidgetBaseline
                0x10084424       0x44 .\CortexM4\ARM_GCC_541\Debug\CapSense_Filter.o
                0x10084424                CapSense_InitializeWidgetBaseline
 .text.CapSense_InitializeSensorBaseline
                0x10084468       0x54 .\CortexM4\ARM_GCC_541\Debug\CapSense_Filter.o
                0x10084468                CapSense_InitializeSensorBaseline
 .text.CapSense_FtInitializeBaseline
                0x100844bc       0x2c .\CortexM4\ARM_GCC_541\Debug\CapSense_Filter.o
                0x100844bc                CapSense_FtInitializeBaseline
 .text.CapSense_FtInitializeBaselineChannel
                0x100844e8       0x4c .\CortexM4\ARM_GCC_541\Debug\CapSense_Filter.o
                0x100844e8                CapSense_FtInitializeBaselineChannel
 .text.CapSense_InitializeAllFilters
                0x10084534       0x24 .\CortexM4\ARM_GCC_541\Debug\CapSense_Filter.o
                0x10084534                CapSense_InitializeAllFilters
 .text.CapSense_InitializeWidgetFilter
                0x10084558       0xd8 .\CortexM4\ARM_GCC_541\Debug\CapSense_Filter.o
                0x10084558                CapSense_InitializeWidgetFilter
 .text.CapSense_InitializeMedianInternal
                0x10084630       0x68 .\CortexM4\ARM_GCC_541\Debug\CapSense_Filter.o
                0x10084630                CapSense_InitializeMedianInternal
 .text.CapSense_RunMedianInternal
                0x10084698       0xb0 .\CortexM4\ARM_GCC_541\Debug\CapSense_Filter.o
                0x10084698                CapSense_RunMedianInternal
 .text.CapSense_InitializeAverageInternal
                0x10084748       0x84 .\CortexM4\ARM_GCC_541\Debug\CapSense_Filter.o
                0x10084748                CapSense_InitializeAverageInternal
 .text.CapSense_RunAverageInternal
                0x100847cc       0xf0 .\CortexM4\ARM_GCC_541\Debug\CapSense_Filter.o
                0x100847cc                CapSense_RunAverageInternal
 .text.CapSense_FtRunEnabledFiltersInternal
                0x100848bc       0x28 .\CortexM4\ARM_GCC_541\Debug\CapSense_Filter.o
                0x100848bc                CapSense_FtRunEnabledFiltersInternal
 .text.CapSense_FtMedian
                0x100848e4       0x44 .\CortexM4\ARM_GCC_541\Debug\CapSense_Filter.o
                0x100848e4                CapSense_FtMedian
 .text.CapSense_FtIIR1stOrder
                0x10084928       0x3c .\CortexM4\ARM_GCC_541\Debug\CapSense_Filter.o
                0x10084928                CapSense_FtIIR1stOrder
 .text.__NVIC_EnableIRQ
                0x10084964       0x3c .\CortexM4\ARM_GCC_541\Debug\CapSense_Sensing.o
 .text.__NVIC_DisableIRQ
                0x100849a0       0x44 .\CortexM4\ARM_GCC_541\Debug\CapSense_Sensing.o
 .text.Cy_GPIO_SetHSIOM
                0x100849e4       0xb8 .\CortexM4\ARM_GCC_541\Debug\CapSense_Sensing.o
 .text.Cy_GPIO_Clr
                0x10084a9c       0x30 .\CortexM4\ARM_GCC_541\Debug\CapSense_Sensing.o
 .text.Cy_GPIO_SetDrivemode
                0x10084acc       0x68 .\CortexM4\ARM_GCC_541\Debug\CapSense_Sensing.o
 .text.CapSense_IsBusy
                0x10084b34       0x1c .\CortexM4\ARM_GCC_541\Debug\CapSense_Sensing.o
                0x10084b34                CapSense_IsBusy
 .text.CapSense_SetupWidget
                0x10084b50       0xa4 .\CortexM4\ARM_GCC_541\Debug\CapSense_Sensing.o
                0x10084b50                CapSense_SetupWidget
 .text.CapSense_Scan
                0x10084bf4       0x50 .\CortexM4\ARM_GCC_541\Debug\CapSense_Sensing.o
                0x10084bf4                CapSense_Scan
 .text.CapSense_ScanAllWidgets
                0x10084c44       0x6c .\CortexM4\ARM_GCC_541\Debug\CapSense_Sensing.o
                0x10084c44                CapSense_ScanAllWidgets
 .text.CapSense_SsInitialize
                0x10084cb0       0x24 .\CortexM4\ARM_GCC_541\Debug\CapSense_Sensing.o
                0x10084cb0                CapSense_SsInitialize
 .text.CapSense_SsCSDDisableMode
                0x10084cd4       0x3c .\CortexM4\ARM_GCC_541\Debug\CapSense_Sensing.o
 .text.CapSense_SsDisableCSXMode
                0x10084d10        0xc .\CortexM4\ARM_GCC_541\Debug\CapSense_Sensing.o
 .text.CapSense_SsSwitchSensingMode
                0x10084d1c       0x6c .\CortexM4\ARM_GCC_541\Debug\CapSense_Sensing.o
                0x10084d1c                CapSense_SsSwitchSensingMode
 .text.CapSense_SsSetIOsInDefaultState
                0x10084d88       0x44 .\CortexM4\ARM_GCC_541\Debug\CapSense_Sensing.o
                0x10084d88                CapSense_SsSetIOsInDefaultState
 .text.CapSense_SsPostAllWidgetsScan
                0x10084dcc       0xb4 .\CortexM4\ARM_GCC_541\Debug\CapSense_Sensing.o
                0x10084dcc                CapSense_SsPostAllWidgetsScan
 .text.CapSense_SsIsrInitialize
                0x10084e80       0x34 .\CortexM4\ARM_GCC_541\Debug\CapSense_Sensing.o
                0x10084e80                CapSense_SsIsrInitialize
 .text.CapSense_CalibrateWidget
                0x10084eb4       0x6c .\CortexM4\ARM_GCC_541\Debug\CapSense_Sensing.o
                0x10084eb4                CapSense_CalibrateWidget
 .text.CapSense_CalibrateAllWidgets
                0x10084f20       0x34 .\CortexM4\ARM_GCC_541\Debug\CapSense_Sensing.o
                0x10084f20                CapSense_CalibrateAllWidgets
 .text.CapSense_SsAutoTune
                0x10084f54      0x224 .\CortexM4\ARM_GCC_541\Debug\CapSense_Sensing.o
                0x10084f54                CapSense_SsAutoTune
 .text.CapSense_SsInitializeSourceSenseClk
                0x10085178       0x78 .\CortexM4\ARM_GCC_541\Debug\CapSense_Sensing.o
                0x10085178                CapSense_SsInitializeSourceSenseClk
 .text.CapSense_SsSetWidgetSenseClkSrc
                0x100851f0       0x84 .\CortexM4\ARM_GCC_541\Debug\CapSense_Sensing.o
 .text.CapSense_SsSetWidgetTxClkSrc
                0x10085274       0x4c .\CortexM4\ARM_GCC_541\Debug\CapSense_Sensing.o
 .text.CapSense_SsCalcLfsrSize
                0x100852c0       0xec .\CortexM4\ARM_GCC_541\Debug\CapSense_Sensing.o
 .text.CapSense_SsCalcLfsrScale
                0x100853ac       0xa0 .\CortexM4\ARM_GCC_541\Debug\CapSense_Sensing.o
 .text.CapSense_SsClearCSDSensors
                0x1008544c       0x84 .\CortexM4\ARM_GCC_541\Debug\CapSense_Sensing.o
                0x1008544c                CapSense_SsClearCSDSensors
 .text.CapSense_SsCSDGetColSnsClkDivider
                0x100854d0       0x34 .\CortexM4\ARM_GCC_541\Debug\CapSense_Sensing.o
                0x100854d0                CapSense_SsCSDGetColSnsClkDivider
 .text.CapSense_SsCSDSetColSnsClkDivider
                0x10085504       0x38 .\CortexM4\ARM_GCC_541\Debug\CapSense_Sensing.o
                0x10085504                CapSense_SsCSDSetColSnsClkDivider
 .text.CapSense_SsCSDCalcPrsSize
                0x1008553c       0x58 .\CortexM4\ARM_GCC_541\Debug\CapSense_Sensing.o
                0x1008553c                CapSense_SsCSDCalcPrsSize
 .text.CapSense_BistDischargeExtCapacitors
                0x10085594       0x84 .\CortexM4\ARM_GCC_541\Debug\CapSense_Sensing.o
                0x10085594                CapSense_BistDischargeExtCapacitors
 .text.CapSense_CSDPostSingleScan
                0x10085618       0x3c .\CortexM4\ARM_GCC_541\Debug\CapSense_INT.o
                0x10085618                CapSense_CSDPostSingleScan
 .text.CapSense_CSDPostMultiScan
                0x10085654       0x5c .\CortexM4\ARM_GCC_541\Debug\CapSense_INT.o
                0x10085654                CapSense_CSDPostMultiScan
 .text.CapSense_SsCSDPostScan
                0x100856b0       0x84 .\CortexM4\ARM_GCC_541\Debug\CapSense_INT.o
 .text.CapSense_SsCSDInitNextScan
                0x10085734       0xfc .\CortexM4\ARM_GCC_541\Debug\CapSense_INT.o
 .text.__NVIC_EnableIRQ
                0x10085830       0x3c .\CortexM4\ARM_GCC_541\Debug\CapSense_SensingCSD_LL.o
 .text.__NVIC_DisableIRQ
                0x1008586c       0x44 .\CortexM4\ARM_GCC_541\Debug\CapSense_SensingCSD_LL.o
 .text.Cy_GPIO_SetHSIOM
                0x100858b0       0xb8 .\CortexM4\ARM_GCC_541\Debug\CapSense_SensingCSD_LL.o
 .text.Cy_GPIO_Clr
                0x10085968       0x30 .\CortexM4\ARM_GCC_541\Debug\CapSense_SensingCSD_LL.o
 .text.Cy_GPIO_SetDrivemode
                0x10085998       0x68 .\CortexM4\ARM_GCC_541\Debug\CapSense_SensingCSD_LL.o
 .text.Cy_SysClk_PeriphSetDivider
                0x10085a00       0xac .\CortexM4\ARM_GCC_541\Debug\CapSense_SensingCSD_LL.o
 .text.CapSense_ModClk_SetDivider
                0x10085aac       0x1c .\CortexM4\ARM_GCC_541\Debug\CapSense_SensingCSD_LL.o
 .text.CapSense_SsCSDSetModeSnsClockDivider
                0x10085ac8       0x28 .\CortexM4\ARM_GCC_541\Debug\CapSense_SensingCSD_LL.o
 .text.CapSense_SsCSDSetFilterDelay
                0x10085af0       0x78 .\CortexM4\ARM_GCC_541\Debug\CapSense_SensingCSD_LL.o
 .text.CapSense_SsCSDConfigIDACs
                0x10085b68       0x28 .\CortexM4\ARM_GCC_541\Debug\CapSense_SensingCSD_LL.o
 .text.CapSense_SsCSDInitialize
                0x10085b90      0x170 .\CortexM4\ARM_GCC_541\Debug\CapSense_SensingCSD_LL.o
                0x10085b90                CapSense_SsCSDInitialize
 .text.CapSense_SsCSDElectrodeCheck
                0x10085d00       0x28 .\CortexM4\ARM_GCC_541\Debug\CapSense_SensingCSD_LL.o
                0x10085d00                CapSense_SsCSDElectrodeCheck
 .text.CapSense_SsCSDSetUpIdacs
                0x10085d28       0x88 .\CortexM4\ARM_GCC_541\Debug\CapSense_SensingCSD_LL.o
                0x10085d28                CapSense_SsCSDSetUpIdacs
 .text.CapSense_SsCSDGetNumberOfConversions
                0x10085db0       0x6c .\CortexM4\ARM_GCC_541\Debug\CapSense_SensingCSD_LL.o
                0x10085db0                CapSense_SsCSDGetNumberOfConversions
 .text.CapSense_SsCSDConfigClock
                0x10085e1c       0x80 .\CortexM4\ARM_GCC_541\Debug\CapSense_SensingCSD_LL.o
                0x10085e1c                CapSense_SsCSDConfigClock
 .text.CapSense_SsCSDCalculateScanDuration
                0x10085e9c       0x38 .\CortexM4\ARM_GCC_541\Debug\CapSense_SensingCSD_LL.o
                0x10085e9c                CapSense_SsCSDCalculateScanDuration
 .text.CapSense_CSDSetupWidget
                0x10085ed4       0x88 .\CortexM4\ARM_GCC_541\Debug\CapSense_SensingCSD_LL.o
                0x10085ed4                CapSense_CSDSetupWidget
 .text.CapSense_CSDSetupWidgetExt
                0x10085f5c       0xa4 .\CortexM4\ARM_GCC_541\Debug\CapSense_SensingCSD_LL.o
                0x10085f5c                CapSense_CSDSetupWidgetExt
 .text.CapSense_SsCSDStartSample
                0x10086000       0x2c .\CortexM4\ARM_GCC_541\Debug\CapSense_SensingCSD_LL.o
                0x10086000                CapSense_SsCSDStartSample
 .text.CapSense_CSDScanExt
                0x1008602c       0x20 .\CortexM4\ARM_GCC_541\Debug\CapSense_SensingCSD_LL.o
                0x1008602c                CapSense_CSDScanExt
 .text.CapSense_CSDScan
                0x1008604c       0xb4 .\CortexM4\ARM_GCC_541\Debug\CapSense_SensingCSD_LL.o
                0x1008604c                CapSense_CSDScan
 .text.CapSense_SsCSDConnectSensorExt
                0x10086100       0x40 .\CortexM4\ARM_GCC_541\Debug\CapSense_SensingCSD_LL.o
                0x10086100                CapSense_SsCSDConnectSensorExt
 .text.CapSense_CSDConnectSns
                0x10086140       0x3c .\CortexM4\ARM_GCC_541\Debug\CapSense_SensingCSD_LL.o
                0x10086140                CapSense_CSDConnectSns
 .text.CapSense_CSDDisconnectSns
                0x1008617c       0x4c .\CortexM4\ARM_GCC_541\Debug\CapSense_SensingCSD_LL.o
                0x1008617c                CapSense_CSDDisconnectSns
 .text.CapSense_SsCSDSetSingleIdacMode
                0x100861c8       0x50 .\CortexM4\ARM_GCC_541\Debug\CapSense_SensingCSD_LL.o
 .text.CapSense_SsCSDRestoreIdacMode
                0x10086218       0x48 .\CortexM4\ARM_GCC_541\Debug\CapSense_SensingCSD_LL.o
 .text.CapSense_SsCSDCalibrateCheck
                0x10086260       0x88 .\CortexM4\ARM_GCC_541\Debug\CapSense_SensingCSD_LL.o
 .text.CapSense_SsCSDCalibrateOneSensor
                0x100862e8      0x160 .\CortexM4\ARM_GCC_541\Debug\CapSense_SensingCSD_LL.o
 .text.CapSense_CSDCalibrateWidget
                0x10086448      0x190 .\CortexM4\ARM_GCC_541\Debug\CapSense_SensingCSD_LL.o
                0x10086448                CapSense_CSDCalibrateWidget
 .text.CapSense_SsCSDCmodPrecharge
                0x100865d8       0xa0 .\CortexM4\ARM_GCC_541\Debug\CapSense_SensingCSD_LL.o
 .text.CapSense_SsCSDTriggerScan
                0x10086678       0xc0 .\CortexM4\ARM_GCC_541\Debug\CapSense_SensingCSD_LL.o
 .text.__NVIC_EnableIRQ
                0x10086738       0x3c .\CortexM4\ARM_GCC_541\Debug\CapSense_SensingCSX_LL.o
 .text.__NVIC_DisableIRQ
                0x10086774       0x44 .\CortexM4\ARM_GCC_541\Debug\CapSense_SensingCSX_LL.o
 .text.Cy_GPIO_SetHSIOM
                0x100867b8       0xb8 .\CortexM4\ARM_GCC_541\Debug\CapSense_SensingCSX_LL.o
 .text.Cy_GPIO_Clr
                0x10086870       0x30 .\CortexM4\ARM_GCC_541\Debug\CapSense_SensingCSX_LL.o
 .text.Cy_GPIO_SetDrivemode
                0x100868a0       0x68 .\CortexM4\ARM_GCC_541\Debug\CapSense_SensingCSX_LL.o
 .text.Cy_SysClk_PeriphSetDivider
                0x10086908       0xac .\CortexM4\ARM_GCC_541\Debug\CapSense_SensingCSX_LL.o
 .text.CapSense_ModClk_SetDivider
                0x100869b4       0x1c .\CortexM4\ARM_GCC_541\Debug\CapSense_SensingCSX_LL.o
 .text.CapSense_CSXInitialize
                0x100869d0      0x1d4 .\CortexM4\ARM_GCC_541\Debug\CapSense_SensingCSX_LL.o
                0x100869d0                CapSense_CSXInitialize
 .text.CapSense_CSXElectrodeCheck
                0x10086ba4       0x38 .\CortexM4\ARM_GCC_541\Debug\CapSense_SensingCSX_LL.o
                0x10086ba4                CapSense_CSXElectrodeCheck
 .text.CapSense_CSXSetupWidget
                0x10086bdc       0xa4 .\CortexM4\ARM_GCC_541\Debug\CapSense_SensingCSX_LL.o
                0x10086bdc                CapSense_CSXSetupWidget
 .text.CapSense_CSXScan
                0x10086c80       0xa8 .\CortexM4\ARM_GCC_541\Debug\CapSense_SensingCSX_LL.o
                0x10086c80                CapSense_CSXScan
 .text.CapSense_SsCSXPostMultiScan
                0x10086d28      0x14c .\CortexM4\ARM_GCC_541\Debug\CapSense_SensingCSX_LL.o
 .text.CapSense_CSXCalibrateWidget
                0x10086e74      0x184 .\CortexM4\ARM_GCC_541\Debug\CapSense_SensingCSX_LL.o
                0x10086e74                CapSense_CSXCalibrateWidget
 .text.CapSense_SsCSXStartSample
                0x10086ff8       0x4c .\CortexM4\ARM_GCC_541\Debug\CapSense_SensingCSX_LL.o
 .text.CapSense_CSXConnectTx
                0x10087044       0x3c .\CortexM4\ARM_GCC_541\Debug\CapSense_SensingCSX_LL.o
                0x10087044                CapSense_CSXConnectTx
 .text.CapSense_CSXConnectRx
                0x10087080       0x3c .\CortexM4\ARM_GCC_541\Debug\CapSense_SensingCSX_LL.o
                0x10087080                CapSense_CSXConnectRx
 .text.CapSense_CSXDisconnectTx
                0x100870bc       0x2c .\CortexM4\ARM_GCC_541\Debug\CapSense_SensingCSX_LL.o
                0x100870bc                CapSense_CSXDisconnectTx
 .text.CapSense_CSXDisconnectRx
                0x100870e8       0x4c .\CortexM4\ARM_GCC_541\Debug\CapSense_SensingCSX_LL.o
                0x100870e8                CapSense_CSXDisconnectRx
 .text.CapSense_SsCSXGetTxClkDivider
                0x10087134       0x34 .\CortexM4\ARM_GCC_541\Debug\CapSense_SensingCSX_LL.o
                0x10087134                CapSense_SsCSXGetTxClkDivider
 .text.CapSense_SsCalcCsxScanPeriod
                0x10087168       0x30 .\CortexM4\ARM_GCC_541\Debug\CapSense_SensingCSX_LL.o
 .text.CapSense_CSXScanISR
                0x10087198       0xcc .\CortexM4\ARM_GCC_541\Debug\CapSense_SensingCSX_LL.o
                0x10087198                CapSense_CSXScanISR
 .text.CapSense_SsCSXStartSampleExt
                0x10087264      0x16c .\CortexM4\ARM_GCC_541\Debug\CapSense_SensingCSX_LL.o
 .text.CapSense_DpFindLocalMaxSd
                0x100873d0      0x1e0 .\CortexM4\ARM_GCC_541\Debug\CapSense_Centroid_LL.o
                0x100873d0                CapSense_DpFindLocalMaxSd
 .text.CapSense_DpCalcLinearCentroid
                0x100875b0      0x124 .\CortexM4\ARM_GCC_541\Debug\CapSense_Centroid_LL.o
                0x100875b0                CapSense_DpCalcLinearCentroid
 .text.CapSense_InitPosFiltersSd
                0x100876d4       0x24 .\CortexM4\ARM_GCC_541\Debug\CapSense_Centroid_LL.o
                0x100876d4                CapSense_InitPosFiltersSd
 .text.GraphicLCDIntf_Enable
                0x100876f8       0x10 .\CortexM4\ARM_GCC_541\Debug\GraphicLCDIntf.o
                0x100876f8                GraphicLCDIntf_Enable
 .text.GraphicLCDIntf_Init
                0x10087708       0x24 .\CortexM4\ARM_GCC_541\Debug\GraphicLCDIntf.o
                0x10087708                GraphicLCDIntf_Init
 .text.GraphicLCDIntf_Start
                0x1008772c       0x24 .\CortexM4\ARM_GCC_541\Debug\GraphicLCDIntf.o
                0x1008772c                GraphicLCDIntf_Start
 .text.GraphicLCDIntf_Write8
                0x10087750       0x44 .\CortexM4\ARM_GCC_541\Debug\GraphicLCDIntf.o
                0x10087750                GraphicLCDIntf_Write8
 .text.__NVIC_SetPriority
                0x10087794       0x54 .\CortexM4\ARM_GCC_541\Debug\cy_sysint.o
 .text.Cy_SysInt_Init
                0x100877e8       0x7c .\CortexM4\ARM_GCC_541\Debug\cy_sysint.o
                0x100877e8                Cy_SysInt_Init
 .text.Cy_SysInt_SetVector
                0x10087864       0x6c .\CortexM4\ARM_GCC_541\Debug\cy_sysint.o
                0x10087864                Cy_SysInt_SetVector
 .text.Cy_IPC_Drv_AcquireNotify
                0x100878d0       0x34 .\CortexM4\ARM_GCC_541\Debug\cy_ipc_drv.o
 .text.Cy_IPC_Drv_ReleaseNotify
                0x10087904       0x34 .\CortexM4\ARM_GCC_541\Debug\cy_ipc_drv.o
 .text.Cy_IPC_Drv_WriteDataValue
                0x10087938       0x1c .\CortexM4\ARM_GCC_541\Debug\cy_ipc_drv.o
 .text.Cy_IPC_Drv_ReadDataValue
                0x10087954       0x18 .\CortexM4\ARM_GCC_541\Debug\cy_ipc_drv.o
 .text.Cy_IPC_Drv_IsLockAcquired
                0x1008796c       0x20 .\CortexM4\ARM_GCC_541\Debug\cy_ipc_drv.o
 .text.Cy_IPC_Drv_LockAcquire
                0x1008798c       0x2c .\CortexM4\ARM_GCC_541\Debug\cy_ipc_drv.o
 .text.Cy_IPC_Drv_LockRelease
                0x100879b8       0x38 .\CortexM4\ARM_GCC_541\Debug\cy_ipc_drv.o
                0x100879b8                Cy_IPC_Drv_LockRelease
 .text.Cy_IPC_Drv_SendMsgWord
                0x100879f0       0x40 .\CortexM4\ARM_GCC_541\Debug\cy_ipc_drv.o
                0x100879f0                Cy_IPC_Drv_SendMsgWord
 .text.Cy_IPC_Drv_ReadMsgWord
                0x10087a30       0x4c .\CortexM4\ARM_GCC_541\Debug\cy_ipc_drv.o
                0x10087a30                Cy_IPC_Drv_ReadMsgWord
 .text.Cy_IPC_Drv_GetIpcBaseAddress
                0x10087a7c       0x30 .\CortexM4\ARM_GCC_541\Debug\cy_ipc_sema.o
 .text.Cy_IPC_Drv_ReadDataValue
                0x10087aac       0x18 .\CortexM4\ARM_GCC_541\Debug\cy_ipc_sema.o
 .text.Cy_IPC_Drv_SendMsgPtr
                0x10087ac4       0x38 .\CortexM4\ARM_GCC_541\Debug\cy_ipc_sema.o
 .text.Cy_IPC_Drv_LockAcquire
                0x10087afc       0x2c .\CortexM4\ARM_GCC_541\Debug\cy_ipc_sema.o
 .text.Cy_IPC_Sema_Init
                0x10087b28       0xe0 .\CortexM4\ARM_GCC_541\Debug\cy_ipc_sema.o
                0x10087b28                Cy_IPC_Sema_Init
 .text.Cy_IPC_Sema_Clear
                0x10087c08       0xe0 .\CortexM4\ARM_GCC_541\Debug\cy_ipc_sema.o
                0x10087c08                Cy_IPC_Sema_Clear
 .text.Cy_IPC_Sema_Status
                0x10087ce8       0x74 .\CortexM4\ARM_GCC_541\Debug\cy_ipc_sema.o
                0x10087ce8                Cy_IPC_Sema_Status
 .text.__NVIC_EnableIRQ
                0x10087d5c       0x3c .\CortexM4\ARM_GCC_541\Debug\cy_ipc_pipe.o
 .text.Cy_IPC_Drv_GetIpcBaseAddress
                0x10087d98       0x30 .\CortexM4\ARM_GCC_541\Debug\cy_ipc_pipe.o
 .text.Cy_IPC_Drv_GetIntrBaseAddr
                0x10087dc8       0x30 .\CortexM4\ARM_GCC_541\Debug\cy_ipc_pipe.o
 .text.Cy_IPC_Drv_SetInterruptMask
                0x10087df8       0x50 .\CortexM4\ARM_GCC_541\Debug\cy_ipc_pipe.o
 .text.Cy_IPC_Drv_GetInterruptStatusMasked
                0x10087e48       0x18 .\CortexM4\ARM_GCC_541\Debug\cy_ipc_pipe.o
 .text.Cy_IPC_Drv_GetInterruptStatus
                0x10087e60       0x18 .\CortexM4\ARM_GCC_541\Debug\cy_ipc_pipe.o
 .text.Cy_IPC_Drv_ClearInterrupt
                0x10087e78       0x54 .\CortexM4\ARM_GCC_541\Debug\cy_ipc_pipe.o
 .text.Cy_IPC_Drv_AcquireNotify
                0x10087ecc       0x34 .\CortexM4\ARM_GCC_541\Debug\cy_ipc_pipe.o
 .text.Cy_IPC_Drv_WriteDataValue
                0x10087f00       0x1c .\CortexM4\ARM_GCC_541\Debug\cy_ipc_pipe.o
 .text.Cy_IPC_Drv_IsLockAcquired
                0x10087f1c       0x20 .\CortexM4\ARM_GCC_541\Debug\cy_ipc_pipe.o
 .text.Cy_IPC_Drv_ExtractAcquireMask
                0x10087f3c       0x18 .\CortexM4\ARM_GCC_541\Debug\cy_ipc_pipe.o
 .text.Cy_IPC_Drv_ExtractReleaseMask
                0x10087f54       0x18 .\CortexM4\ARM_GCC_541\Debug\cy_ipc_pipe.o
 .text.Cy_IPC_Drv_ReadMsgPtr
                0x10087f6c       0x30 .\CortexM4\ARM_GCC_541\Debug\cy_ipc_pipe.o
 .text.Cy_IPC_Drv_LockAcquire
                0x10087f9c       0x2c .\CortexM4\ARM_GCC_541\Debug\cy_ipc_pipe.o
 .text.Cy_IPC_Pipe_Config
                0x10087fc8       0x28 .\CortexM4\ARM_GCC_541\Debug\cy_ipc_pipe.o
                0x10087fc8                Cy_IPC_Pipe_Config
 .text.Cy_IPC_Pipe_Init
                0x10087ff0       0xe8 .\CortexM4\ARM_GCC_541\Debug\cy_ipc_pipe.o
                0x10087ff0                Cy_IPC_Pipe_Init
 .text.Cy_IPC_Pipe_EndpointInit
                0x100880d8       0xac .\CortexM4\ARM_GCC_541\Debug\cy_ipc_pipe.o
                0x100880d8                Cy_IPC_Pipe_EndpointInit
 .text.Cy_IPC_Pipe_SendMessage
                0x10088184      0x104 .\CortexM4\ARM_GCC_541\Debug\cy_ipc_pipe.o
                0x10088184                Cy_IPC_Pipe_SendMessage
 .text.Cy_IPC_Pipe_RegisterCallback
                0x10088288       0x64 .\CortexM4\ARM_GCC_541\Debug\cy_ipc_pipe.o
                0x10088288                Cy_IPC_Pipe_RegisterCallback
 .text.Cy_IPC_Pipe_ExecCallback
                0x100882ec      0x150 .\CortexM4\ARM_GCC_541\Debug\cy_ipc_pipe.o
                0x100882ec                Cy_IPC_Pipe_ExecCallback
 .text.Cy_SMIF_SetInterruptMask
                0x1008843c       0x20 .\CortexM4\ARM_GCC_541\Debug\cy_smif.o
 .text.Cy_SMIF_GetInterruptMask
                0x1008845c       0x1c .\CortexM4\ARM_GCC_541\Debug\cy_smif.o
 .text.Cy_SMIF_GetCmdFifoStatus
                0x10088478       0x1c .\CortexM4\ARM_GCC_541\Debug\cy_smif.o
 .text.Cy_SMIF_GetRxFifoStatus
                0x10088494       0x20 .\CortexM4\ARM_GCC_541\Debug\cy_smif.o
 .text.Cy_SMIF_PopRxFifo
                0x100884b4      0x1e4 .\CortexM4\ARM_GCC_541\Debug\cy_smif.o
 .text.Cy_SMIF_UnPackByteArray
                0x10088698       0x4c .\CortexM4\ARM_GCC_541\Debug\cy_smif.o
 .text.Cy_SMIF_TimeoutRun
                0x100886e4       0x44 .\CortexM4\ARM_GCC_541\Debug\cy_smif.o
 .text.Cy_SMIF_GetDeviceBySlot
                0x10088728       0x78 .\CortexM4\ARM_GCC_541\Debug\cy_smif.o
 .text.Cy_SMIF_Init
                0x100887a0      0x100 .\CortexM4\ARM_GCC_541\Debug\cy_smif.o
                0x100887a0                Cy_SMIF_Init
 .text.Cy_SMIF_SetDataSelect
                0x100888a0       0x88 .\CortexM4\ARM_GCC_541\Debug\cy_smif.o
                0x100888a0                Cy_SMIF_SetDataSelect
 .text.Cy_SMIF_TransmitCommand
                0x10088928      0x154 .\CortexM4\ARM_GCC_541\Debug\cy_smif.o
                0x10088928                Cy_SMIF_TransmitCommand
 .text.Cy_SMIF_TransmitData
                0x10088a7c       0xb4 .\CortexM4\ARM_GCC_541\Debug\cy_smif.o
                0x10088a7c                Cy_SMIF_TransmitData
 .text.Cy_SMIF_ReceiveData
                0x10088b30       0xb8 .\CortexM4\ARM_GCC_541\Debug\cy_smif.o
                0x10088b30                Cy_SMIF_ReceiveData
 .text.Cy_SMIF_ReceiveDataBlocking
                0x10088be8       0xc8 .\CortexM4\ARM_GCC_541\Debug\cy_smif.o
                0x10088be8                Cy_SMIF_ReceiveDataBlocking
 .text.Cy_SMIF_SendDummyCycles
                0x10088cb0       0x48 .\CortexM4\ARM_GCC_541\Debug\cy_smif.o
                0x10088cb0                Cy_SMIF_SendDummyCycles
 .text.Cy_SMIF_Enable
                0x10088cf8       0x50 .\CortexM4\ARM_GCC_541\Debug\cy_smif.o
                0x10088cf8                Cy_SMIF_Enable
 .text.Cy_SMIF_Memslot_CmdWriteEnable
                0x10088d48       0x5c .\CortexM4\ARM_GCC_541\Debug\cy_smif_memslot.o
                0x10088d48                Cy_SMIF_Memslot_CmdWriteEnable
 .text.Cy_SMIF_Memslot_IsBusy
                0x10088da4       0x74 .\CortexM4\ARM_GCC_541\Debug\cy_smif_memslot.o
                0x10088da4                Cy_SMIF_Memslot_IsBusy
 .text.Cy_SMIF_Memslot_QuadEnable
                0x10088e18      0x188 .\CortexM4\ARM_GCC_541\Debug\cy_smif_memslot.o
                0x10088e18                Cy_SMIF_Memslot_QuadEnable
 .text.Cy_SMIF_Memslot_CmdReadSts
                0x10088fa0       0x54 .\CortexM4\ARM_GCC_541\Debug\cy_smif_memslot.o
                0x10088fa0                Cy_SMIF_Memslot_CmdReadSts
 .text.Cy_SMIF_Memslot_CmdWriteSts
                0x10088ff4       0x64 .\CortexM4\ARM_GCC_541\Debug\cy_smif_memslot.o
                0x10088ff4                Cy_SMIF_Memslot_CmdWriteSts
 .text.Cy_SMIF_Memslot_CmdSectorErase
                0x10089058       0x78 .\CortexM4\ARM_GCC_541\Debug\cy_smif_memslot.o
                0x10089058                Cy_SMIF_Memslot_CmdSectorErase
 .text.Cy_SMIF_Memslot_CmdProgram
                0x100890d0       0xd4 .\CortexM4\ARM_GCC_541\Debug\cy_smif_memslot.o
                0x100890d0                Cy_SMIF_Memslot_CmdProgram
 .text.Cy_SMIF_Memslot_CmdRead
                0x100891a4       0xec .\CortexM4\ARM_GCC_541\Debug\cy_smif_memslot.o
                0x100891a4                Cy_SMIF_Memslot_CmdRead
 .text.Cy_DMA_Descriptor_Init
                0x10089290      0x378 .\CortexM4\ARM_GCC_541\Debug\cy_dma.o
                0x10089290                Cy_DMA_Descriptor_Init
 .text.Cy_DMA_Channel_Init
                0x10089608       0xc8 .\CortexM4\ARM_GCC_541\Debug\cy_dma.o
                0x10089608                Cy_DMA_Channel_Init
 .text.Cy_SCB_ReadRxFifo
                0x100896d0       0x1c .\CortexM4\ARM_GCC_541\Debug\cy_scb_common.o
 .text.Cy_SCB_GetNumInRxFifo
                0x100896ec       0x20 .\CortexM4\ARM_GCC_541\Debug\cy_scb_common.o
 .text.Cy_SCB_WriteTxFifo
                0x1008970c       0x20 .\CortexM4\ARM_GCC_541\Debug\cy_scb_common.o
 .text.Cy_SCB_GetNumInTxFifo
                0x1008972c       0x20 .\CortexM4\ARM_GCC_541\Debug\cy_scb_common.o
 .text.Cy_SCB_GetFifoSize
                0x1008974c       0x28 .\CortexM4\ARM_GCC_541\Debug\cy_scb_common.o
 .text.Cy_SCB_IsRxDataWidthByte
                0x10089774       0x28 .\CortexM4\ARM_GCC_541\Debug\cy_scb_common.o
 .text.Cy_SCB_IsTxDataWidthByte
                0x1008979c       0x28 .\CortexM4\ARM_GCC_541\Debug\cy_scb_common.o
 .text.Cy_SCB_ReadArrayNoCheck
                0x100897c4       0x78 .\CortexM4\ARM_GCC_541\Debug\cy_scb_common.o
                0x100897c4                Cy_SCB_ReadArrayNoCheck
 .text.Cy_SCB_ReadArray
                0x1008983c       0x34 .\CortexM4\ARM_GCC_541\Debug\cy_scb_common.o
                0x1008983c                Cy_SCB_ReadArray
 .text.Cy_SCB_WriteArrayNoCheck
                0x10089870       0x74 .\CortexM4\ARM_GCC_541\Debug\cy_scb_common.o
                0x10089870                Cy_SCB_WriteArrayNoCheck
 .text.Cy_SCB_WriteArray
                0x100898e4       0x40 .\CortexM4\ARM_GCC_541\Debug\cy_scb_common.o
                0x100898e4                Cy_SCB_WriteArray
 .text.Cy_SCB_WriteDefaultArrayNoCheck
                0x10089924       0x2c .\CortexM4\ARM_GCC_541\Debug\cy_scb_common.o
                0x10089924                Cy_SCB_WriteDefaultArrayNoCheck
 .text.Cy_SCB_WriteDefaultArray
                0x10089950       0x40 .\CortexM4\ARM_GCC_541\Debug\cy_scb_common.o
                0x10089950                Cy_SCB_WriteDefaultArray
 .text.Cy_SCB_ReadRxFifo
                0x10089990       0x1c .\CortexM4\ARM_GCC_541\Debug\cy_scb_i2c.o
 .text.Cy_SCB_SetRxFifoLevel
                0x100899ac       0x44 .\CortexM4\ARM_GCC_541\Debug\cy_scb_i2c.o
 .text.Cy_SCB_GetNumInRxFifo
                0x100899f0       0x20 .\CortexM4\ARM_GCC_541\Debug\cy_scb_i2c.o
 .text.Cy_SCB_ClearRxFifo
                0x10089a10       0x3c .\CortexM4\ARM_GCC_541\Debug\cy_scb_i2c.o
 .text.Cy_SCB_WriteTxFifo
                0x10089a4c       0x20 .\CortexM4\ARM_GCC_541\Debug\cy_scb_i2c.o
 .text.Cy_SCB_SetTxFifoLevel
                0x10089a6c       0x44 .\CortexM4\ARM_GCC_541\Debug\cy_scb_i2c.o
 .text.Cy_SCB_GetNumInTxFifo
                0x10089ab0       0x20 .\CortexM4\ARM_GCC_541\Debug\cy_scb_i2c.o
 .text.Cy_SCB_GetTxSrValid
                0x10089ad0       0x20 .\CortexM4\ARM_GCC_541\Debug\cy_scb_i2c.o
 .text.Cy_SCB_ClearTxFifo
                0x10089af0       0x3c .\CortexM4\ARM_GCC_541\Debug\cy_scb_i2c.o
 .text.Cy_SCB_GetInterruptCause
                0x10089b2c       0x1c .\CortexM4\ARM_GCC_541\Debug\cy_scb_i2c.o
 .text.Cy_SCB_SetRxInterruptMask
                0x10089b48       0x38 .\CortexM4\ARM_GCC_541\Debug\cy_scb_i2c.o
 .text.Cy_SCB_GetRxInterruptStatusMasked
                0x10089b80       0x1c .\CortexM4\ARM_GCC_541\Debug\cy_scb_i2c.o
 .text.Cy_SCB_ClearRxInterrupt
                0x10089b9c       0x3c .\CortexM4\ARM_GCC_541\Debug\cy_scb_i2c.o
 .text.Cy_SCB_SetRxInterrupt
                0x10089bd8       0x38 .\CortexM4\ARM_GCC_541\Debug\cy_scb_i2c.o
 .text.Cy_SCB_SetTxInterruptMask
                0x10089c10       0x38 .\CortexM4\ARM_GCC_541\Debug\cy_scb_i2c.o
 .text.Cy_SCB_GetTxInterruptStatusMasked
                0x10089c48       0x1c .\CortexM4\ARM_GCC_541\Debug\cy_scb_i2c.o
 .text.Cy_SCB_ClearTxInterrupt
                0x10089c64       0x3c .\CortexM4\ARM_GCC_541\Debug\cy_scb_i2c.o
 .text.Cy_SCB_GetMasterInterruptStatus
                0x10089ca0       0x20 .\CortexM4\ARM_GCC_541\Debug\cy_scb_i2c.o
 .text.Cy_SCB_SetMasterInterruptMask
                0x10089cc0       0x38 .\CortexM4\ARM_GCC_541\Debug\cy_scb_i2c.o
 .text.Cy_SCB_GetMasterInterruptStatusMasked
                0x10089cf8       0x1c .\CortexM4\ARM_GCC_541\Debug\cy_scb_i2c.o
 .text.Cy_SCB_ClearMasterInterrupt
                0x10089d14       0x3c .\CortexM4\ARM_GCC_541\Debug\cy_scb_i2c.o
 .text.Cy_SCB_SetSlaveInterruptMask
                0x10089d50       0x38 .\CortexM4\ARM_GCC_541\Debug\cy_scb_i2c.o
 .text.Cy_SCB_GetSlaveInterruptStatusMasked
                0x10089d88       0x1c .\CortexM4\ARM_GCC_541\Debug\cy_scb_i2c.o
 .text.Cy_SCB_ClearSlaveInterrupt
                0x10089da4       0x3c .\CortexM4\ARM_GCC_541\Debug\cy_scb_i2c.o
 .text.Cy_SCB_GetI2CInterruptStatusMasked
                0x10089de0       0x1c .\CortexM4\ARM_GCC_541\Debug\cy_scb_i2c.o
 .text.Cy_SCB_ClearI2CInterrupt
                0x10089dfc       0x38 .\CortexM4\ARM_GCC_541\Debug\cy_scb_i2c.o
 .text.Cy_SCB_GetFifoSize
                0x10089e34       0x28 .\CortexM4\ARM_GCC_541\Debug\cy_scb_i2c.o
 .text.Cy_SCB_FwBlockReset
                0x10089e5c       0x3c .\CortexM4\ARM_GCC_541\Debug\cy_scb_i2c.o
 .text.Cy_SCB_GetRxFifoLevel
                0x10089e98       0x1c .\CortexM4\ARM_GCC_541\Debug\cy_scb_i2c.o
 .text.Cy_SCB_I2C_MasterSetLowPhaseDutyCycle
                0x10089eb4       0x44 .\CortexM4\ARM_GCC_541\Debug\cy_scb_i2c.o
 .text.Cy_SCB_I2C_MasterSetHighPhaseDutyCycle
                0x10089ef8       0x44 .\CortexM4\ARM_GCC_541\Debug\cy_scb_i2c.o
 .text.Cy_SCB_I2C_Init
                0x10089f3c      0x208 .\CortexM4\ARM_GCC_541\Debug\cy_scb_i2c.o
                0x10089f3c                Cy_SCB_I2C_Init
 .text.Cy_SCB_I2C_SetDataRate
                0x1008a144      0x1fc .\CortexM4\ARM_GCC_541\Debug\cy_scb_i2c.o
                0x1008a144                Cy_SCB_I2C_SetDataRate
 .text.Cy_SCB_I2C_GetDataRate
                0x1008a340       0xd0 .\CortexM4\ARM_GCC_541\Debug\cy_scb_i2c.o
                0x1008a340                Cy_SCB_I2C_GetDataRate
 .text.Cy_SCB_I2C_MasterGetStatus
                0x1008a410       0x1c .\CortexM4\ARM_GCC_541\Debug\cy_scb_i2c.o
                0x1008a410                Cy_SCB_I2C_MasterGetStatus
 .text.Cy_SCB_I2C_MasterWrite
                0x1008a42c      0x170 .\CortexM4\ARM_GCC_541\Debug\cy_scb_i2c.o
                0x1008a42c                Cy_SCB_I2C_MasterWrite
 .text.Cy_SCB_I2C_Interrupt
                0x1008a59c       0x30 .\CortexM4\ARM_GCC_541\Debug\cy_scb_i2c.o
                0x1008a59c                Cy_SCB_I2C_Interrupt
 .text.Cy_SCB_I2C_SlaveInterrupt
                0x1008a5cc      0x128 .\CortexM4\ARM_GCC_541\Debug\cy_scb_i2c.o
                0x1008a5cc                Cy_SCB_I2C_SlaveInterrupt
 .text.SlaveHandleAddress
                0x1008a6f4      0x1bc .\CortexM4\ARM_GCC_541\Debug\cy_scb_i2c.o
 .text.SlaveHandleDataReceive
                0x1008a8b0      0x104 .\CortexM4\ARM_GCC_541\Debug\cy_scb_i2c.o
 .text.SlaveHandleDataTransmit
                0x1008a9b4      0x16c .\CortexM4\ARM_GCC_541\Debug\cy_scb_i2c.o
 .text.SlaveHandleStop
                0x1008ab20      0x128 .\CortexM4\ARM_GCC_541\Debug\cy_scb_i2c.o
 .text.Cy_SCB_I2C_MasterInterrupt
                0x1008ac48       0xb8 .\CortexM4\ARM_GCC_541\Debug\cy_scb_i2c.o
                0x1008ac48                Cy_SCB_I2C_MasterInterrupt
 .text.MasterHandleEvents
                0x1008ad00       0xb0 .\CortexM4\ARM_GCC_541\Debug\cy_scb_i2c.o
 .text.MasterHandleDataReceive
                0x1008adb0      0x114 .\CortexM4\ARM_GCC_541\Debug\cy_scb_i2c.o
 .text.MasterHandleDataTransmit
                0x1008aec4      0x120 .\CortexM4\ARM_GCC_541\Debug\cy_scb_i2c.o
 .text.MasterHandleStop
                0x1008afe4       0x50 .\CortexM4\ARM_GCC_541\Debug\cy_scb_i2c.o
 .text.MasterHandleComplete
                0x1008b034      0x148 .\CortexM4\ARM_GCC_541\Debug\cy_scb_i2c.o
 .text.__NVIC_EnableIRQ
                0x1008b17c       0x3c .\CortexM4\ARM_GCC_541\Debug\cy_flash.o
 .text.Cy_SysClk_ClkPeriGetDivider
                0x1008b1b8       0x20 .\CortexM4\ARM_GCC_541\Debug\cy_flash.o
 .text.Cy_SysClk_ClkSlowGetDivider
                0x1008b1d8       0x20 .\CortexM4\ARM_GCC_541\Debug\cy_flash.o
 .text.Cy_IPC_Drv_GetIpcBaseAddress
                0x1008b1f8       0x30 .\CortexM4\ARM_GCC_541\Debug\cy_flash.o
 .text.Cy_IPC_Drv_ReadDataValue
                0x1008b228       0x18 .\CortexM4\ARM_GCC_541\Debug\cy_flash.o
 .text.Cy_IPC_Drv_IsLockAcquired
                0x1008b240       0x20 .\CortexM4\ARM_GCC_541\Debug\cy_flash.o
 .text.Cy_IPC_Drv_SendMsgPtr
                0x1008b260       0x38 .\CortexM4\ARM_GCC_541\Debug\cy_flash.o
 .text.Cy_Flash_Init
                0x1008b298       0x3c .\CortexM4\ARM_GCC_541\Debug\cy_flash.o
                0x1008b298                Cy_Flash_Init
 .text.Cy_Flash_ProcessOpcode
                0x1008b2d4       0xf8 .\CortexM4\ARM_GCC_541\Debug\cy_flash.o
 .text.Cy_Flash_OperationStatus
                0x1008b3cc       0x64 .\CortexM4\ARM_GCC_541\Debug\cy_flash.o
 .text.Cy_GPIO_SetHSIOM
                0x1008b430       0xb8 .\CortexM4\ARM_GCC_541\Debug\cy_gpio.o
 .text.Cy_GPIO_Pin_FastInit
                0x1008b4e8       0xb8 .\CortexM4\ARM_GCC_541\Debug\cy_gpio.o
                0x1008b4e8                Cy_GPIO_Pin_FastInit
 .text.Cy_SysLib_Delay
                0x1008b5a0       0x44 .\CortexM4\ARM_GCC_541\Debug\cy_syslib.o
                0x1008b5a0                Cy_SysLib_Delay
 .text.Cy_SysLib_DelayUs
                0x1008b5e4       0x28 .\CortexM4\ARM_GCC_541\Debug\cy_syslib.o
                0x1008b5e4                Cy_SysLib_DelayUs
 .text.Cy_SysLib_Halt
                0x1008b60c        0xc .\CortexM4\ARM_GCC_541\Debug\cy_syslib.o
                0x1008b60c                Cy_SysLib_Halt
 .text.Cy_SysLib_AssertFailed
                0x1008b618       0x28 .\CortexM4\ARM_GCC_541\Debug\cy_syslib.o
                0x1008b618                Cy_SysLib_AssertFailed
 .text.Cy_SysLib_FaultHandler
                0x1008b640      0x11c .\CortexM4\ARM_GCC_541\Debug\cy_syslib.o
                0x1008b640                Cy_SysLib_FaultHandler
 .text.Cy_SysLib_ProcessingFault
                0x1008b75c        0x8 .\CortexM4\ARM_GCC_541\Debug\cy_syslib.o
                0x1008b75c                Cy_SysLib_ProcessingFault
 *fill*         0x1008b764        0x4 
 .text          0x1008b768       0x20 .\CortexM4\ARM_GCC_541\Debug\cy_syslib_gcc.o
                0x1008b768                Cy_SysLib_DelayCycles
                0x1008b77a                Cy_SysLib_EnterCriticalSection
                0x1008b782                Cy_SysLib_ExitCriticalSection
 .text.Cy_I2S_Init
                0x1008b788      0x504 .\CortexM4\ARM_GCC_541\Debug\cy_i2s.o
                0x1008b788                Cy_I2S_Init
 .text.Cy_PDM_PCM_SetInterruptMask
                0x1008bc8c       0x34 .\CortexM4\ARM_GCC_541\Debug\cy_pdm_pcm.o
 .text.Cy_PDM_PCM_Init
                0x1008bcc0      0x3b8 .\CortexM4\ARM_GCC_541\Debug\cy_pdm_pcm.o
                0x1008bcc0                Cy_PDM_PCM_Init
 .text.xEventGroupCreate
                0x1008c078       0x30 .\CortexM4\ARM_GCC_541\Debug\event_groups.o
                0x1008c078                xEventGroupCreate
 .text.xEventGroupWaitBits
                0x1008c0a8      0x150 .\CortexM4\ARM_GCC_541\Debug\event_groups.o
                0x1008c0a8                xEventGroupWaitBits
 .text.xEventGroupSetBits
                0x1008c1f8       0xf4 .\CortexM4\ARM_GCC_541\Debug\event_groups.o
                0x1008c1f8                xEventGroupSetBits
 .text.vEventGroupSetBitsCallback
                0x1008c2ec       0x1c .\CortexM4\ARM_GCC_541\Debug\event_groups.o
                0x1008c2ec                vEventGroupSetBitsCallback
 .text.prvTestWaitCondition
                0x1008c308       0x44 .\CortexM4\ARM_GCC_541\Debug\event_groups.o
 .text.vListInitialise
                0x1008c34c       0x40 .\CortexM4\ARM_GCC_541\Debug\list.o
                0x1008c34c                vListInitialise
 .text.vListInitialiseItem
                0x1008c38c       0x1c .\CortexM4\ARM_GCC_541\Debug\list.o
                0x1008c38c                vListInitialiseItem
 .text.vListInsertEnd
                0x1008c3a8       0x48 .\CortexM4\ARM_GCC_541\Debug\list.o
                0x1008c3a8                vListInsertEnd
 .text.vListInsert
                0x1008c3f0       0x74 .\CortexM4\ARM_GCC_541\Debug\list.o
                0x1008c3f0                vListInsert
 .text.uxListRemove
                0x1008c464       0x54 .\CortexM4\ARM_GCC_541\Debug\list.o
                0x1008c464                uxListRemove
 .text.xQueueGenericReset
                0x1008c4b8       0xc0 .\CortexM4\ARM_GCC_541\Debug\queue.o
                0x1008c4b8                xQueueGenericReset
 .text.xQueueGenericCreate
                0x1008c578       0x64 .\CortexM4\ARM_GCC_541\Debug\queue.o
                0x1008c578                xQueueGenericCreate
 .text.prvInitialiseNewQueue
                0x1008c5dc       0x40 .\CortexM4\ARM_GCC_541\Debug\queue.o
 .text.xQueueGenericSend
                0x1008c61c      0x1b4 .\CortexM4\ARM_GCC_541\Debug\queue.o
                0x1008c61c                xQueueGenericSend
 .text.xQueueGenericSendFromISR
                0x1008c7d0       0xf4 .\CortexM4\ARM_GCC_541\Debug\queue.o
                0x1008c7d0                xQueueGenericSendFromISR
 .text.xQueueGenericReceive
                0x1008c8c4      0x1c8 .\CortexM4\ARM_GCC_541\Debug\queue.o
                0x1008c8c4                xQueueGenericReceive
 .text.prvCopyDataToQueue
                0x1008ca8c       0xb8 .\CortexM4\ARM_GCC_541\Debug\queue.o
 .text.prvCopyDataFromQueue
                0x1008cb44       0x4c .\CortexM4\ARM_GCC_541\Debug\queue.o
 .text.prvUnlockQueue
                0x1008cb90       0xa4 .\CortexM4\ARM_GCC_541\Debug\queue.o
 .text.prvIsQueueEmpty
                0x1008cc34       0x2c .\CortexM4\ARM_GCC_541\Debug\queue.o
 .text.prvIsQueueFull
                0x1008cc60       0x30 .\CortexM4\ARM_GCC_541\Debug\queue.o
 .text.vQueueAddToRegistry
                0x1008cc90       0x50 .\CortexM4\ARM_GCC_541\Debug\queue.o
                0x1008cc90                vQueueAddToRegistry
 .text.vQueueWaitForMessageRestricted
                0x1008cce0       0x68 .\CortexM4\ARM_GCC_541\Debug\queue.o
                0x1008cce0                vQueueWaitForMessageRestricted
 .text.xTaskCreate
                0x1008cd48       0x84 .\CortexM4\ARM_GCC_541\Debug\tasks.o
                0x1008cd48                xTaskCreate
 .text.prvInitialiseNewTask
                0x1008cdcc      0x110 .\CortexM4\ARM_GCC_541\Debug\tasks.o
 .text.prvAddNewTaskToReadyList
                0x1008cedc       0xd8 .\CortexM4\ARM_GCC_541\Debug\tasks.o
 .text.vTaskDelayUntil
                0x1008cfb4       0xc4 .\CortexM4\ARM_GCC_541\Debug\tasks.o
                0x1008cfb4                vTaskDelayUntil
 .text.vTaskDelay
                0x1008d078       0x58 .\CortexM4\ARM_GCC_541\Debug\tasks.o
                0x1008d078                vTaskDelay
 .text.vTaskStartScheduler
                0x1008d0d0       0x78 .\CortexM4\ARM_GCC_541\Debug\tasks.o
                0x1008d0d0                vTaskStartScheduler
 .text.vTaskSuspendAll
                0x1008d148       0x1c .\CortexM4\ARM_GCC_541\Debug\tasks.o
                0x1008d148                vTaskSuspendAll
 .text.xTaskResumeAll
                0x1008d164      0x128 .\CortexM4\ARM_GCC_541\Debug\tasks.o
                0x1008d164                xTaskResumeAll
 .text.xTaskGetTickCount
                0x1008d28c       0x20 .\CortexM4\ARM_GCC_541\Debug\tasks.o
                0x1008d28c                xTaskGetTickCount
 .text.xTaskIncrementTick
                0x1008d2ac      0x14c .\CortexM4\ARM_GCC_541\Debug\tasks.o
                0x1008d2ac                xTaskIncrementTick
 .text.vTaskSwitchContext
                0x1008d3f8       0xf4 .\CortexM4\ARM_GCC_541\Debug\tasks.o
                0x1008d3f8                vTaskSwitchContext
 .text.vTaskPlaceOnEventList
                0x1008d4ec       0x38 .\CortexM4\ARM_GCC_541\Debug\tasks.o
                0x1008d4ec                vTaskPlaceOnEventList
 .text.vTaskPlaceOnUnorderedEventList
                0x1008d524       0x54 .\CortexM4\ARM_GCC_541\Debug\tasks.o
                0x1008d524                vTaskPlaceOnUnorderedEventList
 .text.vTaskPlaceOnEventListRestricted
                0x1008d578       0x44 .\CortexM4\ARM_GCC_541\Debug\tasks.o
                0x1008d578                vTaskPlaceOnEventListRestricted
 .text.xTaskRemoveFromEventList
                0x1008d5bc       0xb4 .\CortexM4\ARM_GCC_541\Debug\tasks.o
                0x1008d5bc                xTaskRemoveFromEventList
 .text.xTaskRemoveFromUnorderedEventList
                0x1008d670       0xac .\CortexM4\ARM_GCC_541\Debug\tasks.o
                0x1008d670                xTaskRemoveFromUnorderedEventList
 .text.vTaskSetTimeOutState
                0x1008d71c       0x38 .\CortexM4\ARM_GCC_541\Debug\tasks.o
                0x1008d71c                vTaskSetTimeOutState
 .text.xTaskCheckForTimeOut
                0x1008d754       0x9c .\CortexM4\ARM_GCC_541\Debug\tasks.o
                0x1008d754                xTaskCheckForTimeOut
 .text.vTaskMissedYield
                0x1008d7f0       0x18 .\CortexM4\ARM_GCC_541\Debug\tasks.o
                0x1008d7f0                vTaskMissedYield
 .text.prvIdleTask
                0x1008d808       0x30 .\CortexM4\ARM_GCC_541\Debug\tasks.o
 .text.prvInitialiseTaskLists
                0x1008d838       0x80 .\CortexM4\ARM_GCC_541\Debug\tasks.o
 .text.prvCheckTasksWaitingTermination
                0x1008d8b8       0x78 .\CortexM4\ARM_GCC_541\Debug\tasks.o
 .text.prvDeleteTCB
                0x1008d930       0x20 .\CortexM4\ARM_GCC_541\Debug\tasks.o
 .text.prvResetNextTaskUnblockTime
                0x1008d950       0x4c .\CortexM4\ARM_GCC_541\Debug\tasks.o
 .text.xTaskGetSchedulerState
                0x1008d99c       0x3c .\CortexM4\ARM_GCC_541\Debug\tasks.o
                0x1008d99c                xTaskGetSchedulerState
 .text.uxTaskResetEventItemValue
                0x1008d9d8       0x30 .\CortexM4\ARM_GCC_541\Debug\tasks.o
                0x1008d9d8                uxTaskResetEventItemValue
 .text.prvAddCurrentTaskToDelayedList
                0x1008da08       0xa8 .\CortexM4\ARM_GCC_541\Debug\tasks.o
 .text.xTimerCreateTimerTask
                0x1008dab0       0x50 .\CortexM4\ARM_GCC_541\Debug\timers.o
                0x1008dab0                xTimerCreateTimerTask
 .text.xTimerGenericCommand
                0x1008db00       0x88 .\CortexM4\ARM_GCC_541\Debug\timers.o
                0x1008db00                xTimerGenericCommand
 .text.prvProcessExpiredTimer
                0x1008db88       0x70 .\CortexM4\ARM_GCC_541\Debug\timers.o
 .text.prvTimerTask
                0x1008dbf8       0x24 .\CortexM4\ARM_GCC_541\Debug\timers.o
 .text.prvProcessTimerOrBlockTask
                0x1008dc1c       0x9c .\CortexM4\ARM_GCC_541\Debug\timers.o
 .text.prvGetNextExpireTime
                0x1008dcb8       0x48 .\CortexM4\ARM_GCC_541\Debug\timers.o
 .text.prvSampleTimeNow
                0x1008dd00       0x40 .\CortexM4\ARM_GCC_541\Debug\timers.o
 .text.prvInsertTimerInActiveList
                0x1008dd40       0x84 .\CortexM4\ARM_GCC_541\Debug\timers.o
 .text.prvProcessReceivedCommands
                0x1008ddc4      0x12c .\CortexM4\ARM_GCC_541\Debug\timers.o
 .text.prvSwitchTimerLists
                0x1008def0       0xb0 .\CortexM4\ARM_GCC_541\Debug\timers.o
 .text.prvCheckForValidListAndQueue
                0x1008dfa0       0x6c .\CortexM4\ARM_GCC_541\Debug\timers.o
 .text.xTimerPendFunctionCallFromISR
                0x1008e00c       0x40 .\CortexM4\ARM_GCC_541\Debug\timers.o
                0x1008e00c                xTimerPendFunctionCallFromISR
 .text.pxPortInitialiseStack
                0x1008e04c       0x68 .\CortexM4\ARM_GCC_541\Debug\port.o
                0x1008e04c                pxPortInitialiseStack
 .text.prvTaskExitError
                0x1008e0b4       0x1c .\CortexM4\ARM_GCC_541\Debug\port.o
 .text.SVC_Handler
                0x1008e0d0       0x28 .\CortexM4\ARM_GCC_541\Debug\port.o
                0x1008e0d0                SVC_Handler
 .text.prvPortStartFirstTask
                0x1008e0f8       0x20 .\CortexM4\ARM_GCC_541\Debug\port.o
 .text.xPortStartScheduler
                0x1008e118       0xd0 .\CortexM4\ARM_GCC_541\Debug\port.o
                0x1008e118                xPortStartScheduler
 .text.vPortEnterCritical
                0x1008e1e8       0x38 .\CortexM4\ARM_GCC_541\Debug\port.o
                0x1008e1e8                vPortEnterCritical
 .text.vPortExitCritical
                0x1008e220       0x34 .\CortexM4\ARM_GCC_541\Debug\port.o
                0x1008e220                vPortExitCritical
 *fill*         0x1008e254        0xc 
 .text.PendSV_Handler
                0x1008e260       0x68 .\CortexM4\ARM_GCC_541\Debug\port.o
                0x1008e260                PendSV_Handler
 .text.SysTick_Handler
                0x1008e2c8       0x24 .\CortexM4\ARM_GCC_541\Debug\port.o
                0x1008e2c8                SysTick_Handler
 .text.vPortSetupTimerInterrupt
                0x1008e2ec       0x38 .\CortexM4\ARM_GCC_541\Debug\port.o
                0x1008e2ec                vPortSetupTimerInterrupt
 .text.vPortEnableVFP
                0x1008e324       0x14 .\CortexM4\ARM_GCC_541\Debug\port.o
 .text.vPortValidateInterruptPriority
                0x1008e338       0x5c .\CortexM4\ARM_GCC_541\Debug\port.o
                0x1008e338                vPortValidateInterruptPriority
 .text.vApplicationStackOverflowHook
                0x1008e394       0x1c .\CortexM4\ARM_GCC_541\Debug\port.o
                0x1008e394                vApplicationStackOverflowHook
 .text.pvPortMalloc
                0x1008e3b0       0x8c .\CortexM4\ARM_GCC_541\Debug\heap_1.o
                0x1008e3b0                pvPortMalloc
 .text.vPortFree
                0x1008e43c       0x20 .\CortexM4\ARM_GCC_541\Debug\heap_1.o
                0x1008e43c                vPortFree
 .text.SmartSense_TunePrescalers
                0x1008e45c       0x4c C:\Program Files (x86)\Cypress\PSoC Creator\4.4\PSoC Creator\psoc\content\CyComponentLibrary\CyComponentLibrary.cylib\CapSense_v2_0\Library\CapSense_Library_GCC_M4.a(CapSense_SmartSense_LL.o)
                0x1008e45c                SmartSense_TunePrescalers
 .text.SmartSense_TuneSensitivity
                0x1008e4a8       0x64 C:\Program Files (x86)\Cypress\PSoC Creator\4.4\PSoC Creator\psoc\content\CyComponentLibrary\CyComponentLibrary.cylib\CapSense_v2_0\Library\CapSense_Library_GCC_M4.a(CapSense_SmartSense_LL.o)
                0x1008e4a8                SmartSense_TuneSensitivity
 .text.SmartSense_UpdateThresholds
                0x1008e50c       0x38 C:\Program Files (x86)\Cypress\PSoC Creator\4.4\PSoC Creator\psoc\content\CyComponentLibrary\CyComponentLibrary.cylib\CapSense_v2_0\Library\CapSense_Library_GCC_M4.a(CapSense_SmartSense_SL.o)
                0x1008e50c                SmartSense_UpdateThresholds
 .text.SmartSense_InitializeNoiseEnvelope
                0x1008e544       0x18 C:\Program Files (x86)\Cypress\PSoC Creator\4.4\PSoC Creator\psoc\content\CyComponentLibrary\CyComponentLibrary.cylib\CapSense_v2_0\Library\CapSense_Library_GCC_M4.a(CapSense_SmartSense_SL.o)
                0x1008e544                SmartSense_InitializeNoiseEnvelope
 .text.SmartSense_RunNoiseEnvelope
                0x1008e55c       0x8a C:\Program Files (x86)\Cypress\PSoC Creator\4.4\PSoC Creator\psoc\content\CyComponentLibrary\CyComponentLibrary.cylib\CapSense_v2_0\Library\CapSense_Library_GCC_M4.a(CapSense_SmartSense_SL.o)
                0x1008e55c                SmartSense_RunNoiseEnvelope
 .text.memcpy   0x1008e5e6       0x16 c:/program files (x86)/cypress/psoc creator/4.4/psoc creator/import/gnu/arm/5.4.1/bin/../lib/gcc/arm-none-eabi/5.4.1/../../../../arm-none-eabi/lib/armv7e-m/softfp\libg_nano.a(lib_a-memcpy-stub.o)
                0x1008e5e6                memcpy
 .text.memset   0x1008e5fc       0x10 c:/program files (x86)/cypress/psoc creator/4.4/psoc creator/import/gnu/arm/5.4.1/bin/../lib/gcc/arm-none-eabi/5.4.1/../../../../arm-none-eabi/lib/armv7e-m/softfp\libg_nano.a(lib_a-memset.o)
                0x1008e5fc                memset
 .text.sprintf  0x1008e60c       0x48 c:/program files (x86)/cypress/psoc creator/4.4/psoc creator/import/gnu/arm/5.4.1/bin/../lib/gcc/arm-none-eabi/5.4.1/../../../../arm-none-eabi/lib/armv7e-m/softfp\libg_nano.a(lib_a-sprintf.o)
                0x1008e60c                siprintf
                0x1008e60c                sprintf
 .text.strncpy  0x1008e654       0x26 c:/program files (x86)/cypress/psoc creator/4.4/psoc creator/import/gnu/arm/5.4.1/bin/../lib/gcc/arm-none-eabi/5.4.1/../../../../arm-none-eabi/lib/armv7e-m/softfp\libg_nano.a(lib_a-strncpy.o)
                0x1008e654                strncpy
 .text.__ssputs_r
                0x1008e67a       0xb2 c:/program files (x86)/cypress/psoc creator/4.4/psoc creator/import/gnu/arm/5.4.1/bin/../lib/gcc/arm-none-eabi/5.4.1/../../../../arm-none-eabi/lib/armv7e-m/softfp\libg_nano.a(lib_a-nano-svfprintf.o)
                0x1008e67a                __ssputs_r
 .text._svfprintf_r
                0x1008e72c      0x1e8 c:/program files (x86)/cypress/psoc creator/4.4/psoc creator/import/gnu/arm/5.4.1/bin/../lib/gcc/arm-none-eabi/5.4.1/../../../../arm-none-eabi/lib/armv7e-m/softfp\libg_nano.a(lib_a-nano-svfprintf.o)
                0x1008e72c                _svfiprintf_r
                0x1008e72c                _svfprintf_r
 .text._printf_common
                0x1008e914       0xec c:/program files (x86)/cypress/psoc creator/4.4/psoc creator/import/gnu/arm/5.4.1/bin/../lib/gcc/arm-none-eabi/5.4.1/../../../../arm-none-eabi/lib/armv7e-m/softfp\libg_nano.a(lib_a-nano-vfprintf_i.o)
                0x1008e914                _printf_common
 .text._printf_i
                0x1008ea00      0x24c c:/program files (x86)/cypress/psoc creator/4.4/psoc creator/import/gnu/arm/5.4.1/bin/../lib/gcc/arm-none-eabi/5.4.1/../../../../arm-none-eabi/lib/armv7e-m/softfp\libg_nano.a(lib_a-nano-vfprintf_i.o)
                0x1008ea00                _printf_i
 *fill*         0x1008ec4c        0x4 
 .text          0x1008ec50       0xa0 c:/program files (x86)/cypress/psoc creator/4.4/psoc creator/import/gnu/arm/5.4.1/bin/../lib/gcc/arm-none-eabi/5.4.1/../../../../arm-none-eabi/lib/armv7e-m/softfp\libg_nano.a(lib_a-memchr.o)
                0x1008ec50                memchr
 .text.memmove  0x1008ecf0       0x36 c:/program files (x86)/cypress/psoc creator/4.4/psoc creator/import/gnu/arm/5.4.1/bin/../lib/gcc/arm-none-eabi/5.4.1/../../../../arm-none-eabi/lib/armv7e-m/softfp\libg_nano.a(lib_a-memmove.o)
                0x1008ecf0                memmove
 *fill*         0x1008ed26        0x2 
 .text._free_r  0x1008ed28       0x9c c:/program files (x86)/cypress/psoc creator/4.4/psoc creator/import/gnu/arm/5.4.1/bin/../lib/gcc/arm-none-eabi/5.4.1/../../../../arm-none-eabi/lib/armv7e-m/softfp\libg_nano.a(lib_a-nano-freer.o)
                0x1008ed28                _free_r
 .text._malloc_r
                0x1008edc4       0xbc c:/program files (x86)/cypress/psoc creator/4.4/psoc creator/import/gnu/arm/5.4.1/bin/../lib/gcc/arm-none-eabi/5.4.1/../../../../arm-none-eabi/lib/armv7e-m/softfp\libg_nano.a(lib_a-nano-mallocr.o)
                0x1008edc4                _malloc_r
 .text._realloc_r
                0x1008ee80       0x4c c:/program files (x86)/cypress/psoc creator/4.4/psoc creator/import/gnu/arm/5.4.1/bin/../lib/gcc/arm-none-eabi/5.4.1/../../../../arm-none-eabi/lib/armv7e-m/softfp\libg_nano.a(lib_a-nano-reallocr.o)
                0x1008ee80                _realloc_r
 .text._sbrk_r  0x1008eecc       0x20 c:/program files (x86)/cypress/psoc creator/4.4/psoc creator/import/gnu/arm/5.4.1/bin/../lib/gcc/arm-none-eabi/5.4.1/../../../../arm-none-eabi/lib/armv7e-m/softfp\libg_nano.a(lib_a-sbrkr.o)
                0x1008eecc                _sbrk_r
 .text.__malloc_lock
                0x1008eeec        0x2 c:/program files (x86)/cypress/psoc creator/4.4/psoc creator/import/gnu/arm/5.4.1/bin/../lib/gcc/arm-none-eabi/5.4.1/../../../../arm-none-eabi/lib/armv7e-m/softfp\libg_nano.a(lib_a-mlock.o)
                0x1008eeec                __malloc_lock
 .text.__malloc_unlock
                0x1008eeee        0x2 c:/program files (x86)/cypress/psoc creator/4.4/psoc creator/import/gnu/arm/5.4.1/bin/../lib/gcc/arm-none-eabi/5.4.1/../../../../arm-none-eabi/lib/armv7e-m/softfp\libg_nano.a(lib_a-mlock.o)
                0x1008eeee                __malloc_unlock
 .text._malloc_usable_size_r
                0x1008eef0       0x14 c:/program files (x86)/cypress/psoc creator/4.4/psoc creator/import/gnu/arm/5.4.1/bin/../lib/gcc/arm-none-eabi/5.4.1/../../../../arm-none-eabi/lib/armv7e-m/softfp\libg_nano.a(lib_a-nano-msizer.o)
                0x1008eef0                _malloc_usable_size_r
 .text._sbrk    0x1008ef04       0x1c c:/program files (x86)/cypress/psoc creator/4.4/psoc creator/import/gnu/arm/5.4.1/bin/../lib/gcc/arm-none-eabi/5.4.1/../../../../arm-none-eabi/lib/armv7e-m/softfp\libnosys.a(sbrk.o)
                0x1008ef04                _sbrk
 *(.init)
 .init          0x1008ef20        0x4 c:/program files (x86)/cypress/psoc creator/4.4/psoc creator/import/gnu/arm/5.4.1/bin/../lib/gcc/arm-none-eabi/5.4.1/armv7e-m/softfp/crti.o
                0x1008ef20                _init
 .init          0x1008ef24        0x8 c:/program files (x86)/cypress/psoc creator/4.4/psoc creator/import/gnu/arm/5.4.1/bin/../lib/gcc/arm-none-eabi/5.4.1/armv7e-m/softfp/crtn.o
 *(.fini)
 .fini          0x1008ef2c        0x4 c:/program files (x86)/cypress/psoc creator/4.4/psoc creator/import/gnu/arm/5.4.1/bin/../lib/gcc/arm-none-eabi/5.4.1/armv7e-m/softfp/crti.o
                0x1008ef2c                _fini
 .fini          0x1008ef30        0x8 c:/program files (x86)/cypress/psoc creator/4.4/psoc creator/import/gnu/arm/5.4.1/bin/../lib/gcc/arm-none-eabi/5.4.1/armv7e-m/softfp/crtn.o
 *crtbegin.o(.ctors)
 *crtbegin?.o(.ctors)
 *(EXCLUDE_FILE(*crtend.o *crtend?.o) .ctors)
 *(SORT(.ctors.*))
 *(.ctors)
 *crtbegin.o(.dtors)
 *crtbegin?.o(.dtors)
 *(EXCLUDE_FILE(*crtend.o *crtend?.o) .dtors)
 *(SORT(.dtors.*))
 *(.dtors)
 *(.rodata .rodata.* .constdata .constdata.* .conststring .conststring.*)
 .rodata        0x1008ef38       0x39 .\CortexM4\ARM_GCC_541\Debug\main_cm4.o
 *fill*         0x1008ef71        0x3 
 .rodata        0x1008ef74       0x48 .\CortexM4\ARM_GCC_541\Debug\smif_mem.o
 .rodata        0x1008efbc       0x3b .\CortexM4\ARM_GCC_541\Debug\recorder.o
 *fill*         0x1008eff7        0x1 
 .rodata        0x1008eff8       0x49 .\CortexM4\ARM_GCC_541\Debug\graphics.o
 *fill*         0x1008f041        0x3 
 .rodata        0x1008f044       0x3d .\CortexM4\ARM_GCC_541\Debug\tft_display.o
 *fill*         0x1008f081        0x3 
 .rodata        0x1008f084     0x209a .\CortexM4\ARM_GCC_541\Debug\ugui.o
                0x1008f084                font_10x16
                0x10091084                FONT_10X16
                0x1009108c                pal_window
                0x100910bc                pal_button_pressed
                0x100910ec                pal_button_released
 *fill*         0x1009111e        0x2 