ARM GAS  C:\Users\ikomb\AppData\Local\Temp\ccrLq7Qx.s 			page 1


   1              		.syntax unified
   2              		.cpu cortex-m4
   3              		.eabi_attribute 27, 1
   4              		.fpu fpv4-sp-d16
   5              		.eabi_attribute 20, 1
   6              		.eabi_attribute 21, 1
   7              		.eabi_attribute 23, 3
   8              		.eabi_attribute 24, 1
   9              		.eabi_attribute 25, 1
  10              		.eabi_attribute 26, 1
  11              		.eabi_attribute 30, 6
  12              		.eabi_attribute 34, 1
  13              		.eabi_attribute 18, 4
  14              		.thumb
  15              		.syntax unified
  16              		.file	"list.c"
  17              		.text
  18              	.Ltext0:
  19              		.cfi_sections	.debug_frame
  20              		.section	.text.vListInitialise,"ax",%progbits
  21              		.align	2
  22              		.global	vListInitialise
  23              		.thumb
  24              		.thumb_func
  25              		.type	vListInitialise, %function
  26              	vListInitialise:
  27              	.LFB129:
  28              		.file 1 "Generated_Source\\PSoC6\\pdl\\rtos\\FreeRTOS\\9.0.0\\Source\\list.c"
   1:Generated_Source\PSoC6\pdl\rtos\FreeRTOS\9.0.0\Source/list.c **** /*
   2:Generated_Source\PSoC6\pdl\rtos\FreeRTOS\9.0.0\Source/list.c ****     FreeRTOS V9.0.0 - Copyright (C) 2016 Real Time Engineers Ltd.
   3:Generated_Source\PSoC6\pdl\rtos\FreeRTOS\9.0.0\Source/list.c ****     All rights reserved
   4:Generated_Source\PSoC6\pdl\rtos\FreeRTOS\9.0.0\Source/list.c **** 
   5:Generated_Source\PSoC6\pdl\rtos\FreeRTOS\9.0.0\Source/list.c ****     VISIT http://www.FreeRTOS.org TO ENSURE YOU ARE USING THE LATEST VERSION.
   6:Generated_Source\PSoC6\pdl\rtos\FreeRTOS\9.0.0\Source/list.c **** 
   7:Generated_Source\PSoC6\pdl\rtos\FreeRTOS\9.0.0\Source/list.c ****     This file is part of the FreeRTOS distribution.
   8:Generated_Source\PSoC6\pdl\rtos\FreeRTOS\9.0.0\Source/list.c **** 
   9:Generated_Source\PSoC6\pdl\rtos\FreeRTOS\9.0.0\Source/list.c ****     FreeRTOS is free software; you can redistribute it and/or modify it under
  10:Generated_Source\PSoC6\pdl\rtos\FreeRTOS\9.0.0\Source/list.c ****     the terms of the GNU General Public License (version 2) as published by the
  11:Generated_Source\PSoC6\pdl\rtos\FreeRTOS\9.0.0\Source/list.c ****     Free Software Foundation >>>> AND MODIFIED BY <<<< the FreeRTOS exception.
  12:Generated_Source\PSoC6\pdl\rtos\FreeRTOS\9.0.0\Source/list.c **** 
  13:Generated_Source\PSoC6\pdl\rtos\FreeRTOS\9.0.0\Source/list.c ****     ***************************************************************************
  14:Generated_Source\PSoC6\pdl\rtos\FreeRTOS\9.0.0\Source/list.c ****     >>!   NOTE: The modification to the GPL is included to allow you to     !<<
  15:Generated_Source\PSoC6\pdl\rtos\FreeRTOS\9.0.0\Source/list.c ****     >>!   distribute a combined work that includes FreeRTOS without being   !<<
  16:Generated_Source\PSoC6\pdl\rtos\FreeRTOS\9.0.0\Source/list.c ****     >>!   obliged to provide the source code for proprietary components     !<<
  17:Generated_Source\PSoC6\pdl\rtos\FreeRTOS\9.0.0\Source/list.c ****     >>!   outside of the FreeRTOS kernel.                                   !<<
  18:Generated_Source\PSoC6\pdl\rtos\FreeRTOS\9.0.0\Source/list.c ****     ***************************************************************************
  19:Generated_Source\PSoC6\pdl\rtos\FreeRTOS\9.0.0\Source/list.c **** 
  20:Generated_Source\PSoC6\pdl\rtos\FreeRTOS\9.0.0\Source/list.c ****     FreeRTOS is distributed in the hope that it will be useful, but WITHOUT ANY
  21:Generated_Source\PSoC6\pdl\rtos\FreeRTOS\9.0.0\Source/list.c ****     WARRANTY; without even the implied warranty of MERCHANTABILITY or FITNESS
  22:Generated_Source\PSoC6\pdl\rtos\FreeRTOS\9.0.0\Source/list.c ****     FOR A PARTICULAR PURPOSE.  Full license text is available on the following
  23:Generated_Source\PSoC6\pdl\rtos\FreeRTOS\9.0.0\Source/list.c ****     link: http://www.freertos.org/a00114.html
  24:Generated_Source\PSoC6\pdl\rtos\FreeRTOS\9.0.0\Source/list.c **** 
  25:Generated_Source\PSoC6\pdl\rtos\FreeRTOS\9.0.0\Source/list.c ****     ***************************************************************************
  26:Generated_Source\PSoC6\pdl\rtos\FreeRTOS\9.0.0\Source/list.c ****      *                                                                       *
  27:Generated_Source\PSoC6\pdl\rtos\FreeRTOS\9.0.0\Source/list.c ****      *    FreeRTOS provides completely free yet professionally developed,    *
  28:Generated_Source\PSoC6\pdl\rtos\FreeRTOS\9.0.0\Source/list.c ****      *    robust, strictly quality controlled, supported, and cross          *
  29:Generated_Source\PSoC6\pdl\rtos\FreeRTOS\9.0.0\Source/list.c ****      *    platform software that is more than just the market leader, it     *
ARM GAS  C:\Users\ikomb\AppData\Local\Temp\ccrLq7Qx.s 			page 2


  30:Generated_Source\PSoC6\pdl\rtos\FreeRTOS\9.0.0\Source/list.c ****      *    is the industry's de facto standard.                               *
  31:Generated_Source\PSoC6\pdl\rtos\FreeRTOS\9.0.0\Source/list.c ****      *                                                                       *
  32:Generated_Source\PSoC6\pdl\rtos\FreeRTOS\9.0.0\Source/list.c ****      *    Help yourself get started quickly while simultaneously helping     *
  33:Generated_Source\PSoC6\pdl\rtos\FreeRTOS\9.0.0\Source/list.c ****      *    to support the FreeRTOS project by purchasing a FreeRTOS           *
  34:Generated_Source\PSoC6\pdl\rtos\FreeRTOS\9.0.0\Source/list.c ****      *    tutorial book, reference manual, or both:                          *
  35:Generated_Source\PSoC6\pdl\rtos\FreeRTOS\9.0.0\Source/list.c ****      *    http://www.FreeRTOS.org/Documentation                              *
  36:Generated_Source\PSoC6\pdl\rtos\FreeRTOS\9.0.0\Source/list.c ****      *                                                                       *
  37:Generated_Source\PSoC6\pdl\rtos\FreeRTOS\9.0.0\Source/list.c ****     ***************************************************************************
  38:Generated_Source\PSoC6\pdl\rtos\FreeRTOS\9.0.0\Source/list.c **** 
  39:Generated_Source\PSoC6\pdl\rtos\FreeRTOS\9.0.0\Source/list.c ****     http://www.FreeRTOS.org/FAQHelp.html - Having a problem?  Start by reading
  40:Generated_Source\PSoC6\pdl\rtos\FreeRTOS\9.0.0\Source/list.c ****     the FAQ page "My application does not run, what could be wrong?".  Have you
  41:Generated_Source\PSoC6\pdl\rtos\FreeRTOS\9.0.0\Source/list.c ****     defined configASSERT()?
  42:Generated_Source\PSoC6\pdl\rtos\FreeRTOS\9.0.0\Source/list.c **** 
  43:Generated_Source\PSoC6\pdl\rtos\FreeRTOS\9.0.0\Source/list.c ****     http://www.FreeRTOS.org/support - In return for receiving this top quality
  44:Generated_Source\PSoC6\pdl\rtos\FreeRTOS\9.0.0\Source/list.c ****     embedded software for free we request you assist our global community by
  45:Generated_Source\PSoC6\pdl\rtos\FreeRTOS\9.0.0\Source/list.c ****     participating in the support forum.
  46:Generated_Source\PSoC6\pdl\rtos\FreeRTOS\9.0.0\Source/list.c **** 
  47:Generated_Source\PSoC6\pdl\rtos\FreeRTOS\9.0.0\Source/list.c ****     http://www.FreeRTOS.org/training - Investing in training allows your team to
  48:Generated_Source\PSoC6\pdl\rtos\FreeRTOS\9.0.0\Source/list.c ****     be as productive as possible as early as possible.  Now you can receive
  49:Generated_Source\PSoC6\pdl\rtos\FreeRTOS\9.0.0\Source/list.c ****     FreeRTOS training directly from Richard Barry, CEO of Real Time Engineers
  50:Generated_Source\PSoC6\pdl\rtos\FreeRTOS\9.0.0\Source/list.c ****     Ltd, and the world's leading authority on the world's leading RTOS.
  51:Generated_Source\PSoC6\pdl\rtos\FreeRTOS\9.0.0\Source/list.c **** 
  52:Generated_Source\PSoC6\pdl\rtos\FreeRTOS\9.0.0\Source/list.c ****     http://www.FreeRTOS.org/plus - A selection of FreeRTOS ecosystem products,
  53:Generated_Source\PSoC6\pdl\rtos\FreeRTOS\9.0.0\Source/list.c ****     including FreeRTOS+Trace - an indispensable productivity tool, a DOS
  54:Generated_Source\PSoC6\pdl\rtos\FreeRTOS\9.0.0\Source/list.c ****     compatible FAT file system, and our tiny thread aware UDP/IP stack.
  55:Generated_Source\PSoC6\pdl\rtos\FreeRTOS\9.0.0\Source/list.c **** 
  56:Generated_Source\PSoC6\pdl\rtos\FreeRTOS\9.0.0\Source/list.c ****     http://www.FreeRTOS.org/labs - Where new FreeRTOS products go to incubate.
  57:Generated_Source\PSoC6\pdl\rtos\FreeRTOS\9.0.0\Source/list.c ****     Come and try FreeRTOS+TCP, our new open source TCP/IP stack for FreeRTOS.
  58:Generated_Source\PSoC6\pdl\rtos\FreeRTOS\9.0.0\Source/list.c **** 
  59:Generated_Source\PSoC6\pdl\rtos\FreeRTOS\9.0.0\Source/list.c ****     http://www.OpenRTOS.com - Real Time Engineers ltd. license FreeRTOS to High
  60:Generated_Source\PSoC6\pdl\rtos\FreeRTOS\9.0.0\Source/list.c ****     Integrity Systems ltd. to sell under the OpenRTOS brand.  Low cost OpenRTOS
  61:Generated_Source\PSoC6\pdl\rtos\FreeRTOS\9.0.0\Source/list.c ****     licenses offer ticketed support, indemnification and commercial middleware.
  62:Generated_Source\PSoC6\pdl\rtos\FreeRTOS\9.0.0\Source/list.c **** 
  63:Generated_Source\PSoC6\pdl\rtos\FreeRTOS\9.0.0\Source/list.c ****     http://www.SafeRTOS.com - High Integrity Systems also provide a safety
  64:Generated_Source\PSoC6\pdl\rtos\FreeRTOS\9.0.0\Source/list.c ****     engineered and independently SIL3 certified version for use in safety and
  65:Generated_Source\PSoC6\pdl\rtos\FreeRTOS\9.0.0\Source/list.c ****     mission critical applications that require provable dependability.
  66:Generated_Source\PSoC6\pdl\rtos\FreeRTOS\9.0.0\Source/list.c **** 
  67:Generated_Source\PSoC6\pdl\rtos\FreeRTOS\9.0.0\Source/list.c ****     1 tab == 4 spaces!
  68:Generated_Source\PSoC6\pdl\rtos\FreeRTOS\9.0.0\Source/list.c **** */
  69:Generated_Source\PSoC6\pdl\rtos\FreeRTOS\9.0.0\Source/list.c **** 
  70:Generated_Source\PSoC6\pdl\rtos\FreeRTOS\9.0.0\Source/list.c **** 
  71:Generated_Source\PSoC6\pdl\rtos\FreeRTOS\9.0.0\Source/list.c **** #include <stdlib.h>
  72:Generated_Source\PSoC6\pdl\rtos\FreeRTOS\9.0.0\Source/list.c **** #include "FreeRTOS.h"
  73:Generated_Source\PSoC6\pdl\rtos\FreeRTOS\9.0.0\Source/list.c **** #include "list.h"
  74:Generated_Source\PSoC6\pdl\rtos\FreeRTOS\9.0.0\Source/list.c **** 
  75:Generated_Source\PSoC6\pdl\rtos\FreeRTOS\9.0.0\Source/list.c **** /*-----------------------------------------------------------
  76:Generated_Source\PSoC6\pdl\rtos\FreeRTOS\9.0.0\Source/list.c ****  * PUBLIC LIST API documented in list.h
  77:Generated_Source\PSoC6\pdl\rtos\FreeRTOS\9.0.0\Source/list.c ****  *----------------------------------------------------------*/
  78:Generated_Source\PSoC6\pdl\rtos\FreeRTOS\9.0.0\Source/list.c **** 
  79:Generated_Source\PSoC6\pdl\rtos\FreeRTOS\9.0.0\Source/list.c **** void vListInitialise( List_t * const pxList )
  80:Generated_Source\PSoC6\pdl\rtos\FreeRTOS\9.0.0\Source/list.c **** {
  29              		.loc 1 80 0
  30              		.cfi_startproc
  31              		@ args = 0, pretend = 0, frame = 8
  32              		@ frame_needed = 1, uses_anonymous_args = 0
  33              		@ link register save eliminated.
  34 0000 80B4     		push	{r7}
ARM GAS  C:\Users\ikomb\AppData\Local\Temp\ccrLq7Qx.s 			page 3


  35              		.cfi_def_cfa_offset 4
  36              		.cfi_offset 7, -4
  37 0002 83B0     		sub	sp, sp, #12
  38              		.cfi_def_cfa_offset 16
  39 0004 00AF     		add	r7, sp, #0
  40              		.cfi_def_cfa_register 7
  41 0006 7860     		str	r0, [r7, #4]
  81:Generated_Source\PSoC6\pdl\rtos\FreeRTOS\9.0.0\Source/list.c **** 	/* The list structure contains a list item which is used to mark the
  82:Generated_Source\PSoC6\pdl\rtos\FreeRTOS\9.0.0\Source/list.c **** 	end of the list.  To initialise the list the list end is inserted
  83:Generated_Source\PSoC6\pdl\rtos\FreeRTOS\9.0.0\Source/list.c **** 	as the only list entry. */
  84:Generated_Source\PSoC6\pdl\rtos\FreeRTOS\9.0.0\Source/list.c **** 	pxList->pxIndex = ( ListItem_t * ) &( pxList->xListEnd );			/*lint !e826 !e740 The mini list struc
  42              		.loc 1 84 0
  43 0008 7B68     		ldr	r3, [r7, #4]
  44 000a 03F10802 		add	r2, r3, #8
  45 000e 7B68     		ldr	r3, [r7, #4]
  46 0010 5A60     		str	r2, [r3, #4]
  85:Generated_Source\PSoC6\pdl\rtos\FreeRTOS\9.0.0\Source/list.c **** 
  86:Generated_Source\PSoC6\pdl\rtos\FreeRTOS\9.0.0\Source/list.c **** 	/* The list end value is the highest possible value in the list to
  87:Generated_Source\PSoC6\pdl\rtos\FreeRTOS\9.0.0\Source/list.c **** 	ensure it remains at the end of the list. */
  88:Generated_Source\PSoC6\pdl\rtos\FreeRTOS\9.0.0\Source/list.c **** 	pxList->xListEnd.xItemValue = portMAX_DELAY;
  47              		.loc 1 88 0
  48 0012 7B68     		ldr	r3, [r7, #4]
  49 0014 4FF0FF32 		mov	r2, #-1
  50 0018 9A60     		str	r2, [r3, #8]
  89:Generated_Source\PSoC6\pdl\rtos\FreeRTOS\9.0.0\Source/list.c **** 
  90:Generated_Source\PSoC6\pdl\rtos\FreeRTOS\9.0.0\Source/list.c **** 	/* The list end next and previous pointers point to itself so we know
  91:Generated_Source\PSoC6\pdl\rtos\FreeRTOS\9.0.0\Source/list.c **** 	when the list is empty. */
  92:Generated_Source\PSoC6\pdl\rtos\FreeRTOS\9.0.0\Source/list.c **** 	pxList->xListEnd.pxNext = ( ListItem_t * ) &( pxList->xListEnd );	/*lint !e826 !e740 The mini list
  51              		.loc 1 92 0
  52 001a 7B68     		ldr	r3, [r7, #4]
  53 001c 03F10802 		add	r2, r3, #8
  54 0020 7B68     		ldr	r3, [r7, #4]
  55 0022 DA60     		str	r2, [r3, #12]
  93:Generated_Source\PSoC6\pdl\rtos\FreeRTOS\9.0.0\Source/list.c **** 	pxList->xListEnd.pxPrevious = ( ListItem_t * ) &( pxList->xListEnd );/*lint !e826 !e740 The mini l
  56              		.loc 1 93 0
  57 0024 7B68     		ldr	r3, [r7, #4]
  58 0026 03F10802 		add	r2, r3, #8
  59 002a 7B68     		ldr	r3, [r7, #4]
  60 002c 1A61     		str	r2, [r3, #16]
  94:Generated_Source\PSoC6\pdl\rtos\FreeRTOS\9.0.0\Source/list.c **** 
  95:Generated_Source\PSoC6\pdl\rtos\FreeRTOS\9.0.0\Source/list.c **** 	pxList->uxNumberOfItems = ( UBaseType_t ) 0U;
  61              		.loc 1 95 0
  62 002e 7B68     		ldr	r3, [r7, #4]
  63 0030 0022     		movs	r2, #0
  64 0032 1A60     		str	r2, [r3]
  96:Generated_Source\PSoC6\pdl\rtos\FreeRTOS\9.0.0\Source/list.c **** 
  97:Generated_Source\PSoC6\pdl\rtos\FreeRTOS\9.0.0\Source/list.c **** 	/* Write known values into the list if
  98:Generated_Source\PSoC6\pdl\rtos\FreeRTOS\9.0.0\Source/list.c **** 	configUSE_LIST_DATA_INTEGRITY_CHECK_BYTES is set to 1. */
  99:Generated_Source\PSoC6\pdl\rtos\FreeRTOS\9.0.0\Source/list.c **** 	listSET_LIST_INTEGRITY_CHECK_1_VALUE( pxList );
 100:Generated_Source\PSoC6\pdl\rtos\FreeRTOS\9.0.0\Source/list.c **** 	listSET_LIST_INTEGRITY_CHECK_2_VALUE( pxList );
 101:Generated_Source\PSoC6\pdl\rtos\FreeRTOS\9.0.0\Source/list.c **** }
  65              		.loc 1 101 0
  66 0034 00BF     		nop
  67 0036 0C37     		adds	r7, r7, #12
  68              		.cfi_def_cfa_offset 4
  69 0038 BD46     		mov	sp, r7
  70              		.cfi_def_cfa_register 13
ARM GAS  C:\Users\ikomb\AppData\Local\Temp\ccrLq7Qx.s 			page 4


  71              		@ sp needed
  72 003a 5DF8047B 		ldr	r7, [sp], #4
  73              		.cfi_restore 7
  74              		.cfi_def_cfa_offset 0
  75 003e 7047     		bx	lr
  76              		.cfi_endproc
  77              	.LFE129:
  78              		.size	vListInitialise, .-vListInitialise
  79              		.section	.text.vListInitialiseItem,"ax",%progbits
  80              		.align	2
  81              		.global	vListInitialiseItem
  82              		.thumb
  83              		.thumb_func
  84              		.type	vListInitialiseItem, %function
  85              	vListInitialiseItem:
  86              	.LFB130:
 102:Generated_Source\PSoC6\pdl\rtos\FreeRTOS\9.0.0\Source/list.c **** /*-----------------------------------------------------------*/
 103:Generated_Source\PSoC6\pdl\rtos\FreeRTOS\9.0.0\Source/list.c **** 
 104:Generated_Source\PSoC6\pdl\rtos\FreeRTOS\9.0.0\Source/list.c **** void vListInitialiseItem( ListItem_t * const pxItem )
 105:Generated_Source\PSoC6\pdl\rtos\FreeRTOS\9.0.0\Source/list.c **** {
  87              		.loc 1 105 0
  88              		.cfi_startproc
  89              		@ args = 0, pretend = 0, frame = 8
  90              		@ frame_needed = 1, uses_anonymous_args = 0
  91              		@ link register save eliminated.
  92 0000 80B4     		push	{r7}
  93              		.cfi_def_cfa_offset 4
  94              		.cfi_offset 7, -4
  95 0002 83B0     		sub	sp, sp, #12
  96              		.cfi_def_cfa_offset 16
  97 0004 00AF     		add	r7, sp, #0
  98              		.cfi_def_cfa_register 7
  99 0006 7860     		str	r0, [r7, #4]
 106:Generated_Source\PSoC6\pdl\rtos\FreeRTOS\9.0.0\Source/list.c **** 	/* Make sure the list item is not recorded as being on a list. */
 107:Generated_Source\PSoC6\pdl\rtos\FreeRTOS\9.0.0\Source/list.c **** 	pxItem->pvContainer = NULL;
 100              		.loc 1 107 0
 101 0008 7B68     		ldr	r3, [r7, #4]
 102 000a 0022     		movs	r2, #0
 103 000c 1A61     		str	r2, [r3, #16]
 108:Generated_Source\PSoC6\pdl\rtos\FreeRTOS\9.0.0\Source/list.c **** 
 109:Generated_Source\PSoC6\pdl\rtos\FreeRTOS\9.0.0\Source/list.c **** 	/* Write known values into the list item if
 110:Generated_Source\PSoC6\pdl\rtos\FreeRTOS\9.0.0\Source/list.c **** 	configUSE_LIST_DATA_INTEGRITY_CHECK_BYTES is set to 1. */
 111:Generated_Source\PSoC6\pdl\rtos\FreeRTOS\9.0.0\Source/list.c **** 	listSET_FIRST_LIST_ITEM_INTEGRITY_CHECK_VALUE( pxItem );
 112:Generated_Source\PSoC6\pdl\rtos\FreeRTOS\9.0.0\Source/list.c **** 	listSET_SECOND_LIST_ITEM_INTEGRITY_CHECK_VALUE( pxItem );
 113:Generated_Source\PSoC6\pdl\rtos\FreeRTOS\9.0.0\Source/list.c **** }
 104              		.loc 1 113 0
 105 000e 00BF     		nop
 106 0010 0C37     		adds	r7, r7, #12
 107              		.cfi_def_cfa_offset 4
 108 0012 BD46     		mov	sp, r7
 109              		.cfi_def_cfa_register 13
 110              		@ sp needed
 111 0014 5DF8047B 		ldr	r7, [sp], #4
 112              		.cfi_restore 7
 113              		.cfi_def_cfa_offset 0
 114 0018 7047     		bx	lr
 115              		.cfi_endproc
ARM GAS  C:\Users\ikomb\AppData\Local\Temp\ccrLq7Qx.s 			page 5


 116              	.LFE130:
 117              		.size	vListInitialiseItem, .-vListInitialiseItem
 118 001a 00BF     		.section	.text.vListInsertEnd,"ax",%progbits
 119              		.align	2
 120              		.global	vListInsertEnd
 121              		.thumb
 122              		.thumb_func
 123              		.type	vListInsertEnd, %function
 124              	vListInsertEnd:
 125              	.LFB131:
 114:Generated_Source\PSoC6\pdl\rtos\FreeRTOS\9.0.0\Source/list.c **** /*-----------------------------------------------------------*/
 115:Generated_Source\PSoC6\pdl\rtos\FreeRTOS\9.0.0\Source/list.c **** 
 116:Generated_Source\PSoC6\pdl\rtos\FreeRTOS\9.0.0\Source/list.c **** void vListInsertEnd( List_t * const pxList, ListItem_t * const pxNewListItem )
 117:Generated_Source\PSoC6\pdl\rtos\FreeRTOS\9.0.0\Source/list.c **** {
 126              		.loc 1 117 0
 127              		.cfi_startproc
 128              		@ args = 0, pretend = 0, frame = 16
 129              		@ frame_needed = 1, uses_anonymous_args = 0
 130              		@ link register save eliminated.
 131 0000 80B4     		push	{r7}
 132              		.cfi_def_cfa_offset 4
 133              		.cfi_offset 7, -4
 134 0002 85B0     		sub	sp, sp, #20
 135              		.cfi_def_cfa_offset 24
 136 0004 00AF     		add	r7, sp, #0
 137              		.cfi_def_cfa_register 7
 138 0006 7860     		str	r0, [r7, #4]
 139 0008 3960     		str	r1, [r7]
 118:Generated_Source\PSoC6\pdl\rtos\FreeRTOS\9.0.0\Source/list.c **** ListItem_t * const pxIndex = pxList->pxIndex;
 140              		.loc 1 118 0
 141 000a 7B68     		ldr	r3, [r7, #4]
 142 000c 5B68     		ldr	r3, [r3, #4]
 143 000e FB60     		str	r3, [r7, #12]
 119:Generated_Source\PSoC6\pdl\rtos\FreeRTOS\9.0.0\Source/list.c **** 
 120:Generated_Source\PSoC6\pdl\rtos\FreeRTOS\9.0.0\Source/list.c **** 	/* Only effective when configASSERT() is also defined, these tests may catch
 121:Generated_Source\PSoC6\pdl\rtos\FreeRTOS\9.0.0\Source/list.c **** 	the list data structures being overwritten in memory.  They will not catch
 122:Generated_Source\PSoC6\pdl\rtos\FreeRTOS\9.0.0\Source/list.c **** 	data errors caused by incorrect configuration or use of FreeRTOS. */
 123:Generated_Source\PSoC6\pdl\rtos\FreeRTOS\9.0.0\Source/list.c **** 	listTEST_LIST_INTEGRITY( pxList );
 124:Generated_Source\PSoC6\pdl\rtos\FreeRTOS\9.0.0\Source/list.c **** 	listTEST_LIST_ITEM_INTEGRITY( pxNewListItem );
 125:Generated_Source\PSoC6\pdl\rtos\FreeRTOS\9.0.0\Source/list.c **** 
 126:Generated_Source\PSoC6\pdl\rtos\FreeRTOS\9.0.0\Source/list.c **** 	/* Insert a new list item into pxList, but rather than sort the list,
 127:Generated_Source\PSoC6\pdl\rtos\FreeRTOS\9.0.0\Source/list.c **** 	makes the new list item the last item to be removed by a call to
 128:Generated_Source\PSoC6\pdl\rtos\FreeRTOS\9.0.0\Source/list.c **** 	listGET_OWNER_OF_NEXT_ENTRY(). */
 129:Generated_Source\PSoC6\pdl\rtos\FreeRTOS\9.0.0\Source/list.c **** 	pxNewListItem->pxNext = pxIndex;
 144              		.loc 1 129 0
 145 0010 3B68     		ldr	r3, [r7]
 146 0012 FA68     		ldr	r2, [r7, #12]
 147 0014 5A60     		str	r2, [r3, #4]
 130:Generated_Source\PSoC6\pdl\rtos\FreeRTOS\9.0.0\Source/list.c **** 	pxNewListItem->pxPrevious = pxIndex->pxPrevious;
 148              		.loc 1 130 0
 149 0016 FB68     		ldr	r3, [r7, #12]
 150 0018 9A68     		ldr	r2, [r3, #8]
 151 001a 3B68     		ldr	r3, [r7]
 152 001c 9A60     		str	r2, [r3, #8]
 131:Generated_Source\PSoC6\pdl\rtos\FreeRTOS\9.0.0\Source/list.c **** 
 132:Generated_Source\PSoC6\pdl\rtos\FreeRTOS\9.0.0\Source/list.c **** 	/* Only used during decision coverage testing. */
 133:Generated_Source\PSoC6\pdl\rtos\FreeRTOS\9.0.0\Source/list.c **** 	mtCOVERAGE_TEST_DELAY();
ARM GAS  C:\Users\ikomb\AppData\Local\Temp\ccrLq7Qx.s 			page 6


 134:Generated_Source\PSoC6\pdl\rtos\FreeRTOS\9.0.0\Source/list.c **** 
 135:Generated_Source\PSoC6\pdl\rtos\FreeRTOS\9.0.0\Source/list.c **** 	pxIndex->pxPrevious->pxNext = pxNewListItem;
 153              		.loc 1 135 0
 154 001e FB68     		ldr	r3, [r7, #12]
 155 0020 9B68     		ldr	r3, [r3, #8]
 156 0022 3A68     		ldr	r2, [r7]
 157 0024 5A60     		str	r2, [r3, #4]
 136:Generated_Source\PSoC6\pdl\rtos\FreeRTOS\9.0.0\Source/list.c **** 	pxIndex->pxPrevious = pxNewListItem;
 158              		.loc 1 136 0
 159 0026 FB68     		ldr	r3, [r7, #12]
 160 0028 3A68     		ldr	r2, [r7]
 161 002a 9A60     		str	r2, [r3, #8]
 137:Generated_Source\PSoC6\pdl\rtos\FreeRTOS\9.0.0\Source/list.c **** 
 138:Generated_Source\PSoC6\pdl\rtos\FreeRTOS\9.0.0\Source/list.c **** 	/* Remember which list the item is in. */
 139:Generated_Source\PSoC6\pdl\rtos\FreeRTOS\9.0.0\Source/list.c **** 	pxNewListItem->pvContainer = ( void * ) pxList;
 162              		.loc 1 139 0
 163 002c 3B68     		ldr	r3, [r7]
 164 002e 7A68     		ldr	r2, [r7, #4]
 165 0030 1A61     		str	r2, [r3, #16]
 140:Generated_Source\PSoC6\pdl\rtos\FreeRTOS\9.0.0\Source/list.c **** 
 141:Generated_Source\PSoC6\pdl\rtos\FreeRTOS\9.0.0\Source/list.c **** 	( pxList->uxNumberOfItems )++;
 166              		.loc 1 141 0
 167 0032 7B68     		ldr	r3, [r7, #4]
 168 0034 1B68     		ldr	r3, [r3]
 169 0036 5A1C     		adds	r2, r3, #1
 170 0038 7B68     		ldr	r3, [r7, #4]
 171 003a 1A60     		str	r2, [r3]
 142:Generated_Source\PSoC6\pdl\rtos\FreeRTOS\9.0.0\Source/list.c **** }
 172              		.loc 1 142 0
 173 003c 00BF     		nop
 174 003e 1437     		adds	r7, r7, #20
 175              		.cfi_def_cfa_offset 4
 176 0040 BD46     		mov	sp, r7
 177              		.cfi_def_cfa_register 13
 178              		@ sp needed
 179 0042 5DF8047B 		ldr	r7, [sp], #4
 180              		.cfi_restore 7
 181              		.cfi_def_cfa_offset 0
 182 0046 7047     		bx	lr
 183              		.cfi_endproc
 184              	.LFE131:
 185              		.size	vListInsertEnd, .-vListInsertEnd
 186              		.section	.text.vListInsert,"ax",%progbits
 187              		.align	2
 188              		.global	vListInsert
 189              		.thumb
 190              		.thumb_func
 191              		.type	vListInsert, %function
 192              	vListInsert:
 193              	.LFB132:
 143:Generated_Source\PSoC6\pdl\rtos\FreeRTOS\9.0.0\Source/list.c **** /*-----------------------------------------------------------*/
 144:Generated_Source\PSoC6\pdl\rtos\FreeRTOS\9.0.0\Source/list.c **** 
 145:Generated_Source\PSoC6\pdl\rtos\FreeRTOS\9.0.0\Source/list.c **** void vListInsert( List_t * const pxList, ListItem_t * const pxNewListItem )
 146:Generated_Source\PSoC6\pdl\rtos\FreeRTOS\9.0.0\Source/list.c **** {
 194              		.loc 1 146 0
 195              		.cfi_startproc
 196              		@ args = 0, pretend = 0, frame = 16
ARM GAS  C:\Users\ikomb\AppData\Local\Temp\ccrLq7Qx.s 			page 7


 197              		@ frame_needed = 1, uses_anonymous_args = 0
 198              		@ link register save eliminated.
 199 0000 80B4     		push	{r7}
 200              		.cfi_def_cfa_offset 4
 201              		.cfi_offset 7, -4
 202 0002 85B0     		sub	sp, sp, #20
 203              		.cfi_def_cfa_offset 24
 204 0004 00AF     		add	r7, sp, #0
 205              		.cfi_def_cfa_register 7
 206 0006 7860     		str	r0, [r7, #4]
 207 0008 3960     		str	r1, [r7]
 147:Generated_Source\PSoC6\pdl\rtos\FreeRTOS\9.0.0\Source/list.c **** ListItem_t *pxIterator;
 148:Generated_Source\PSoC6\pdl\rtos\FreeRTOS\9.0.0\Source/list.c **** const TickType_t xValueOfInsertion = pxNewListItem->xItemValue;
 208              		.loc 1 148 0
 209 000a 3B68     		ldr	r3, [r7]
 210 000c 1B68     		ldr	r3, [r3]
 211 000e BB60     		str	r3, [r7, #8]
 149:Generated_Source\PSoC6\pdl\rtos\FreeRTOS\9.0.0\Source/list.c **** 
 150:Generated_Source\PSoC6\pdl\rtos\FreeRTOS\9.0.0\Source/list.c **** 	/* Only effective when configASSERT() is also defined, these tests may catch
 151:Generated_Source\PSoC6\pdl\rtos\FreeRTOS\9.0.0\Source/list.c **** 	the list data structures being overwritten in memory.  They will not catch
 152:Generated_Source\PSoC6\pdl\rtos\FreeRTOS\9.0.0\Source/list.c **** 	data errors caused by incorrect configuration or use of FreeRTOS. */
 153:Generated_Source\PSoC6\pdl\rtos\FreeRTOS\9.0.0\Source/list.c **** 	listTEST_LIST_INTEGRITY( pxList );
 154:Generated_Source\PSoC6\pdl\rtos\FreeRTOS\9.0.0\Source/list.c **** 	listTEST_LIST_ITEM_INTEGRITY( pxNewListItem );
 155:Generated_Source\PSoC6\pdl\rtos\FreeRTOS\9.0.0\Source/list.c **** 
 156:Generated_Source\PSoC6\pdl\rtos\FreeRTOS\9.0.0\Source/list.c **** 	/* Insert the new list item into the list, sorted in xItemValue order.
 157:Generated_Source\PSoC6\pdl\rtos\FreeRTOS\9.0.0\Source/list.c **** 
 158:Generated_Source\PSoC6\pdl\rtos\FreeRTOS\9.0.0\Source/list.c **** 	If the list already contains a list item with the same item value then the
 159:Generated_Source\PSoC6\pdl\rtos\FreeRTOS\9.0.0\Source/list.c **** 	new list item should be placed after it.  This ensures that TCB's which are
 160:Generated_Source\PSoC6\pdl\rtos\FreeRTOS\9.0.0\Source/list.c **** 	stored in ready lists (all of which have the same xItemValue value) get a
 161:Generated_Source\PSoC6\pdl\rtos\FreeRTOS\9.0.0\Source/list.c **** 	share of the CPU.  However, if the xItemValue is the same as the back marker
 162:Generated_Source\PSoC6\pdl\rtos\FreeRTOS\9.0.0\Source/list.c **** 	the iteration loop below will not end.  Therefore the value is checked
 163:Generated_Source\PSoC6\pdl\rtos\FreeRTOS\9.0.0\Source/list.c **** 	first, and the algorithm slightly modified if necessary. */
 164:Generated_Source\PSoC6\pdl\rtos\FreeRTOS\9.0.0\Source/list.c **** 	if( xValueOfInsertion == portMAX_DELAY )
 212              		.loc 1 164 0
 213 0010 BB68     		ldr	r3, [r7, #8]
 214 0012 B3F1FF3F 		cmp	r3, #-1
 215 0016 03D1     		bne	.L5
 165:Generated_Source\PSoC6\pdl\rtos\FreeRTOS\9.0.0\Source/list.c **** 	{
 166:Generated_Source\PSoC6\pdl\rtos\FreeRTOS\9.0.0\Source/list.c **** 		pxIterator = pxList->xListEnd.pxPrevious;
 216              		.loc 1 166 0
 217 0018 7B68     		ldr	r3, [r7, #4]
 218 001a 1B69     		ldr	r3, [r3, #16]
 219 001c FB60     		str	r3, [r7, #12]
 220 001e 0CE0     		b	.L6
 221              	.L5:
 167:Generated_Source\PSoC6\pdl\rtos\FreeRTOS\9.0.0\Source/list.c **** 	}
 168:Generated_Source\PSoC6\pdl\rtos\FreeRTOS\9.0.0\Source/list.c **** 	else
 169:Generated_Source\PSoC6\pdl\rtos\FreeRTOS\9.0.0\Source/list.c **** 	{
 170:Generated_Source\PSoC6\pdl\rtos\FreeRTOS\9.0.0\Source/list.c **** 		/* *** NOTE ***********************************************************
 171:Generated_Source\PSoC6\pdl\rtos\FreeRTOS\9.0.0\Source/list.c **** 		If you find your application is crashing here then likely causes are
 172:Generated_Source\PSoC6\pdl\rtos\FreeRTOS\9.0.0\Source/list.c **** 		listed below.  In addition see http://www.freertos.org/FAQHelp.html for
 173:Generated_Source\PSoC6\pdl\rtos\FreeRTOS\9.0.0\Source/list.c **** 		more tips, and ensure configASSERT() is defined!
 174:Generated_Source\PSoC6\pdl\rtos\FreeRTOS\9.0.0\Source/list.c **** 		http://www.freertos.org/a00110.html#configASSERT
 175:Generated_Source\PSoC6\pdl\rtos\FreeRTOS\9.0.0\Source/list.c **** 
 176:Generated_Source\PSoC6\pdl\rtos\FreeRTOS\9.0.0\Source/list.c **** 			1) Stack overflow -
 177:Generated_Source\PSoC6\pdl\rtos\FreeRTOS\9.0.0\Source/list.c **** 			   see http://www.freertos.org/Stacks-and-stack-overflow-checking.html
 178:Generated_Source\PSoC6\pdl\rtos\FreeRTOS\9.0.0\Source/list.c **** 			2) Incorrect interrupt priority assignment, especially on Cortex-M
ARM GAS  C:\Users\ikomb\AppData\Local\Temp\ccrLq7Qx.s 			page 8


 179:Generated_Source\PSoC6\pdl\rtos\FreeRTOS\9.0.0\Source/list.c **** 			   parts where numerically high priority values denote low actual
 180:Generated_Source\PSoC6\pdl\rtos\FreeRTOS\9.0.0\Source/list.c **** 			   interrupt priorities, which can seem counter intuitive.  See
 181:Generated_Source\PSoC6\pdl\rtos\FreeRTOS\9.0.0\Source/list.c **** 			   http://www.freertos.org/RTOS-Cortex-M3-M4.html and the definition
 182:Generated_Source\PSoC6\pdl\rtos\FreeRTOS\9.0.0\Source/list.c **** 			   of configMAX_SYSCALL_INTERRUPT_PRIORITY on
 183:Generated_Source\PSoC6\pdl\rtos\FreeRTOS\9.0.0\Source/list.c **** 			   http://www.freertos.org/a00110.html
 184:Generated_Source\PSoC6\pdl\rtos\FreeRTOS\9.0.0\Source/list.c **** 			3) Calling an API function from within a critical section or when
 185:Generated_Source\PSoC6\pdl\rtos\FreeRTOS\9.0.0\Source/list.c **** 			   the scheduler is suspended, or calling an API function that does
 186:Generated_Source\PSoC6\pdl\rtos\FreeRTOS\9.0.0\Source/list.c **** 			   not end in "FromISR" from an interrupt.
 187:Generated_Source\PSoC6\pdl\rtos\FreeRTOS\9.0.0\Source/list.c **** 			4) Using a queue or semaphore before it has been initialised or
 188:Generated_Source\PSoC6\pdl\rtos\FreeRTOS\9.0.0\Source/list.c **** 			   before the scheduler has been started (are interrupts firing
 189:Generated_Source\PSoC6\pdl\rtos\FreeRTOS\9.0.0\Source/list.c **** 			   before vTaskStartScheduler() has been called?).
 190:Generated_Source\PSoC6\pdl\rtos\FreeRTOS\9.0.0\Source/list.c **** 		**********************************************************************/
 191:Generated_Source\PSoC6\pdl\rtos\FreeRTOS\9.0.0\Source/list.c **** 
 192:Generated_Source\PSoC6\pdl\rtos\FreeRTOS\9.0.0\Source/list.c **** 		for( pxIterator = ( ListItem_t * ) &( pxList->xListEnd ); pxIterator->pxNext->xItemValue <= xValu
 222              		.loc 1 192 0
 223 0020 7B68     		ldr	r3, [r7, #4]
 224 0022 0833     		adds	r3, r3, #8
 225 0024 FB60     		str	r3, [r7, #12]
 226 0026 02E0     		b	.L7
 227              	.L8:
 228              		.loc 1 192 0 is_stmt 0 discriminator 3
 229 0028 FB68     		ldr	r3, [r7, #12]
 230 002a 5B68     		ldr	r3, [r3, #4]
 231 002c FB60     		str	r3, [r7, #12]
 232              	.L7:
 233              		.loc 1 192 0 discriminator 1
 234 002e FB68     		ldr	r3, [r7, #12]
 235 0030 5B68     		ldr	r3, [r3, #4]
 236 0032 1A68     		ldr	r2, [r3]
 237 0034 BB68     		ldr	r3, [r7, #8]
 238 0036 9A42     		cmp	r2, r3
 239 0038 F6D9     		bls	.L8
 240              	.L6:
 193:Generated_Source\PSoC6\pdl\rtos\FreeRTOS\9.0.0\Source/list.c **** 		{
 194:Generated_Source\PSoC6\pdl\rtos\FreeRTOS\9.0.0\Source/list.c **** 			/* There is nothing to do here, just iterating to the wanted
 195:Generated_Source\PSoC6\pdl\rtos\FreeRTOS\9.0.0\Source/list.c **** 			insertion position. */
 196:Generated_Source\PSoC6\pdl\rtos\FreeRTOS\9.0.0\Source/list.c **** 		}
 197:Generated_Source\PSoC6\pdl\rtos\FreeRTOS\9.0.0\Source/list.c **** 	}
 198:Generated_Source\PSoC6\pdl\rtos\FreeRTOS\9.0.0\Source/list.c **** 
 199:Generated_Source\PSoC6\pdl\rtos\FreeRTOS\9.0.0\Source/list.c **** 	pxNewListItem->pxNext = pxIterator->pxNext;
 241              		.loc 1 199 0 is_stmt 1
 242 003a FB68     		ldr	r3, [r7, #12]
 243 003c 5A68     		ldr	r2, [r3, #4]
 244 003e 3B68     		ldr	r3, [r7]
 245 0040 5A60     		str	r2, [r3, #4]
 200:Generated_Source\PSoC6\pdl\rtos\FreeRTOS\9.0.0\Source/list.c **** 	pxNewListItem->pxNext->pxPrevious = pxNewListItem;
 246              		.loc 1 200 0
 247 0042 3B68     		ldr	r3, [r7]
 248 0044 5B68     		ldr	r3, [r3, #4]
 249 0046 3A68     		ldr	r2, [r7]
 250 0048 9A60     		str	r2, [r3, #8]
 201:Generated_Source\PSoC6\pdl\rtos\FreeRTOS\9.0.0\Source/list.c **** 	pxNewListItem->pxPrevious = pxIterator;
 251              		.loc 1 201 0
 252 004a 3B68     		ldr	r3, [r7]
 253 004c FA68     		ldr	r2, [r7, #12]
 254 004e 9A60     		str	r2, [r3, #8]
 202:Generated_Source\PSoC6\pdl\rtos\FreeRTOS\9.0.0\Source/list.c **** 	pxIterator->pxNext = pxNewListItem;
ARM GAS  C:\Users\ikomb\AppData\Local\Temp\ccrLq7Qx.s 			page 9


 255              		.loc 1 202 0
 256 0050 FB68     		ldr	r3, [r7, #12]
 257 0052 3A68     		ldr	r2, [r7]
 258 0054 5A60     		str	r2, [r3, #4]
 203:Generated_Source\PSoC6\pdl\rtos\FreeRTOS\9.0.0\Source/list.c **** 
 204:Generated_Source\PSoC6\pdl\rtos\FreeRTOS\9.0.0\Source/list.c **** 	/* Remember which list the item is in.  This allows fast removal of the
 205:Generated_Source\PSoC6\pdl\rtos\FreeRTOS\9.0.0\Source/list.c **** 	item later. */
 206:Generated_Source\PSoC6\pdl\rtos\FreeRTOS\9.0.0\Source/list.c **** 	pxNewListItem->pvContainer = ( void * ) pxList;
 259              		.loc 1 206 0
 260 0056 3B68     		ldr	r3, [r7]
 261 0058 7A68     		ldr	r2, [r7, #4]
 262 005a 1A61     		str	r2, [r3, #16]
 207:Generated_Source\PSoC6\pdl\rtos\FreeRTOS\9.0.0\Source/list.c **** 
 208:Generated_Source\PSoC6\pdl\rtos\FreeRTOS\9.0.0\Source/list.c **** 	( pxList->uxNumberOfItems )++;
 263              		.loc 1 208 0
 264 005c 7B68     		ldr	r3, [r7, #4]
 265 005e 1B68     		ldr	r3, [r3]
 266 0060 5A1C     		adds	r2, r3, #1
 267 0062 7B68     		ldr	r3, [r7, #4]
 268 0064 1A60     		str	r2, [r3]
 209:Generated_Source\PSoC6\pdl\rtos\FreeRTOS\9.0.0\Source/list.c **** }
 269              		.loc 1 209 0
 270 0066 00BF     		nop
 271 0068 1437     		adds	r7, r7, #20
 272              		.cfi_def_cfa_offset 4
 273 006a BD46     		mov	sp, r7
 274              		.cfi_def_cfa_register 13
 275              		@ sp needed
 276 006c 5DF8047B 		ldr	r7, [sp], #4
 277              		.cfi_restore 7
 278              		.cfi_def_cfa_offset 0
 279 0070 7047     		bx	lr
 280              		.cfi_endproc
 281              	.LFE132:
 282              		.size	vListInsert, .-vListInsert
 283 0072 00BF     		.section	.text.uxListRemove,"ax",%progbits
 284              		.align	2
 285              		.global	uxListRemove
 286              		.thumb
 287              		.thumb_func
 288              		.type	uxListRemove, %function
 289              	uxListRemove:
 290              	.LFB133:
 210:Generated_Source\PSoC6\pdl\rtos\FreeRTOS\9.0.0\Source/list.c **** /*-----------------------------------------------------------*/
 211:Generated_Source\PSoC6\pdl\rtos\FreeRTOS\9.0.0\Source/list.c **** 
 212:Generated_Source\PSoC6\pdl\rtos\FreeRTOS\9.0.0\Source/list.c **** UBaseType_t uxListRemove( ListItem_t * const pxItemToRemove )
 213:Generated_Source\PSoC6\pdl\rtos\FreeRTOS\9.0.0\Source/list.c **** {
 291              		.loc 1 213 0
 292              		.cfi_startproc
 293              		@ args = 0, pretend = 0, frame = 16
 294              		@ frame_needed = 1, uses_anonymous_args = 0
 295              		@ link register save eliminated.
 296 0000 80B4     		push	{r7}
 297              		.cfi_def_cfa_offset 4
 298              		.cfi_offset 7, -4
 299 0002 85B0     		sub	sp, sp, #20
 300              		.cfi_def_cfa_offset 24
ARM GAS  C:\Users\ikomb\AppData\Local\Temp\ccrLq7Qx.s 			page 10


 301 0004 00AF     		add	r7, sp, #0
 302              		.cfi_def_cfa_register 7
 303 0006 7860     		str	r0, [r7, #4]
 214:Generated_Source\PSoC6\pdl\rtos\FreeRTOS\9.0.0\Source/list.c **** /* The list item knows which list it is in.  Obtain the list from the list
 215:Generated_Source\PSoC6\pdl\rtos\FreeRTOS\9.0.0\Source/list.c **** item. */
 216:Generated_Source\PSoC6\pdl\rtos\FreeRTOS\9.0.0\Source/list.c **** List_t * const pxList = ( List_t * ) pxItemToRemove->pvContainer;
 304              		.loc 1 216 0
 305 0008 7B68     		ldr	r3, [r7, #4]
 306 000a 1B69     		ldr	r3, [r3, #16]
 307 000c FB60     		str	r3, [r7, #12]
 217:Generated_Source\PSoC6\pdl\rtos\FreeRTOS\9.0.0\Source/list.c **** 
 218:Generated_Source\PSoC6\pdl\rtos\FreeRTOS\9.0.0\Source/list.c **** 	pxItemToRemove->pxNext->pxPrevious = pxItemToRemove->pxPrevious;
 308              		.loc 1 218 0
 309 000e 7B68     		ldr	r3, [r7, #4]
 310 0010 5B68     		ldr	r3, [r3, #4]
 311 0012 7A68     		ldr	r2, [r7, #4]
 312 0014 9268     		ldr	r2, [r2, #8]
 313 0016 9A60     		str	r2, [r3, #8]
 219:Generated_Source\PSoC6\pdl\rtos\FreeRTOS\9.0.0\Source/list.c **** 	pxItemToRemove->pxPrevious->pxNext = pxItemToRemove->pxNext;
 314              		.loc 1 219 0
 315 0018 7B68     		ldr	r3, [r7, #4]
 316 001a 9B68     		ldr	r3, [r3, #8]
 317 001c 7A68     		ldr	r2, [r7, #4]
 318 001e 5268     		ldr	r2, [r2, #4]
 319 0020 5A60     		str	r2, [r3, #4]
 220:Generated_Source\PSoC6\pdl\rtos\FreeRTOS\9.0.0\Source/list.c **** 
 221:Generated_Source\PSoC6\pdl\rtos\FreeRTOS\9.0.0\Source/list.c **** 	/* Only used during decision coverage testing. */
 222:Generated_Source\PSoC6\pdl\rtos\FreeRTOS\9.0.0\Source/list.c **** 	mtCOVERAGE_TEST_DELAY();
 223:Generated_Source\PSoC6\pdl\rtos\FreeRTOS\9.0.0\Source/list.c **** 
 224:Generated_Source\PSoC6\pdl\rtos\FreeRTOS\9.0.0\Source/list.c **** 	/* Make sure the index is left pointing to a valid item. */
 225:Generated_Source\PSoC6\pdl\rtos\FreeRTOS\9.0.0\Source/list.c **** 	if( pxList->pxIndex == pxItemToRemove )
 320              		.loc 1 225 0
 321 0022 FB68     		ldr	r3, [r7, #12]
 322 0024 5A68     		ldr	r2, [r3, #4]
 323 0026 7B68     		ldr	r3, [r7, #4]
 324 0028 9A42     		cmp	r2, r3
 325 002a 03D1     		bne	.L10
 226:Generated_Source\PSoC6\pdl\rtos\FreeRTOS\9.0.0\Source/list.c **** 	{
 227:Generated_Source\PSoC6\pdl\rtos\FreeRTOS\9.0.0\Source/list.c **** 		pxList->pxIndex = pxItemToRemove->pxPrevious;
 326              		.loc 1 227 0
 327 002c 7B68     		ldr	r3, [r7, #4]
 328 002e 9A68     		ldr	r2, [r3, #8]
 329 0030 FB68     		ldr	r3, [r7, #12]
 330 0032 5A60     		str	r2, [r3, #4]
 331              	.L10:
 228:Generated_Source\PSoC6\pdl\rtos\FreeRTOS\9.0.0\Source/list.c **** 	}
 229:Generated_Source\PSoC6\pdl\rtos\FreeRTOS\9.0.0\Source/list.c **** 	else
 230:Generated_Source\PSoC6\pdl\rtos\FreeRTOS\9.0.0\Source/list.c **** 	{
 231:Generated_Source\PSoC6\pdl\rtos\FreeRTOS\9.0.0\Source/list.c **** 		mtCOVERAGE_TEST_MARKER();
 232:Generated_Source\PSoC6\pdl\rtos\FreeRTOS\9.0.0\Source/list.c **** 	}
 233:Generated_Source\PSoC6\pdl\rtos\FreeRTOS\9.0.0\Source/list.c **** 
 234:Generated_Source\PSoC6\pdl\rtos\FreeRTOS\9.0.0\Source/list.c **** 	pxItemToRemove->pvContainer = NULL;
 332              		.loc 1 234 0
 333 0034 7B68     		ldr	r3, [r7, #4]
 334 0036 0022     		movs	r2, #0
 335 0038 1A61     		str	r2, [r3, #16]
 235:Generated_Source\PSoC6\pdl\rtos\FreeRTOS\9.0.0\Source/list.c **** 	( pxList->uxNumberOfItems )--;
ARM GAS  C:\Users\ikomb\AppData\Local\Temp\ccrLq7Qx.s 			page 11


 336              		.loc 1 235 0
 337 003a FB68     		ldr	r3, [r7, #12]
 338 003c 1B68     		ldr	r3, [r3]
 339 003e 5A1E     		subs	r2, r3, #1
 340 0040 FB68     		ldr	r3, [r7, #12]
 341 0042 1A60     		str	r2, [r3]
 236:Generated_Source\PSoC6\pdl\rtos\FreeRTOS\9.0.0\Source/list.c **** 
 237:Generated_Source\PSoC6\pdl\rtos\FreeRTOS\9.0.0\Source/list.c **** 	return pxList->uxNumberOfItems;
 342              		.loc 1 237 0
 343 0044 FB68     		ldr	r3, [r7, #12]
 344 0046 1B68     		ldr	r3, [r3]
 238:Generated_Source\PSoC6\pdl\rtos\FreeRTOS\9.0.0\Source/list.c **** }
 345              		.loc 1 238 0
 346 0048 1846     		mov	r0, r3
 347 004a 1437     		adds	r7, r7, #20
 348              		.cfi_def_cfa_offset 4
 349 004c BD46     		mov	sp, r7
 350              		.cfi_def_cfa_register 13
 351              		@ sp needed
 352 004e 5DF8047B 		ldr	r7, [sp], #4
 353              		.cfi_restore 7
 354              		.cfi_def_cfa_offset 0
 355 0052 7047     		bx	lr
 356              		.cfi_endproc
 357              	.LFE133:
 358              		.size	uxListRemove, .-uxListRemove
 359              		.text
 360              	.Letext0:
 361              		.file 2 "c:\\program files (x86)\\cypress\\psoc creator\\4.4\\psoc creator\\import\\gnu\\arm\\5.4.
 362              		.file 3 "c:\\program files (x86)\\cypress\\psoc creator\\4.4\\psoc creator\\import\\gnu\\arm\\5.4.
 363              		.file 4 "Generated_Source\\PSoC6\\pdl\\rtos/FreeRTOS/9.0.0/Source/portable/GCC/CM4F/portmacro.h"
 364              		.file 5 "Generated_Source\\PSoC6\\pdl\\rtos/FreeRTOS/9.0.0/Source/include/list.h"
 365              		.file 6 "Generated_Source\\PSoC6\\pdl\\cmsis/include/core_cm4.h"
 366              		.section	.debug_info,"",%progbits
 367              	.Ldebug_info0:
 368 0000 D9020000 		.4byte	0x2d9
 369 0004 0400     		.2byte	0x4
 370 0006 00000000 		.4byte	.Ldebug_abbrev0
 371 000a 04       		.byte	0x4
 372 000b 01       		.uleb128 0x1
 373 000c FB000000 		.4byte	.LASF44
 374 0010 0C       		.byte	0xc
 375 0011 2E000000 		.4byte	.LASF45
 376 0015 7A020000 		.4byte	.LASF46
 377 0019 00000000 		.4byte	.Ldebug_ranges0+0
 378 001d 00000000 		.4byte	0
 379 0021 00000000 		.4byte	.Ldebug_line0
 380 0025 02       		.uleb128 0x2
 381 0026 04       		.byte	0x4
 382 0027 07       		.byte	0x7
 383 0028 07020000 		.4byte	.LASF0
 384 002c 03       		.uleb128 0x3
 385 002d 04       		.byte	0x4
 386 002e 05       		.byte	0x5
 387 002f 696E7400 		.ascii	"int\000"
 388 0033 02       		.uleb128 0x2
 389 0034 08       		.byte	0x8
ARM GAS  C:\Users\ikomb\AppData\Local\Temp\ccrLq7Qx.s 			page 12


 390 0035 05       		.byte	0x5
 391 0036 6C020000 		.4byte	.LASF1
 392 003a 02       		.uleb128 0x2
 393 003b 08       		.byte	0x8
 394 003c 04       		.byte	0x4
 395 003d 11030000 		.4byte	.LASF2
 396 0041 02       		.uleb128 0x2
 397 0042 01       		.byte	0x1
 398 0043 06       		.byte	0x6
 399 0044 2D030000 		.4byte	.LASF3
 400 0048 02       		.uleb128 0x2
 401 0049 01       		.byte	0x1
 402 004a 08       		.byte	0x8
 403 004b B9000000 		.4byte	.LASF4
 404 004f 02       		.uleb128 0x2
 405 0050 02       		.byte	0x2
 406 0051 05       		.byte	0x5
 407 0052 E5020000 		.4byte	.LASF5
 408 0056 02       		.uleb128 0x2
 409 0057 02       		.byte	0x2
 410 0058 07       		.byte	0x7
 411 0059 E8000000 		.4byte	.LASF6
 412 005d 04       		.uleb128 0x4
 413 005e 6B000000 		.4byte	.LASF8
 414 0062 02       		.byte	0x2
 415 0063 3F       		.byte	0x3f
 416 0064 68000000 		.4byte	0x68
 417 0068 02       		.uleb128 0x2
 418 0069 04       		.byte	0x4
 419 006a 05       		.byte	0x5
 420 006b 03030000 		.4byte	.LASF7
 421 006f 04       		.uleb128 0x4
 422 0070 DD010000 		.4byte	.LASF9
 423 0074 02       		.byte	0x2
 424 0075 41       		.byte	0x41
 425 0076 7A000000 		.4byte	0x7a
 426 007a 02       		.uleb128 0x2
 427 007b 04       		.byte	0x4
 428 007c 07       		.byte	0x7
 429 007d C7000000 		.4byte	.LASF10
 430 0081 02       		.uleb128 0x2
 431 0082 08       		.byte	0x8
 432 0083 07       		.byte	0x7
 433 0084 A2000000 		.4byte	.LASF11
 434 0088 02       		.uleb128 0x2
 435 0089 04       		.byte	0x4
 436 008a 07       		.byte	0x7
 437 008b 63020000 		.4byte	.LASF12
 438 008f 05       		.uleb128 0x5
 439 0090 04       		.byte	0x4
 440 0091 02       		.uleb128 0x2
 441 0092 01       		.byte	0x1
 442 0093 08       		.byte	0x8
 443 0094 0C030000 		.4byte	.LASF13
 444 0098 04       		.uleb128 0x4
 445 0099 5B020000 		.4byte	.LASF14
 446 009d 03       		.byte	0x3
ARM GAS  C:\Users\ikomb\AppData\Local\Temp\ccrLq7Qx.s 			page 13


 447 009e 2C       		.byte	0x2c
 448 009f 5D000000 		.4byte	0x5d
 449 00a3 04       		.uleb128 0x4
 450 00a4 FA020000 		.4byte	.LASF15
 451 00a8 03       		.byte	0x3
 452 00a9 30       		.byte	0x30
 453 00aa 6F000000 		.4byte	0x6f
 454 00ae 02       		.uleb128 0x2
 455 00af 04       		.byte	0x4
 456 00b0 04       		.byte	0x4
 457 00b1 9C000000 		.4byte	.LASF16
 458 00b5 02       		.uleb128 0x2
 459 00b6 08       		.byte	0x8
 460 00b7 04       		.byte	0x4
 461 00b8 D6010000 		.4byte	.LASF17
 462 00bc 04       		.uleb128 0x4
 463 00bd 44020000 		.4byte	.LASF18
 464 00c1 04       		.byte	0x4
 465 00c2 63       		.byte	0x63
 466 00c3 7A000000 		.4byte	0x7a
 467 00c7 04       		.uleb128 0x4
 468 00c8 00000000 		.4byte	.LASF19
 469 00cc 04       		.byte	0x4
 470 00cd 69       		.byte	0x69
 471 00ce A3000000 		.4byte	0xa3
 472 00d2 06       		.uleb128 0x6
 473 00d3 91000000 		.4byte	.LASF26
 474 00d7 14       		.byte	0x14
 475 00d8 05       		.byte	0x5
 476 00d9 B5       		.byte	0xb5
 477 00da 1B010000 		.4byte	0x11b
 478 00de 07       		.uleb128 0x7
 479 00df 75000000 		.4byte	.LASF20
 480 00e3 05       		.byte	0x5
 481 00e4 B8       		.byte	0xb8
 482 00e5 C7000000 		.4byte	0xc7
 483 00e9 00       		.byte	0
 484 00ea 07       		.uleb128 0x7
 485 00eb 36020000 		.4byte	.LASF21
 486 00ef 05       		.byte	0x5
 487 00f0 B9       		.byte	0xb9
 488 00f1 1B010000 		.4byte	0x11b
 489 00f5 04       		.byte	0x4
 490 00f6 07       		.uleb128 0x7
 491 00f7 EF020000 		.4byte	.LASF22
 492 00fb 05       		.byte	0x5
 493 00fc BA       		.byte	0xba
 494 00fd 1B010000 		.4byte	0x11b
 495 0101 08       		.byte	0x8
 496 0102 07       		.uleb128 0x7
 497 0103 89000000 		.4byte	.LASF23
 498 0107 05       		.byte	0x5
 499 0108 BB       		.byte	0xbb
 500 0109 8F000000 		.4byte	0x8f
 501 010d 0C       		.byte	0xc
 502 010e 07       		.uleb128 0x7
 503 010f 0B000000 		.4byte	.LASF24
ARM GAS  C:\Users\ikomb\AppData\Local\Temp\ccrLq7Qx.s 			page 14


 504 0113 05       		.byte	0x5
 505 0114 BC       		.byte	0xbc
 506 0115 8F000000 		.4byte	0x8f
 507 0119 10       		.byte	0x10
 508 011a 00       		.byte	0
 509 011b 08       		.uleb128 0x8
 510 011c 04       		.byte	0x4
 511 011d D2000000 		.4byte	0xd2
 512 0121 04       		.uleb128 0x4
 513 0122 50020000 		.4byte	.LASF25
 514 0126 05       		.byte	0x5
 515 0127 BF       		.byte	0xbf
 516 0128 D2000000 		.4byte	0xd2
 517 012c 06       		.uleb128 0x6
 518 012d 1D030000 		.4byte	.LASF27
 519 0131 0C       		.byte	0xc
 520 0132 05       		.byte	0x5
 521 0133 C1       		.byte	0xc1
 522 0134 5D010000 		.4byte	0x15d
 523 0138 07       		.uleb128 0x7
 524 0139 75000000 		.4byte	.LASF20
 525 013d 05       		.byte	0x5
 526 013e C4       		.byte	0xc4
 527 013f C7000000 		.4byte	0xc7
 528 0143 00       		.byte	0
 529 0144 07       		.uleb128 0x7
 530 0145 36020000 		.4byte	.LASF21
 531 0149 05       		.byte	0x5
 532 014a C5       		.byte	0xc5
 533 014b 1B010000 		.4byte	0x11b
 534 014f 04       		.byte	0x4
 535 0150 07       		.uleb128 0x7
 536 0151 EF020000 		.4byte	.LASF22
 537 0155 05       		.byte	0x5
 538 0156 C6       		.byte	0xc6
 539 0157 1B010000 		.4byte	0x11b
 540 015b 08       		.byte	0x8
 541 015c 00       		.byte	0
 542 015d 04       		.uleb128 0x4
 543 015e 1F000000 		.4byte	.LASF28
 544 0162 05       		.byte	0x5
 545 0163 C8       		.byte	0xc8
 546 0164 2C010000 		.4byte	0x12c
 547 0168 06       		.uleb128 0x6
 548 0169 40030000 		.4byte	.LASF29
 549 016d 14       		.byte	0x14
 550 016e 05       		.byte	0x5
 551 016f CD       		.byte	0xcd
 552 0170 99010000 		.4byte	0x199
 553 0174 07       		.uleb128 0x7
 554 0175 E8010000 		.4byte	.LASF30
 555 0179 05       		.byte	0x5
 556 017a D0       		.byte	0xd0
 557 017b BC000000 		.4byte	0xbc
 558 017f 00       		.byte	0
 559 0180 07       		.uleb128 0x7
 560 0181 17000000 		.4byte	.LASF31
ARM GAS  C:\Users\ikomb\AppData\Local\Temp\ccrLq7Qx.s 			page 15


 561 0185 05       		.byte	0x5
 562 0186 D1       		.byte	0xd1
 563 0187 99010000 		.4byte	0x199
 564 018b 04       		.byte	0x4
 565 018c 07       		.uleb128 0x7
 566 018d 80000000 		.4byte	.LASF32
 567 0191 05       		.byte	0x5
 568 0192 D2       		.byte	0xd2
 569 0193 5D010000 		.4byte	0x15d
 570 0197 08       		.byte	0x8
 571 0198 00       		.byte	0
 572 0199 08       		.uleb128 0x8
 573 019a 04       		.byte	0x4
 574 019b 21010000 		.4byte	0x121
 575 019f 04       		.uleb128 0x4
 576 01a0 CF010000 		.4byte	.LASF33
 577 01a4 05       		.byte	0x5
 578 01a5 D4       		.byte	0xd4
 579 01a6 68010000 		.4byte	0x168
 580 01aa 09       		.uleb128 0x9
 581 01ab 14020000 		.4byte	.LASF34
 582 01af 01       		.byte	0x1
 583 01b0 4F       		.byte	0x4f
 584 01b1 00000000 		.4byte	.LFB129
 585 01b5 40000000 		.4byte	.LFE129-.LFB129
 586 01b9 01       		.uleb128 0x1
 587 01ba 9C       		.byte	0x9c
 588 01bb CE010000 		.4byte	0x1ce
 589 01bf 0A       		.uleb128 0xa
 590 01c0 39030000 		.4byte	.LASF36
 591 01c4 01       		.byte	0x1
 592 01c5 4F       		.byte	0x4f
 593 01c6 D4010000 		.4byte	0x1d4
 594 01ca 02       		.uleb128 0x2
 595 01cb 91       		.byte	0x91
 596 01cc 74       		.sleb128 -12
 597 01cd 00       		.byte	0
 598 01ce 08       		.uleb128 0x8
 599 01cf 04       		.byte	0x4
 600 01d0 9F010000 		.4byte	0x19f
 601 01d4 0B       		.uleb128 0xb
 602 01d5 CE010000 		.4byte	0x1ce
 603 01d9 09       		.uleb128 0x9
 604 01da BB010000 		.4byte	.LASF35
 605 01de 01       		.byte	0x1
 606 01df 68       		.byte	0x68
 607 01e0 00000000 		.4byte	.LFB130
 608 01e4 1A000000 		.4byte	.LFE130-.LFB130
 609 01e8 01       		.uleb128 0x1
 610 01e9 9C       		.byte	0x9c
 611 01ea FD010000 		.4byte	0x1fd
 612 01ee 0A       		.uleb128 0xa
 613 01ef 3D020000 		.4byte	.LASF37
 614 01f3 01       		.byte	0x1
 615 01f4 68       		.byte	0x68
 616 01f5 FD010000 		.4byte	0x1fd
 617 01f9 02       		.uleb128 0x2
ARM GAS  C:\Users\ikomb\AppData\Local\Temp\ccrLq7Qx.s 			page 16


 618 01fa 91       		.byte	0x91
 619 01fb 74       		.sleb128 -12
 620 01fc 00       		.byte	0
 621 01fd 0B       		.uleb128 0xb
 622 01fe 99010000 		.4byte	0x199
 623 0202 09       		.uleb128 0x9
 624 0203 F8010000 		.4byte	.LASF38
 625 0207 01       		.byte	0x1
 626 0208 74       		.byte	0x74
 627 0209 00000000 		.4byte	.LFB131
 628 020d 48000000 		.4byte	.LFE131-.LFB131
 629 0211 01       		.uleb128 0x1
 630 0212 9C       		.byte	0x9c
 631 0213 42020000 		.4byte	0x242
 632 0217 0A       		.uleb128 0xa
 633 0218 39030000 		.4byte	.LASF36
 634 021c 01       		.byte	0x1
 635 021d 74       		.byte	0x74
 636 021e D4010000 		.4byte	0x1d4
 637 0222 02       		.uleb128 0x2
 638 0223 91       		.byte	0x91
 639 0224 6C       		.sleb128 -20
 640 0225 0A       		.uleb128 0xa
 641 0226 53030000 		.4byte	.LASF39
 642 022a 01       		.byte	0x1
 643 022b 74       		.byte	0x74
 644 022c FD010000 		.4byte	0x1fd
 645 0230 02       		.uleb128 0x2
 646 0231 91       		.byte	0x91
 647 0232 68       		.sleb128 -24
 648 0233 0C       		.uleb128 0xc
 649 0234 17000000 		.4byte	.LASF31
 650 0238 01       		.byte	0x1
 651 0239 76       		.byte	0x76
 652 023a FD010000 		.4byte	0x1fd
 653 023e 02       		.uleb128 0x2
 654 023f 91       		.byte	0x91
 655 0240 74       		.sleb128 -12
 656 0241 00       		.byte	0
 657 0242 09       		.uleb128 0x9
 658 0243 61030000 		.4byte	.LASF40
 659 0247 01       		.byte	0x1
 660 0248 91       		.byte	0x91
 661 0249 00000000 		.4byte	.LFB132
 662 024d 72000000 		.4byte	.LFE132-.LFB132
 663 0251 01       		.uleb128 0x1
 664 0252 9C       		.byte	0x9c
 665 0253 90020000 		.4byte	0x290
 666 0257 0A       		.uleb128 0xa
 667 0258 39030000 		.4byte	.LASF36
 668 025c 01       		.byte	0x1
 669 025d 91       		.byte	0x91
 670 025e D4010000 		.4byte	0x1d4
 671 0262 02       		.uleb128 0x2
 672 0263 91       		.byte	0x91
 673 0264 6C       		.sleb128 -20
 674 0265 0A       		.uleb128 0xa
ARM GAS  C:\Users\ikomb\AppData\Local\Temp\ccrLq7Qx.s 			page 17


 675 0266 53030000 		.4byte	.LASF39
 676 026a 01       		.byte	0x1
 677 026b 91       		.byte	0x91
 678 026c FD010000 		.4byte	0x1fd
 679 0270 02       		.uleb128 0x2
 680 0271 91       		.byte	0x91
 681 0272 68       		.sleb128 -24
 682 0273 0C       		.uleb128 0xc
 683 0274 DA020000 		.4byte	.LASF41
 684 0278 01       		.byte	0x1
 685 0279 93       		.byte	0x93
 686 027a 99010000 		.4byte	0x199
 687 027e 02       		.uleb128 0x2
 688 027f 91       		.byte	0x91
 689 0280 74       		.sleb128 -12
 690 0281 0C       		.uleb128 0xc
 691 0282 24020000 		.4byte	.LASF42
 692 0286 01       		.byte	0x1
 693 0287 94       		.byte	0x94
 694 0288 90020000 		.4byte	0x290
 695 028c 02       		.uleb128 0x2
 696 028d 91       		.byte	0x91
 697 028e 70       		.sleb128 -16
 698 028f 00       		.byte	0
 699 0290 0B       		.uleb128 0xb
 700 0291 C7000000 		.4byte	0xc7
 701 0295 0D       		.uleb128 0xd
 702 0296 46030000 		.4byte	.LASF47
 703 029a 01       		.byte	0x1
 704 029b D4       		.byte	0xd4
 705 029c BC000000 		.4byte	0xbc
 706 02a0 00000000 		.4byte	.LFB133
 707 02a4 54000000 		.4byte	.LFE133-.LFB133
 708 02a8 01       		.uleb128 0x1
 709 02a9 9C       		.byte	0x9c
 710 02aa CB020000 		.4byte	0x2cb
 711 02ae 0A       		.uleb128 0xa
 712 02af D9000000 		.4byte	.LASF43
 713 02b3 01       		.byte	0x1
 714 02b4 D4       		.byte	0xd4
 715 02b5 FD010000 		.4byte	0x1fd
 716 02b9 02       		.uleb128 0x2
 717 02ba 91       		.byte	0x91
 718 02bb 6C       		.sleb128 -20
 719 02bc 0C       		.uleb128 0xc
 720 02bd 39030000 		.4byte	.LASF36
 721 02c1 01       		.byte	0x1
 722 02c2 D8       		.byte	0xd8
 723 02c3 D4010000 		.4byte	0x1d4
 724 02c7 02       		.uleb128 0x2
 725 02c8 91       		.byte	0x91
 726 02c9 74       		.sleb128 -12
 727 02ca 00       		.byte	0
 728 02cb 0E       		.uleb128 0xe
 729 02cc AE010000 		.4byte	.LASF48
 730 02d0 06       		.byte	0x6
 731 02d1 EA07     		.2byte	0x7ea
ARM GAS  C:\Users\ikomb\AppData\Local\Temp\ccrLq7Qx.s 			page 18


 732 02d3 D7020000 		.4byte	0x2d7
 733 02d7 0F       		.uleb128 0xf
 734 02d8 98000000 		.4byte	0x98
 735 02dc 00       		.byte	0
 736              		.section	.debug_abbrev,"",%progbits
 737              	.Ldebug_abbrev0:
 738 0000 01       		.uleb128 0x1
 739 0001 11       		.uleb128 0x11
 740 0002 01       		.byte	0x1
 741 0003 25       		.uleb128 0x25
 742 0004 0E       		.uleb128 0xe
 743 0005 13       		.uleb128 0x13
 744 0006 0B       		.uleb128 0xb
 745 0007 03       		.uleb128 0x3
 746 0008 0E       		.uleb128 0xe
 747 0009 1B       		.uleb128 0x1b
 748 000a 0E       		.uleb128 0xe
 749 000b 55       		.uleb128 0x55
 750 000c 17       		.uleb128 0x17
 751 000d 11       		.uleb128 0x11
 752 000e 01       		.uleb128 0x1
 753 000f 10       		.uleb128 0x10
 754 0010 17       		.uleb128 0x17
 755 0011 00       		.byte	0
 756 0012 00       		.byte	0
 757 0013 02       		.uleb128 0x2
 758 0014 24       		.uleb128 0x24
 759 0015 00       		.byte	0
 760 0016 0B       		.uleb128 0xb
 761 0017 0B       		.uleb128 0xb
 762 0018 3E       		.uleb128 0x3e
 763 0019 0B       		.uleb128 0xb
 764 001a 03       		.uleb128 0x3
 765 001b 0E       		.uleb128 0xe
 766 001c 00       		.byte	0
 767 001d 00       		.byte	0
 768 001e 03       		.uleb128 0x3
 769 001f 24       		.uleb128 0x24
 770 0020 00       		.byte	0
 771 0021 0B       		.uleb128 0xb
 772 0022 0B       		.uleb128 0xb
 773 0023 3E       		.uleb128 0x3e
 774 0024 0B       		.uleb128 0xb
 775 0025 03       		.uleb128 0x3
 776 0026 08       		.uleb128 0x8
 777 0027 00       		.byte	0
 778 0028 00       		.byte	0
 779 0029 04       		.uleb128 0x4
 780 002a 16       		.uleb128 0x16
 781 002b 00       		.byte	0
 782 002c 03       		.uleb128 0x3
 783 002d 0E       		.uleb128 0xe
 784 002e 3A       		.uleb128 0x3a
 785 002f 0B       		.uleb128 0xb
 786 0030 3B       		.uleb128 0x3b
 787 0031 0B       		.uleb128 0xb
 788 0032 49       		.uleb128 0x49
ARM GAS  C:\Users\ikomb\AppData\Local\Temp\ccrLq7Qx.s 			page 19


 789 0033 13       		.uleb128 0x13
 790 0034 00       		.byte	0
 791 0035 00       		.byte	0
 792 0036 05       		.uleb128 0x5
 793 0037 0F       		.uleb128 0xf
 794 0038 00       		.byte	0
 795 0039 0B       		.uleb128 0xb
 796 003a 0B       		.uleb128 0xb
 797 003b 00       		.byte	0
 798 003c 00       		.byte	0
 799 003d 06       		.uleb128 0x6
 800 003e 13       		.uleb128 0x13
 801 003f 01       		.byte	0x1
 802 0040 03       		.uleb128 0x3
 803 0041 0E       		.uleb128 0xe
 804 0042 0B       		.uleb128 0xb
 805 0043 0B       		.uleb128 0xb
 806 0044 3A       		.uleb128 0x3a
 807 0045 0B       		.uleb128 0xb
 808 0046 3B       		.uleb128 0x3b
 809 0047 0B       		.uleb128 0xb
 810 0048 01       		.uleb128 0x1
 811 0049 13       		.uleb128 0x13
 812 004a 00       		.byte	0
 813 004b 00       		.byte	0
 814 004c 07       		.uleb128 0x7
 815 004d 0D       		.uleb128 0xd
 816 004e 00       		.byte	0
 817 004f 03       		.uleb128 0x3
 818 0050 0E       		.uleb128 0xe
 819 0051 3A       		.uleb128 0x3a
 820 0052 0B       		.uleb128 0xb
 821 0053 3B       		.uleb128 0x3b
 822 0054 0B       		.uleb128 0xb
 823 0055 49       		.uleb128 0x49
 824 0056 13       		.uleb128 0x13
 825 0057 38       		.uleb128 0x38
 826 0058 0B       		.uleb128 0xb
 827 0059 00       		.byte	0
 828 005a 00       		.byte	0
 829 005b 08       		.uleb128 0x8
 830 005c 0F       		.uleb128 0xf
 831 005d 00       		.byte	0
 832 005e 0B       		.uleb128 0xb
 833 005f 0B       		.uleb128 0xb
 834 0060 49       		.uleb128 0x49
 835 0061 13       		.uleb128 0x13
 836 0062 00       		.byte	0
 837 0063 00       		.byte	0
 838 0064 09       		.uleb128 0x9
 839 0065 2E       		.uleb128 0x2e
 840 0066 01       		.byte	0x1
 841 0067 3F       		.uleb128 0x3f
 842 0068 19       		.uleb128 0x19
 843 0069 03       		.uleb128 0x3
 844 006a 0E       		.uleb128 0xe
 845 006b 3A       		.uleb128 0x3a
ARM GAS  C:\Users\ikomb\AppData\Local\Temp\ccrLq7Qx.s 			page 20


 846 006c 0B       		.uleb128 0xb
 847 006d 3B       		.uleb128 0x3b
 848 006e 0B       		.uleb128 0xb
 849 006f 27       		.uleb128 0x27
 850 0070 19       		.uleb128 0x19
 851 0071 11       		.uleb128 0x11
 852 0072 01       		.uleb128 0x1
 853 0073 12       		.uleb128 0x12
 854 0074 06       		.uleb128 0x6
 855 0075 40       		.uleb128 0x40
 856 0076 18       		.uleb128 0x18
 857 0077 9742     		.uleb128 0x2117
 858 0079 19       		.uleb128 0x19
 859 007a 01       		.uleb128 0x1
 860 007b 13       		.uleb128 0x13
 861 007c 00       		.byte	0
 862 007d 00       		.byte	0
 863 007e 0A       		.uleb128 0xa
 864 007f 05       		.uleb128 0x5
 865 0080 00       		.byte	0
 866 0081 03       		.uleb128 0x3
 867 0082 0E       		.uleb128 0xe
 868 0083 3A       		.uleb128 0x3a
 869 0084 0B       		.uleb128 0xb
 870 0085 3B       		.uleb128 0x3b
 871 0086 0B       		.uleb128 0xb
 872 0087 49       		.uleb128 0x49
 873 0088 13       		.uleb128 0x13
 874 0089 02       		.uleb128 0x2
 875 008a 18       		.uleb128 0x18
 876 008b 00       		.byte	0
 877 008c 00       		.byte	0
 878 008d 0B       		.uleb128 0xb
 879 008e 26       		.uleb128 0x26
 880 008f 00       		.byte	0
 881 0090 49       		.uleb128 0x49
 882 0091 13       		.uleb128 0x13
 883 0092 00       		.byte	0
 884 0093 00       		.byte	0
 885 0094 0C       		.uleb128 0xc
 886 0095 34       		.uleb128 0x34
 887 0096 00       		.byte	0
 888 0097 03       		.uleb128 0x3
 889 0098 0E       		.uleb128 0xe
 890 0099 3A       		.uleb128 0x3a
 891 009a 0B       		.uleb128 0xb
 892 009b 3B       		.uleb128 0x3b
 893 009c 0B       		.uleb128 0xb
 894 009d 49       		.uleb128 0x49
 895 009e 13       		.uleb128 0x13
 896 009f 02       		.uleb128 0x2
 897 00a0 18       		.uleb128 0x18
 898 00a1 00       		.byte	0
 899 00a2 00       		.byte	0
 900 00a3 0D       		.uleb128 0xd
 901 00a4 2E       		.uleb128 0x2e
 902 00a5 01       		.byte	0x1
ARM GAS  C:\Users\ikomb\AppData\Local\Temp\ccrLq7Qx.s 			page 21


 903 00a6 3F       		.uleb128 0x3f
 904 00a7 19       		.uleb128 0x19
 905 00a8 03       		.uleb128 0x3
 906 00a9 0E       		.uleb128 0xe
 907 00aa 3A       		.uleb128 0x3a
 908 00ab 0B       		.uleb128 0xb
 909 00ac 3B       		.uleb128 0x3b
 910 00ad 0B       		.uleb128 0xb
 911 00ae 27       		.uleb128 0x27
 912 00af 19       		.uleb128 0x19
 913 00b0 49       		.uleb128 0x49
 914 00b1 13       		.uleb128 0x13
 915 00b2 11       		.uleb128 0x11
 916 00b3 01       		.uleb128 0x1
 917 00b4 12       		.uleb128 0x12
 918 00b5 06       		.uleb128 0x6
 919 00b6 40       		.uleb128 0x40
 920 00b7 18       		.uleb128 0x18
 921 00b8 9742     		.uleb128 0x2117
 922 00ba 19       		.uleb128 0x19
 923 00bb 01       		.uleb128 0x1
 924 00bc 13       		.uleb128 0x13
 925 00bd 00       		.byte	0
 926 00be 00       		.byte	0
 927 00bf 0E       		.uleb128 0xe
 928 00c0 34       		.uleb128 0x34
 929 00c1 00       		.byte	0
 930 00c2 03       		.uleb128 0x3
 931 00c3 0E       		.uleb128 0xe
 932 00c4 3A       		.uleb128 0x3a
 933 00c5 0B       		.uleb128 0xb
 934 00c6 3B       		.uleb128 0x3b
 935 00c7 05       		.uleb128 0x5
 936 00c8 49       		.uleb128 0x49
 937 00c9 13       		.uleb128 0x13
 938 00ca 3F       		.uleb128 0x3f
 939 00cb 19       		.uleb128 0x19
 940 00cc 3C       		.uleb128 0x3c
 941 00cd 19       		.uleb128 0x19
 942 00ce 00       		.byte	0
 943 00cf 00       		.byte	0
 944 00d0 0F       		.uleb128 0xf
 945 00d1 35       		.uleb128 0x35
 946 00d2 00       		.byte	0
 947 00d3 49       		.uleb128 0x49
 948 00d4 13       		.uleb128 0x13
 949 00d5 00       		.byte	0
 950 00d6 00       		.byte	0
 951 00d7 00       		.byte	0
 952              		.section	.debug_aranges,"",%progbits
 953 0000 3C000000 		.4byte	0x3c
 954 0004 0200     		.2byte	0x2
 955 0006 00000000 		.4byte	.Ldebug_info0
 956 000a 04       		.byte	0x4
 957 000b 00       		.byte	0
 958 000c 0000     		.2byte	0
 959 000e 0000     		.2byte	0
ARM GAS  C:\Users\ikomb\AppData\Local\Temp\ccrLq7Qx.s 			page 22


 960 0010 00000000 		.4byte	.LFB129
 961 0014 40000000 		.4byte	.LFE129-.LFB129
 962 0018 00000000 		.4byte	.LFB130
 963 001c 1A000000 		.4byte	.LFE130-.LFB130
 964 0020 00000000 		.4byte	.LFB131
 965 0024 48000000 		.4byte	.LFE131-.LFB131
 966 0028 00000000 		.4byte	.LFB132
 967 002c 72000000 		.4byte	.LFE132-.LFB132
 968 0030 00000000 		.4byte	.LFB133
 969 0034 54000000 		.4byte	.LFE133-.LFB133
 970 0038 00000000 		.4byte	0
 971 003c 00000000 		.4byte	0
 972              		.section	.debug_ranges,"",%progbits
 973              	.Ldebug_ranges0:
 974 0000 00000000 		.4byte	.LFB129
 975 0004 40000000 		.4byte	.LFE129
 976 0008 00000000 		.4byte	.LFB130
 977 000c 1A000000 		.4byte	.LFE130
 978 0010 00000000 		.4byte	.LFB131
 979 0014 48000000 		.4byte	.LFE131
 980 0018 00000000 		.4byte	.LFB132
 981 001c 72000000 		.4byte	.LFE132
 982 0020 00000000 		.4byte	.LFB133
 983 0024 54000000 		.4byte	.LFE133
 984 0028 00000000 		.4byte	0
 985 002c 00000000 		.4byte	0
 986              		.section	.debug_line,"",%progbits
 987              	.Ldebug_line0:
 988 0000 B2020000 		.section	.debug_str,"MS",%progbits,1
 988      02002602 
 988      00000201 
 988      FB0E0D00 
 988      01010101 
 989              	.LASF19:
 990 0000 5469636B 		.ascii	"TickType_t\000"
 990      54797065 
 990      5F7400
 991              	.LASF24:
 992 000b 7076436F 		.ascii	"pvContainer\000"
 992      6E746169 
 992      6E657200 
 993              	.LASF31:
 994 0017 7078496E 		.ascii	"pxIndex\000"
 994      64657800 
 995              	.LASF28:
 996 001f 4D696E69 		.ascii	"MiniListItem_t\000"
 996      4C697374 
 996      4974656D 
 996      5F7400
 997              	.LASF45:
 998 002e 47656E65 		.ascii	"Generated_Source\\PSoC6\\pdl\\rtos\\FreeRTOS\\9.0.0"
 998      72617465 
 998      645F536F 
 998      75726365 
 998      5C50536F 
 999 005c 5C536F75 		.ascii	"\\Source\\list.c\000"
 999      7263655C 
ARM GAS  C:\Users\ikomb\AppData\Local\Temp\ccrLq7Qx.s 			page 23


 999      6C697374 
 999      2E6300
 1000              	.LASF8:
 1001 006b 5F5F696E 		.ascii	"__int32_t\000"
 1001      7433325F 
 1001      7400
 1002              	.LASF20:
 1003 0075 78497465 		.ascii	"xItemValue\000"
 1003      6D56616C 
 1003      756500
 1004              	.LASF32:
 1005 0080 784C6973 		.ascii	"xListEnd\000"
 1005      74456E64 
 1005      00
 1006              	.LASF23:
 1007 0089 70764F77 		.ascii	"pvOwner\000"
 1007      6E657200 
 1008              	.LASF26:
 1009 0091 784C4953 		.ascii	"xLIST_ITEM\000"
 1009      545F4954 
 1009      454D00
 1010              	.LASF16:
 1011 009c 666C6F61 		.ascii	"float\000"
 1011      7400
 1012              	.LASF11:
 1013 00a2 6C6F6E67 		.ascii	"long long unsigned int\000"
 1013      206C6F6E 
 1013      6720756E 
 1013      7369676E 
 1013      65642069 
 1014              	.LASF4:
 1015 00b9 756E7369 		.ascii	"unsigned char\000"
 1015      676E6564 
 1015      20636861 
 1015      7200
 1016              	.LASF10:
 1017 00c7 6C6F6E67 		.ascii	"long unsigned int\000"
 1017      20756E73 
 1017      69676E65 
 1017      6420696E 
 1017      7400
 1018              	.LASF43:
 1019 00d9 70784974 		.ascii	"pxItemToRemove\000"
 1019      656D546F 
 1019      52656D6F 
 1019      766500
 1020              	.LASF6:
 1021 00e8 73686F72 		.ascii	"short unsigned int\000"
 1021      7420756E 
 1021      7369676E 
 1021      65642069 
 1021      6E7400
 1022              	.LASF44:
 1023 00fb 474E5520 		.ascii	"GNU C11 5.4.1 20160609 (release) [ARM/embedded-5-br"
 1023      43313120 
 1023      352E342E 
 1023      31203230 
ARM GAS  C:\Users\ikomb\AppData\Local\Temp\ccrLq7Qx.s 			page 24


 1023      31363036 
 1024 012e 616E6368 		.ascii	"anch revision 237715] -mcpu=cortex-m4 -mfloat-abi=s"
 1024      20726576 
 1024      6973696F 
 1024      6E203233 
 1024      37373135 
 1025 0161 6F667466 		.ascii	"oftfp -mfpu=fpv4-sp-d16 -mthumb -g -O0 -ffunction-s"
 1025      70202D6D 
 1025      6670753D 
 1025      66707634 
 1025      2D73702D 
 1026 0194 65637469 		.ascii	"ections -ffat-lto-objects\000"
 1026      6F6E7320 
 1026      2D666661 
 1026      742D6C74 
 1026      6F2D6F62 
 1027              	.LASF48:
 1028 01ae 49544D5F 		.ascii	"ITM_RxBuffer\000"
 1028      52784275 
 1028      66666572 
 1028      00
 1029              	.LASF35:
 1030 01bb 764C6973 		.ascii	"vListInitialiseItem\000"
 1030      74496E69 
 1030      7469616C 
 1030      69736549 
 1030      74656D00 
 1031              	.LASF33:
 1032 01cf 4C697374 		.ascii	"List_t\000"
 1032      5F7400
 1033              	.LASF17:
 1034 01d6 646F7562 		.ascii	"double\000"
 1034      6C6500
 1035              	.LASF9:
 1036 01dd 5F5F7569 		.ascii	"__uint32_t\000"
 1036      6E743332 
 1036      5F7400
 1037              	.LASF30:
 1038 01e8 75784E75 		.ascii	"uxNumberOfItems\000"
 1038      6D626572 
 1038      4F664974 
 1038      656D7300 
 1039              	.LASF38:
 1040 01f8 764C6973 		.ascii	"vListInsertEnd\000"
 1040      74496E73 
 1040      65727445 
 1040      6E6400
 1041              	.LASF0:
 1042 0207 756E7369 		.ascii	"unsigned int\000"
 1042      676E6564 
 1042      20696E74 
 1042      00
 1043              	.LASF34:
 1044 0214 764C6973 		.ascii	"vListInitialise\000"
 1044      74496E69 
 1044      7469616C 
 1044      69736500 
ARM GAS  C:\Users\ikomb\AppData\Local\Temp\ccrLq7Qx.s 			page 25


 1045              	.LASF42:
 1046 0224 7856616C 		.ascii	"xValueOfInsertion\000"
 1046      75654F66 
 1046      496E7365 
 1046      7274696F 
 1046      6E00
 1047              	.LASF21:
 1048 0236 70784E65 		.ascii	"pxNext\000"
 1048      787400
 1049              	.LASF37:
 1050 023d 70784974 		.ascii	"pxItem\000"
 1050      656D00
 1051              	.LASF18:
 1052 0244 55426173 		.ascii	"UBaseType_t\000"
 1052      65547970 
 1052      655F7400 
 1053              	.LASF25:
 1054 0250 4C697374 		.ascii	"ListItem_t\000"
 1054      4974656D 
 1054      5F7400
 1055              	.LASF14:
 1056 025b 696E7433 		.ascii	"int32_t\000"
 1056      325F7400 
 1057              	.LASF12:
 1058 0263 73697A65 		.ascii	"sizetype\000"
 1058      74797065 
 1058      00
 1059              	.LASF1:
 1060 026c 6C6F6E67 		.ascii	"long long int\000"
 1060      206C6F6E 
 1060      6720696E 
 1060      7400
 1061              	.LASF46:
 1062 027a 433A5C55 		.ascii	"C:\\Users\\ikomb\\Documents\\PSoC Creator\\CE222221"
 1062      73657273 
 1062      5C696B6F 
 1062      6D625C44 
 1062      6F63756D 
 1063 02a8 5F566F69 		.ascii	"_Voice_Recorder01\\CE222221_Voice_Recorder01.cydsn\000"
 1063      63655F52 
 1063      65636F72 
 1063      64657230 
 1063      315C4345 
 1064              	.LASF41:
 1065 02da 70784974 		.ascii	"pxIterator\000"
 1065      65726174 
 1065      6F7200
 1066              	.LASF5:
 1067 02e5 73686F72 		.ascii	"short int\000"
 1067      7420696E 
 1067      7400
 1068              	.LASF22:
 1069 02ef 70785072 		.ascii	"pxPrevious\000"
 1069      6576696F 
 1069      757300
 1070              	.LASF15:
 1071 02fa 75696E74 		.ascii	"uint32_t\000"
ARM GAS  C:\Users\ikomb\AppData\Local\Temp\ccrLq7Qx.s 			page 26


 1071      33325F74 
 1071      00
 1072              	.LASF7:
 1073 0303 6C6F6E67 		.ascii	"long int\000"
 1073      20696E74 
 1073      00
 1074              	.LASF13:
 1075 030c 63686172 		.ascii	"char\000"
 1075      00
 1076              	.LASF2:
 1077 0311 6C6F6E67 		.ascii	"long double\000"
 1077      20646F75 
 1077      626C6500 
 1078              	.LASF27:
 1079 031d 784D494E 		.ascii	"xMINI_LIST_ITEM\000"
 1079      495F4C49 
 1079      53545F49 
 1079      54454D00 
 1080              	.LASF3:
 1081 032d 7369676E 		.ascii	"signed char\000"
 1081      65642063 
 1081      68617200 
 1082              	.LASF36:
 1083 0339 70784C69 		.ascii	"pxList\000"
 1083      737400
 1084              	.LASF29:
 1085 0340 784C4953 		.ascii	"xLIST\000"
 1085      5400
 1086              	.LASF47:
 1087 0346 75784C69 		.ascii	"uxListRemove\000"
 1087      73745265 
 1087      6D6F7665 
 1087      00
 1088              	.LASF39:
 1089 0353 70784E65 		.ascii	"pxNewListItem\000"
 1089      774C6973 
 1089      74497465 
 1089      6D00
 1090              	.LASF40:
 1091 0361 764C6973 		.ascii	"vListInsert\000"
 1091      74496E73 
 1091      65727400 
 1092              		.ident	"GCC: (GNU Tools for ARM Embedded Processors) 5.4.1 20160609 (release) [ARM/embedded-5-bran
