Archive member included to satisfy reference by file (symbol)

c:/program files (x86)/cypress/psoc creator/4.4/psoc creator/import/gnu/arm/5.4.1/bin/../lib/gcc/arm-none-eabi/5.4.1/armv7e-m/softfp\libgcc.a(_arm_addsubdf3.o)
                              .\CortexM4\ARM_GCC_541\Debug\cy_sysclk.o (__aeabi_f2d)
c:/program files (x86)/cypress/psoc creator/4.4/psoc creator/import/gnu/arm/5.4.1/bin/../lib/gcc/arm-none-eabi/5.4.1/armv7e-m/softfp\libgcc.a(_arm_muldivdf3.o)
                              .\CortexM4\ARM_GCC_541\Debug\cy_sysclk.o (__aeabi_ddiv)
c:/program files (x86)/cypress/psoc creator/4.4/psoc creator/import/gnu/arm/5.4.1/bin/../lib/gcc/arm-none-eabi/5.4.1/armv7e-m/softfp\libgcc.a(_arm_fixunsdfsi.o)
                              .\CortexM4\ARM_GCC_541\Debug\cy_sysclk.o (__aeabi_d2uiz)
c:/program files (x86)/cypress/psoc creator/4.4/psoc creator/import/gnu/arm/5.4.1/bin/../lib/gcc/arm-none-eabi/5.4.1/armv7e-m/softfp\libgcc.a(_arm_truncdfsf2.o)
                              .\CortexM4\ARM_GCC_541\Debug\cy_sysclk.o (__aeabi_d2f)
c:/program files (x86)/cypress/psoc creator/4.4/psoc creator/import/gnu/arm/5.4.1/bin/../lib/gcc/arm-none-eabi/5.4.1/armv7e-m/softfp\libgcc.a(_aeabi_uldivmod.o)
                              .\CortexM4\ARM_GCC_541\Debug\cy_sysclk.o (__aeabi_uldivmod)
c:/program files (x86)/cypress/psoc creator/4.4/psoc creator/import/gnu/arm/5.4.1/bin/../lib/gcc/arm-none-eabi/5.4.1/armv7e-m/softfp\libgcc.a(_udivmoddi4.o)
                              c:/program files (x86)/cypress/psoc creator/4.4/psoc creator/import/gnu/arm/5.4.1/bin/../lib/gcc/arm-none-eabi/5.4.1/armv7e-m/softfp\libgcc.a(_aeabi_uldivmod.o) (__udivmoddi4)
c:/program files (x86)/cypress/psoc creator/4.4/psoc creator/import/gnu/arm/5.4.1/bin/../lib/gcc/arm-none-eabi/5.4.1/armv7e-m/softfp\libgcc.a(_dvmd_tls.o)
                              c:/program files (x86)/cypress/psoc creator/4.4/psoc creator/import/gnu/arm/5.4.1/bin/../lib/gcc/arm-none-eabi/5.4.1/armv7e-m/softfp\libgcc.a(_aeabi_uldivmod.o) (__aeabi_ldiv0)
c:/program files (x86)/cypress/psoc creator/4.4/psoc creator/import/gnu/arm/5.4.1/bin/../lib/gcc/arm-none-eabi/5.4.1/../../../../arm-none-eabi/lib/armv7e-m/softfp\libg_nano.a(lib_a-exit.o)
                              c:/program files (x86)/cypress/psoc creator/4.4/psoc creator/import/gnu/arm/5.4.1/bin/../lib/gcc/arm-none-eabi/5.4.1/../../../../arm-none-eabi/lib/armv7e-m/softfp/crt0.o (exit)
c:/program files (x86)/cypress/psoc creator/4.4/psoc creator/import/gnu/arm/5.4.1/bin/../lib/gcc/arm-none-eabi/5.4.1/../../../../arm-none-eabi/lib/armv7e-m/softfp\libg_nano.a(lib_a-impure.o)
                              c:/program files (x86)/cypress/psoc creator/4.4/psoc creator/import/gnu/arm/5.4.1/bin/../lib/gcc/arm-none-eabi/5.4.1/../../../../arm-none-eabi/lib/armv7e-m/softfp\libg_nano.a(lib_a-exit.o) (_global_impure_ptr)
c:/program files (x86)/cypress/psoc creator/4.4/psoc creator/import/gnu/arm/5.4.1/bin/../lib/gcc/arm-none-eabi/5.4.1/../../../../arm-none-eabi/lib/armv7e-m/softfp\libg_nano.a(lib_a-init.o)
                              c:/program files (x86)/cypress/psoc creator/4.4/psoc creator/import/gnu/arm/5.4.1/bin/../lib/gcc/arm-none-eabi/5.4.1/../../../../arm-none-eabi/lib/armv7e-m/softfp/crt0.o (__libc_init_array)
c:/program files (x86)/cypress/psoc creator/4.4/psoc creator/import/gnu/arm/5.4.1/bin/../lib/gcc/arm-none-eabi/5.4.1/../../../../arm-none-eabi/lib/armv7e-m/softfp\libg_nano.a(lib_a-memset.o)
                              c:/program files (x86)/cypress/psoc creator/4.4/psoc creator/import/gnu/arm/5.4.1/bin/../lib/gcc/arm-none-eabi/5.4.1/../../../../arm-none-eabi/lib/armv7e-m/softfp/crt0.o (memset)
c:/program files (x86)/cypress/psoc creator/4.4/psoc creator/import/gnu/arm/5.4.1/bin/../lib/gcc/arm-none-eabi/5.4.1/../../../../arm-none-eabi/lib/armv7e-m/softfp\libg_nano.a(lib_a-strncpy.o)
                              .\CortexM4\ARM_GCC_541\Debug\cy_syslib.o (strncpy)
c:/program files (x86)/cypress/psoc creator/4.4/psoc creator/import/gnu/arm/5.4.1/bin/../lib/gcc/arm-none-eabi/5.4.1/../../../../arm-none-eabi/lib/armv7e-m/softfp\libnosys.a(_exit.o)
                              c:/program files (x86)/cypress/psoc creator/4.4/psoc creator/import/gnu/arm/5.4.1/bin/../lib/gcc/arm-none-eabi/5.4.1/../../../../arm-none-eabi/lib/armv7e-m/softfp\libg_nano.a(lib_a-exit.o) (_exit)
c:/program files (x86)/cypress/psoc creator/4.4/psoc creator/import/gnu/arm/5.4.1/bin/../lib/gcc/arm-none-eabi/5.4.1/../../../../arm-none-eabi/lib/armv7e-m/softfp\libm.a(lib_a-s_floor.o)
                              .\CortexM4\ARM_GCC_541\Debug\cy_sysclk.o (floor)
c:/program files (x86)/cypress/psoc creator/4.4/psoc creator/import/gnu/arm/5.4.1/bin/../lib/gcc/arm-none-eabi/5.4.1/../../../../arm-none-eabi/lib/armv7e-m/softfp\libm.a(lib_a-sf_ceil.o)
                              .\CortexM4\ARM_GCC_541\Debug\cy_sysclk.o (ceilf)
[...]
Memory Configuration

Name             Origin             Length             Attributes
ram              0x08024000         0x00023800         xrw
flash            0x10080000         0x00080000         xr
em_eeprom        0x14000000         0x00008000         xr
sflash_user_data 0x16000800         0x00000800         xr
sflash_nar       0x16001a00         0x00000200         xr
sflash_public_key 0x16005a00         0x00000c00         xr
sflash_toc_2     0x16007c00         0x00000200         xr
sflash_rtoc_2    0x16007e00         0x00000200         xr
xip              0x18000000         0x08000000         xr
efuse            0x90700000         0x00100000         r
*default*        0x00000000         0xffffffff

Linker script and memory map

LOAD c:/program files (x86)/cypress/psoc creator/4.4/psoc creator/import/gnu/arm/5.4.1/bin/../lib/gcc/arm-none-eabi/5.4.1/armv7e-m/softfp/crti.o
LOAD c:/program files (x86)/cypress/psoc creator/4.4/psoc creator/import/gnu/arm/5.4.1/bin/../lib/gcc/arm-none-eabi/5.4.1/armv7e-m/softfp/crtbegin.o
LOAD c:/program files (x86)/cypress/psoc creator/4.4/psoc creator/import/gnu/arm/5.4.1/bin/../lib/gcc/arm-none-eabi/5.4.1/../../../../arm-none-eabi/lib/armv7e-m/softfp/crt0.o
START GROUP
LOAD .\CortexM4\ARM_GCC_541\Debug\cy_ipc_config.o
LOAD .\CortexM4\ARM_GCC_541\Debug\startup_psoc63_cm4.o
LOAD .\CortexM4\ARM_GCC_541\Debug\main_cm4.o
LOAD .\CortexM4\ARM_GCC_541\Debug\system_psoc63_cm4.o
LOAD .\CortexM4\ARM_GCC_541\Debug\cyfitter_sysint_cfg.o
LOAD .\CortexM4\ARM_GCC_541\Debug\cymetadata.o
LOAD .\CortexM4\ARM_GCC_541\Debug\RTC.o
LOAD .\CortexM4\ARM_GCC_541\Debug\cy_sysint.o
LOAD .\CortexM4\ARM_GCC_541\Debug\cy_ipc_drv.o
LOAD .\CortexM4\ARM_GCC_541\Debug\cy_ipc_sema.o
LOAD .\CortexM4\ARM_GCC_541\Debug\cy_ipc_pipe.o
LOAD .\CortexM4\ARM_GCC_541\Debug\cy_sysclk.o
LOAD .\CortexM4\ARM_GCC_541\Debug\cy_wdt.o
LOAD .\CortexM4\ARM_GCC_541\Debug\cy_rtc.o
LOAD .\CortexM4\ARM_GCC_541\Debug\cy_efuse.o
LOAD .\CortexM4\ARM_GCC_541\Debug\cy_flash.o
LOAD .\CortexM4\ARM_GCC_541\Debug\cy_gpio.o
LOAD .\CortexM4\ARM_GCC_541\Debug\cy_sysanalog.o
LOAD .\CortexM4\ARM_GCC_541\Debug\cy_syspm.o
LOAD .\CortexM4\ARM_GCC_541\Debug\cy_syslib.o
LOAD .\CortexM4\ARM_GCC_541\Debug\cy_syslib_gcc.o
LOAD .\CortexM4\ARM_GCC_541\Debug\cy_trigmux.o
LOAD .\CortexM4\ARM_GCC_541\Debug\cy_systick.o
LOAD .\CortexM4\ARM_GCC_541\Debug\cy_profile.o
LOAD .\CortexM4\ARM_GCC_541\Debug\cy_prot.o
LOAD .\CortexM4\ARM_GCC_541\Debug\cy_lvd.o
LOAD .\CortexM4\ARM_GCC_541\Debug\cy_ble_clk.o
END GROUP
START GROUP
LOAD c:/program files (x86)/cypress/psoc creator/4.4/psoc creator/import/gnu/arm/5.4.1/bin/../lib/gcc/arm-none-eabi/5.4.1/armv7e-m/softfp\libgcc.a
LOAD c:/program files (x86)/cypress/psoc creator/4.4/psoc creator/import/gnu/arm/5.4.1/bin/../lib/gcc/arm-none-eabi/5.4.1/../../../../arm-none-eabi/lib/armv7e-m/softfp\libg_nano.a
LOAD c:/program files (x86)/cypress/psoc creator/4.4/psoc creator/import/gnu/arm/5.4.1/bin/../lib/gcc/arm-none-eabi/5.4.1/../../../../arm-none-eabi/lib/armv7e-m/softfp\libc_nano.a
END GROUP
START GROUP
LOAD c:/program files (x86)/cypress/psoc creator/4.4/psoc creator/import/gnu/arm/5.4.1/bin/../lib/gcc/arm-none-eabi/5.4.1/armv7e-m/softfp\libgcc.a
LOAD c:/program files (x86)/cypress/psoc creator/4.4/psoc creator/import/gnu/arm/5.4.1/bin/../lib/gcc/arm-none-eabi/5.4.1/../../../../arm-none-eabi/lib/armv7e-m/softfp\libc_nano.a
END GROUP
LOAD c:/program files (x86)/cypress/psoc creator/4.4/psoc creator/import/gnu/arm/5.4.1/bin/../lib/gcc/arm-none-eabi/5.4.1/armv7e-m/softfp/crtend.o
LOAD c:/program files (x86)/cypress/psoc creator/4.4/psoc creator/import/gnu/arm/5.4.1/bin/../lib/gcc/arm-none-eabi/5.4.1/armv7e-m/softfp/crtn.o
START GROUP
LOAD c:/program files (x86)/cypress/psoc creator/4.4/psoc creator/import/gnu/arm/5.4.1/bin/../lib/gcc/arm-none-eabi/5.4.1/armv7e-m/softfp\libgcc.a
LOAD c:/program files (x86)/cypress/psoc creator/4.4/psoc creator/import/gnu/arm/5.4.1/bin/../lib/gcc/arm-none-eabi/5.4.1/../../../../arm-none-eabi/lib/armv7e-m/softfp\libc.a
LOAD c:/program files (x86)/cypress/psoc creator/4.4/psoc creator/import/gnu/arm/5.4.1/bin/../lib/gcc/arm-none-eabi/5.4.1/../../../../arm-none-eabi/lib/armv7e-m/softfp\libnosys.a
END GROUP
START GROUP
LOAD c:/program files (x86)/cypress/psoc creator/4.4/psoc creator/import/gnu/arm/5.4.1/bin/../lib/gcc/arm-none-eabi/5.4.1/armv7e-m/softfp\libgcc.a
LOAD c:/program files (x86)/cypress/psoc creator/4.4/psoc creator/import/gnu/arm/5.4.1/bin/../lib/gcc/arm-none-eabi/5.4.1/../../../../arm-none-eabi/lib/armv7e-m/softfp\libc.a
LOAD c:/program files (x86)/cypress/psoc creator/4.4/psoc creator/import/gnu/arm/5.4.1/bin/../lib/gcc/arm-none-eabi/5.4.1/../../../../arm-none-eabi/lib/armv7e-m/softfp\libm.a
LOAD c:/program files (x86)/cypress/psoc creator/4.4/psoc creator/import/gnu/arm/5.4.1/bin/../lib/gcc/arm-none-eabi/5.4.1/../../../../arm-none-eabi/lib/armv7e-m/softfp\libnosys.a
END GROUP

.text           0x10080000     0x21cc
                0x10080000                . = ALIGN (0x4)
                0x10080000                __Vectors = .
 *(.vectors)
 .vectors       0x10080000      0x28c .\CortexM4\ARM_GCC_541\Debug\startup_psoc63_cm4.o
                0x1008028c                . = ALIGN (0x4)
                0x1008028c                __Vectors_End = .
                0x0000028c                __Vectors_Size = (__Vectors_End - __Vectors)
                0x1008028c                __end__ = .
                0x1008028c                . = ALIGN (0x4)
 *(.text*)
 .text          0x1008028c       0x5c c:/program files (x86)/cypress/psoc creator/4.4/psoc creator/import/gnu/arm/5.4.1/bin/../lib/gcc/arm-none-eabi/5.4.1/armv7e-m/softfp/crtbegin.o
 .text.cpuss_interrupts_ipc_4_IRQHandler
                0x100802e8       0x10 .\CortexM4\ARM_GCC_541\Debug\cy_ipc_config.o
                0x100802e8                cpuss_interrupts_ipc_4_IRQHandler
 .text.Cy_IPC_SystemSemaInit
                0x100802f8       0x10 .\CortexM4\ARM_GCC_541\Debug\cy_ipc_config.o
                0x100802f8                Cy_IPC_SystemSemaInit
 .text.Cy_IPC_SystemPipeInit
                0x10080308       0x24 .\CortexM4\ARM_GCC_541\Debug\cy_ipc_config.o
                0x10080308                Cy_IPC_SystemPipeInit
 .text          0x1008032c       0x94 .\CortexM4\ARM_GCC_541\Debug\startup_psoc63_cm4.o
                0x1008032c                Cy_OnResetUser
                0x1008032e                Cy_SaveIRQ
                0x10080336                Cy_RestoreIRQ
                0x1008033c                Reset_Handler
                0x100803a0                tcpwm_1_interrupts_11_IRQHandler
                0x100803a0                cpuss_interrupts_ipc_0_IRQHandler
                0x100803a0                tcpwm_1_interrupts_15_IRQHandler
                0x100803a0                ioss_interrupts_gpio_13_IRQHandler
                0x100803a0                tcpwm_1_interrupts_13_IRQHandler
                0x100803a0                cpuss_interrupts_dw1_8_IRQHandler
                0x100803a0                tcpwm_0_interrupts_0_IRQHandler
                0x100803a0                SysTick_Handler
                0x100803a0                cpuss_interrupt_fm_IRQHandler
                0x100803a0                cpuss_interrupts_ipc_7_IRQHandler
                0x100803a0                tcpwm_1_interrupts_14_IRQHandler
                0x100803a0                cpuss_interrupts_dw0_11_IRQHandler
                0x100803a0                tcpwm_1_interrupts_9_IRQHandler
                0x100803a0                cpuss_interrupts_cm0_cti_1_IRQHandler
                0x100803a0                tcpwm_1_interrupts_22_IRQHandler
                0x100803a0                cpuss_interrupts_dw0_4_IRQHandler
                0x100803a0                PendSV_Handler
                0x100803a0                NMI_Handler
                0x100803a0                cpuss_interrupts_dw1_12_IRQHandler
                0x100803a0                tcpwm_1_interrupts_12_IRQHandler
                0x100803a0                smif_interrupt_IRQHandler
                0x100803a0                tcpwm_1_interrupts_2_IRQHandler
                0x100803a0                cpuss_interrupts_ipc_13_IRQHandler
                0x100803a0                udb_interrupts_11_IRQHandler
                0x100803a0                tcpwm_1_interrupts_18_IRQHandler
                0x100803a0                cpuss_interrupts_ipc_6_IRQHandler
                0x100803a0                tcpwm_0_interrupts_2_IRQHandler
                0x100803a0                cpuss_interrupts_dw0_13_IRQHandler
                0x100803a0                udb_interrupts_2_IRQHandler
                0x100803a0                cpuss_interrupts_dw1_7_IRQHandler
                0x100803a0                ioss_interrupts_gpio_1_IRQHandler
                0x100803a0                ioss_interrupts_gpio_7_IRQHandler
                0x100803a0                scb_5_interrupt_IRQHandler
                0x100803a0                udb_interrupts_6_IRQHandler
                0x100803a0                cpuss_interrupts_fault_1_IRQHandler
                0x100803a0                cpuss_interrupts_ipc_5_IRQHandler
                0x100803a0                cpuss_interrupts_dw1_10_IRQHandler
                0x100803a0                udb_interrupts_0_IRQHandler
                0x100803a0                tcpwm_1_interrupts_6_IRQHandler
                0x100803a0                scb_4_interrupt_IRQHandler
                0x100803a0                pass_interrupt_dacs_IRQHandler
                0x100803a0                ioss_interrupts_gpio_2_IRQHandler
                0x100803a0                cpuss_interrupts_dw1_9_IRQHandler
                0x100803a0                cpuss_interrupts_dw1_13_IRQHandler
                0x100803a0                scb_2_interrupt_IRQHandler
                0x100803a0                cpuss_interrupts_cm0_cti_0_IRQHandler
                0x100803a0                udb_interrupts_5_IRQHandler
                0x100803a0                srss_interrupt_IRQHandler
                0x100803a0                udb_interrupts_12_IRQHandler
                0x100803a0                scb_0_interrupt_IRQHandler
                0x100803a0                csd_interrupt_IRQHandler
                0x100803a0                udb_interrupts_1_IRQHandler
                0x100803a0                profile_interrupt_IRQHandler
                0x100803a0                tcpwm_1_interrupts_1_IRQHandler
                0x100803a0                cpuss_interrupts_ipc_12_IRQHandler
                0x100803a0                tcpwm_1_interrupts_3_IRQHandler
                0x100803a0                tcpwm_0_interrupts_7_IRQHandler
                0x100803a0                cpuss_interrupts_dw1_1_IRQHandler
                0x100803a0                cpuss_interrupts_dw1_0_IRQHandler
                0x100803a0                cpuss_interrupts_dw0_9_IRQHandler
                0x100803a0                DebugMon_Handler
                0x100803a0                tcpwm_1_interrupts_23_IRQHandler
                0x100803a0                cpuss_interrupts_dw0_5_IRQHandler
                0x100803a0                tcpwm_1_interrupts_20_IRQHandler
                0x100803a0                ioss_interrupt_gpio_IRQHandler
                0x100803a0                tcpwm_0_interrupts_1_IRQHandler
                0x100803a0                ioss_interrupts_gpio_8_IRQHandler
                0x100803a0                tcpwm_0_interrupts_6_IRQHandler
                0x100803a0                scb_7_interrupt_IRQHandler
                0x100803a0                tcpwm_1_interrupts_7_IRQHandler
                0x100803a0                cpuss_interrupts_ipc_11_IRQHandler
                0x100803a0                udb_interrupts_13_IRQHandler
                0x100803a0                cpuss_interrupts_dw0_15_IRQHandler
                0x100803a0                udb_interrupts_7_IRQHandler
                0x100803a0                cpuss_interrupts_dw1_6_IRQHandler
                0x100803a0                cpuss_interrupt_crypto_IRQHandler
                0x100803a0                scb_1_interrupt_IRQHandler
                0x100803a0                Default_Handler
                0x100803a0                usb_interrupt_hi_IRQHandler
                0x100803a0                tcpwm_1_interrupts_0_IRQHandler
                0x100803a0                udb_interrupts_9_IRQHandler
                0x100803a0                audioss_interrupt_pdm_IRQHandler
                0x100803a0                srss_interrupt_mcwdt_0_IRQHandler
                0x100803a0                scb_3_interrupt_IRQHandler
                0x100803a0                pass_interrupt_ctbs_IRQHandler
                0x100803a0                udb_interrupts_8_IRQHandler
                0x100803a0                ioss_interrupts_gpio_3_IRQHandler
                0x100803a0                scb_6_interrupt_IRQHandler
                0x100803a0                cpuss_interrupts_cm4_cti_0_IRQHandler
                0x100803a0                cpuss_interrupts_dw1_3_IRQHandler
                0x100803a0                pass_interrupt_sar_IRQHandler
                0x100803a0                ioss_interrupts_gpio_0_IRQHandler
                0x100803a0                ioss_interrupts_gpio_14_IRQHandler
                0x100803a0                tcpwm_0_interrupts_4_IRQHandler
                0x100803a0                udb_interrupts_3_IRQHandler
                0x100803a0                tcpwm_0_interrupts_5_IRQHandler
                0x100803a0                cpuss_interrupts_ipc_15_IRQHandler
                0x100803a0                cpuss_interrupts_cm4_cti_1_IRQHandler
                0x100803a0                scb_8_interrupt_IRQHandler
                0x100803a0                srss_interrupt_mcwdt_1_IRQHandler
                0x100803a0                cpuss_interrupts_dw1_2_IRQHandler
                0x100803a0                SVC_Handler
                0x100803a0                cpuss_interrupts_dw1_5_IRQHandler
                0x100803a0                cpuss_interrupts_ipc_1_IRQHandler
                0x100803a0                cpuss_interrupts_dw0_0_IRQHandler
                0x100803a0                ioss_interrupts_gpio_12_IRQHandler
                0x100803a0                cpuss_interrupts_ipc_3_IRQHandler
                0x100803a0                tcpwm_1_interrupts_17_IRQHandler
                0x100803a0                srss_interrupt_backup_IRQHandler
                0x100803a0                bless_interrupt_IRQHandler
                0x100803a0                cpuss_interrupts_ipc_10_IRQHandler
                0x100803a0                cpuss_interrupts_ipc_9_IRQHandler
                0x100803a0                cpuss_interrupts_dw0_14_IRQHandler
                0x100803a0                tcpwm_1_interrupts_4_IRQHandler
                0x100803a0                tcpwm_0_interrupts_3_IRQHandler
                0x100803a0                cpuss_interrupts_dw1_15_IRQHandler
                0x100803a0                ioss_interrupts_gpio_10_IRQHandler
                0x100803a0                udb_interrupts_10_IRQHandler
                0x100803a0                cpuss_interrupts_dw0_8_IRQHandler
                0x100803a0                ioss_interrupts_gpio_11_IRQHandler
                0x100803a0                cpuss_interrupts_ipc_14_IRQHandler
                0x100803a0                ioss_interrupts_gpio_5_IRQHandler
                0x100803a0                ioss_interrupts_gpio_4_IRQHandler
                0x100803a0                tcpwm_1_interrupts_8_IRQHandler
                0x100803a0                cpuss_interrupts_dw1_14_IRQHandler
                0x100803a0                usb_interrupt_med_IRQHandler
                0x100803a0                cpuss_interrupts_dw0_2_IRQHandler
                0x100803a0                udb_interrupts_4_IRQHandler
                0x100803a0                tcpwm_1_interrupts_10_IRQHandler
                0x100803a0                cpuss_interrupts_fault_0_IRQHandler
                0x100803a0                cpuss_interrupts_dw0_12_IRQHandler
                0x100803a0                ioss_interrupts_gpio_6_IRQHandler
                0x100803a0                tcpwm_1_interrupts_21_IRQHandler
                0x100803a0                tcpwm_1_interrupts_16_IRQHandler
                0x100803a0                cpuss_interrupts_dw1_4_IRQHandler
                0x100803a0                udb_interrupts_15_IRQHandler
                0x100803a0                cpuss_interrupts_dw1_11_IRQHandler
                0x100803a0                cpuss_interrupts_dw0_6_IRQHandler
                0x100803a0                ioss_interrupt_vdd_IRQHandler
                0x100803a0                cpuss_interrupts_dw0_7_IRQHandler
                0x100803a0                audioss_interrupt_i2s_IRQHandler
                0x100803a0                tcpwm_1_interrupts_5_IRQHandler
                0x100803a0                cpuss_interrupts_ipc_2_IRQHandler
                0x100803a0                cpuss_interrupts_dw0_10_IRQHandler
                0x100803a0                tcpwm_1_interrupts_19_IRQHandler
                0x100803a0                cpuss_interrupts_dw0_1_IRQHandler
                0x100803a0                lpcomp_interrupt_IRQHandler
                0x100803a0                ioss_interrupts_gpio_9_IRQHandler
                0x100803a0                usb_interrupt_lo_IRQHandler
                0x100803a0                cpuss_interrupts_ipc_8_IRQHandler
                0x100803a0                udb_interrupts_14_IRQHandler
                0x100803a0                cpuss_interrupts_dw0_3_IRQHandler
                0x100803a4                UsageFault_Handler
                0x100803a4                HardFault_Handler
                0x100803a4                MemManage_Handler
                0x100803a4                BusFault_Handler
 .text.RtcInterruptHandler
                0x100803c0        0xc .\CortexM4\ARM_GCC_541\Debug\main_cm4.o
                0x100803c0                RtcInterruptHandler
 .text.RtcInit  0x100803cc       0x24 .\CortexM4\ARM_GCC_541\Debug\main_cm4.o
                0x100803cc                RtcInit
 .text.RtcAlarmConfig
                0x100803f0       0x28 .\CortexM4\ARM_GCC_541\Debug\main_cm4.o
                0x100803f0                RtcAlarmConfig
 .text.Cy_RTC_Alarm2Interrupt
                0x10080418        0xc .\CortexM4\ARM_GCC_541\Debug\main_cm4.o
                0x10080418                Cy_RTC_Alarm2Interrupt
 .text.RtcStepAlarm
                0x10080424       0x3c .\CortexM4\ARM_GCC_541\Debug\main_cm4.o
                0x10080424                RtcStepAlarm
 .text.main     0x10080460       0x84 .\CortexM4\ARM_GCC_541\Debug\main_cm4.o
                0x10080460                main
 .text.Cy_SystemInit
                0x100804e4        0x4 .\CortexM4\ARM_GCC_541\Debug\system_psoc63_cm4.o
                0x100804e4                Cy_SystemInit
 .text.SystemCoreClockUpdate
                0x100804e8      0x190 .\CortexM4\ARM_GCC_541\Debug\system_psoc63_cm4.o
                0x100804e8                SystemCoreClockUpdate
 .text.SystemInit
                0x10080678       0x48 .\CortexM4\ARM_GCC_541\Debug\system_psoc63_cm4.o
                0x10080678                SystemInit
 .text.Cy_SystemInitFpuEnable
                0x100806c0       0x28 .\CortexM4\ARM_GCC_541\Debug\system_psoc63_cm4.o
                0x100806c0                Cy_SystemInitFpuEnable
 .text.Cy_SysInt_SetVector
                0x100806e8       0x44 .\CortexM4\ARM_GCC_541\Debug\cy_sysint.o
                0x100806e8                Cy_SysInt_SetVector
 .text.Cy_SysInt_Init
                0x1008072c       0x7c .\CortexM4\ARM_GCC_541\Debug\cy_sysint.o
                0x1008072c                Cy_SysInt_Init
 .text.Cy_IPC_Drv_LockRelease
                0x100807a8       0x30 .\CortexM4\ARM_GCC_541\Debug\cy_ipc_drv.o
                0x100807a8                Cy_IPC_Drv_LockRelease
 .text.Cy_IPC_Drv_SendMsgWord
                0x100807d8       0x3c .\CortexM4\ARM_GCC_541\Debug\cy_ipc_drv.o
                0x100807d8                Cy_IPC_Drv_SendMsgWord
 .text.Cy_IPC_Drv_ReadMsgWord
                0x10080814       0x2c .\CortexM4\ARM_GCC_541\Debug\cy_ipc_drv.o
                0x10080814                Cy_IPC_Drv_ReadMsgWord
 .text.Cy_IPC_Sema_Init
                0x10080840       0xb0 .\CortexM4\ARM_GCC_541\Debug\cy_ipc_sema.o
                0x10080840                Cy_IPC_Sema_Init
 .text.Cy_IPC_Sema_Clear
                0x100808f0       0x88 .\CortexM4\ARM_GCC_541\Debug\cy_ipc_sema.o
                0x100808f0                Cy_IPC_Sema_Clear
 .text.Cy_IPC_Sema_Status
                0x10080978       0x40 .\CortexM4\ARM_GCC_541\Debug\cy_ipc_sema.o
                0x10080978                Cy_IPC_Sema_Status
 .text.Cy_IPC_Pipe_Config
                0x100809b8       0x10 .\CortexM4\ARM_GCC_541\Debug\cy_ipc_pipe.o
                0x100809b8                Cy_IPC_Pipe_Config
 .text.Cy_IPC_Pipe_EndpointInit
                0x100809c8       0xb8 .\CortexM4\ARM_GCC_541\Debug\cy_ipc_pipe.o
                0x100809c8                Cy_IPC_Pipe_EndpointInit
 .text.Cy_IPC_Pipe_Init
                0x10080a80       0xc4 .\CortexM4\ARM_GCC_541\Debug\cy_ipc_pipe.o
                0x10080a80                Cy_IPC_Pipe_Init
 .text.Cy_IPC_Pipe_SendMessage
                0x10080b44       0xb0 .\CortexM4\ARM_GCC_541\Debug\cy_ipc_pipe.o
                0x10080b44                Cy_IPC_Pipe_SendMessage
 .text.Cy_IPC_Pipe_RegisterCallback
                0x10080bf4       0x40 .\CortexM4\ARM_GCC_541\Debug\cy_ipc_pipe.o
                0x10080bf4                Cy_IPC_Pipe_RegisterCallback
 .text.Cy_IPC_Pipe_ExecCallback
                0x10080c34       0xb0 .\CortexM4\ARM_GCC_541\Debug\cy_ipc_pipe.o
                0x10080c34                Cy_IPC_Pipe_ExecCallback
 .text.ConstructTimeDate
                0x10080ce4      0x18c .\CortexM4\ARM_GCC_541\Debug\cy_rtc.o
 .text.RelativeToFixed
                0x10080e70      0x18c .\CortexM4\ARM_GCC_541\Debug\cy_rtc.o
 .text.ConstructAlarmTimeDate
                0x10080ffc      0x218 .\CortexM4\ARM_GCC_541\Debug\cy_rtc.o
 .text.Cy_RTC_SetDateAndTime
                0x10081214      0x170 .\CortexM4\ARM_GCC_541\Debug\cy_rtc.o
                0x10081214                Cy_RTC_SetDateAndTime
 .text.Cy_RTC_Init
                0x10081384        0x8 .\CortexM4\ARM_GCC_541\Debug\cy_rtc.o
                0x10081384                Cy_RTC_Init
 .text.Cy_RTC_GetDateAndTime
                0x1008138c       0xec .\CortexM4\ARM_GCC_541\Debug\cy_rtc.o
                0x1008138c                Cy_RTC_GetDateAndTime
 .text.Cy_RTC_SetAlarmDateAndTime
                0x10081478      0x238 .\CortexM4\ARM_GCC_541\Debug\cy_rtc.o
                0x10081478                Cy_RTC_SetAlarmDateAndTime
 .text.Cy_RTC_SetNextDstTime
                0x100816b0       0x98 .\CortexM4\ARM_GCC_541\Debug\cy_rtc.o
                0x100816b0                Cy_RTC_SetNextDstTime
 .text.Cy_RTC_GetDstStatus
                0x10081748       0x7c .\CortexM4\ARM_GCC_541\Debug\cy_rtc.o
                0x10081748                Cy_RTC_GetDstStatus
 .text.Cy_RTC_Alarm1Interrupt
                0x100817c4        0x4 .\CortexM4\ARM_GCC_541\Debug\cy_rtc.o
                0x100817c4                Cy_RTC_Alarm1Interrupt
 .text.Cy_RTC_DstInterrupt
                0x100817c8      0x1c4 .\CortexM4\ARM_GCC_541\Debug\cy_rtc.o
                0x100817c8                Cy_RTC_DstInterrupt
 .text.Cy_RTC_CenturyInterrupt
                0x1008198c        0x4 .\CortexM4\ARM_GCC_541\Debug\cy_rtc.o
                0x1008198c                Cy_RTC_CenturyInterrupt
 .text.Cy_RTC_GetInterruptStatusMasked
                0x10081990        0xc .\CortexM4\ARM_GCC_541\Debug\cy_rtc.o
                0x10081990                Cy_RTC_GetInterruptStatusMasked
 .text.Cy_RTC_ClearInterrupt
                0x1008199c       0x24 .\CortexM4\ARM_GCC_541\Debug\cy_rtc.o
                0x1008199c                Cy_RTC_ClearInterrupt
 .text.Cy_RTC_SetInterruptMask
                0x100819c0       0x24 .\CortexM4\ARM_GCC_541\Debug\cy_rtc.o
                0x100819c0                Cy_RTC_SetInterruptMask
 .text.Cy_RTC_Interrupt
                0x100819e4       0x3c .\CortexM4\ARM_GCC_541\Debug\cy_rtc.o
                0x100819e4                Cy_RTC_Interrupt
 .text.Cy_Flash_ProcessOpcode
                0x10081a20       0xac .\CortexM4\ARM_GCC_541\Debug\cy_flash.o
 .text.Cy_Flash_OperationStatus
                0x10081acc       0x44 .\CortexM4\ARM_GCC_541\Debug\cy_flash.o
 .text.Cy_Flash_Init
                0x10081b10       0x4c .\CortexM4\ARM_GCC_541\Debug\cy_flash.o
                0x10081b10                Cy_Flash_Init
 .text.SaveRegisters
                0x10081b5c       0x48 .\CortexM4\ARM_GCC_541\Debug\cy_syspm.o
 .text.RestoreRegisters
                0x10081ba4       0x48 .\CortexM4\ARM_GCC_541\Debug\cy_syspm.o
 .text.Cy_SysPm_ExecuteCallback
                0x10081bec       0xc0 .\CortexM4\ARM_GCC_541\Debug\cy_syspm.o
                0x10081bec                Cy_SysPm_ExecuteCallback
 .text.Cy_SysPm_DeepSleep
                0x10081cac      0x10c .\CortexM4\ARM_GCC_541\Debug\cy_syspm.o
                0x10081cac                Cy_SysPm_DeepSleep
 .text.Cy_SysLib_Delay
                0x10081db8       0x30 .\CortexM4\ARM_GCC_541\Debug\cy_syslib.o
                0x10081db8                Cy_SysLib_Delay
 .text.Cy_SysLib_DelayUs
                0x10081de8       0x14 .\CortexM4\ARM_GCC_541\Debug\cy_syslib.o
                0x10081de8                Cy_SysLib_DelayUs
 .text.Cy_SysLib_Halt
                0x10081dfc        0x4 .\CortexM4\ARM_GCC_541\Debug\cy_syslib.o
                0x10081dfc                Cy_SysLib_Halt
 .text.Cy_SysLib_AssertFailed
                0x10081e00       0x1c .\CortexM4\ARM_GCC_541\Debug\cy_syslib.o
                0x10081e00                Cy_SysLib_AssertFailed
 .text.Cy_SysLib_ProcessingFault
                0x10081e1c        0x4 .\CortexM4\ARM_GCC_541\Debug\cy_syslib.o
                0x10081e1c                Cy_SysLib_ProcessingFault
 .text.Cy_SysLib_FaultHandler
                0x10081e20       0xa4 .\CortexM4\ARM_GCC_541\Debug\cy_syslib.o
                0x10081e20                Cy_SysLib_FaultHandler
 *fill*         0x10081ec4        0x4 
 .text          0x10081ec8       0x20 .\CortexM4\ARM_GCC_541\Debug\cy_syslib_gcc.o
                0x10081ec8                Cy_SysLib_DelayCycles
                0x10081eda                Cy_SysLib_EnterCriticalSection
                0x10081ee2                Cy_SysLib_ExitCriticalSection
 .text.memset   0x10081ee8       0x10 c:/program files (x86)/cypress/psoc creator/4.4/psoc creator/import/gnu/arm/5.4.1/bin/../lib/gcc/arm-none-eabi/5.4.1/../../../../arm-none-eabi/lib/armv7e-m/softfp\libg_nano.a(lib_a-memset.o)
                0x10081ee8                memset
 .text.strncpy  0x10081ef8       0x26 c:/program files (x86)/cypress/psoc creator/4.4/psoc creator/import/gnu/arm/5.4.1/bin/../lib/gcc/arm-none-eabi/5.4.1/../../../../arm-none-eabi/lib/armv7e-m/softfp\libg_nano.a(lib_a-strncpy.o)
                0x10081ef8                strncpy
 *(.init)
 *fill*         0x10081f1e        0x2 
 .init          0x10081f20        0x4 c:/program files (x86)/cypress/psoc creator/4.4/psoc creator/import/gnu/arm/5.4.1/bin/../lib/gcc/arm-none-eabi/5.4.1/armv7e-m/softfp/crti.o
                0x10081f20                _init
 .init          0x10081f24        0x8 c:/program files (x86)/cypress/psoc creator/4.4/psoc creator/import/gnu/arm/5.4.1/bin/../lib/gcc/arm-none-eabi/5.4.1/armv7e-m/softfp/crtn.o
 *(.fini)
 .fini          0x10081f2c        0x4 c:/program files (x86)/cypress/psoc creator/4.4/psoc creator/import/gnu/arm/5.4.1/bin/../lib/gcc/arm-none-eabi/5.4.1/armv7e-m/softfp/crti.o
                0x10081f2c                _fini
 .fini          0x10081f30        0x8 c:/program files (x86)/cypress/psoc creator/4.4/psoc creator/import/gnu/arm/5.4.1/bin/../lib/gcc/arm-none-eabi/5.4.1/armv7e-m/softfp/crtn.o
 .fini.__stub   0x10081f38       0x20 linker stubs
 *crtbegin.o(.ctors)
 *crtbegin?.o(.ctors)
 *(EXCLUDE_FILE(*crtend.o *crtend?.o) .ctors)
 *(SORT(.ctors.*))
 *(.ctors)
 *crtbegin.o(.dtors)
 *crtbegin?.o(.dtors)
 *(EXCLUDE_FILE(*crtend.o *crtend?.o) .dtors)
 *(SORT(.dtors.*))
 *(.dtors)
 *(.rodata .rodata.* .constdata .constdata.* .conststring .conststring.*)
 .rodata        0x10081f58       0x34 .\CortexM4\ARM_GCC_541\Debug\cy_ipc_config.o
 .rodata.str1.4
                0x10081f8c        0xb .\CortexM4\ARM_GCC_541\Debug\main_cm4.o
 *fill*         0x10081f97        0x1 
 .rodata        0x10081f98        0x8 .\CortexM4\ARM_GCC_541\Debug\cyfitter_sysint_cfg.o
                0x10081f98                RTC_RTC_IRQ_cfg
 .rodata        0x10081fa0       0x20 .\CortexM4\ARM_GCC_541\Debug\RTC.o
                0x10081fa0                RTC_config
 .rodata.str1.4
                0x10081fc0       0x41 .\CortexM4\ARM_GCC_541\Debug\cy_sysint.o
 *fill*         0x10082001        0x3 
 .rodata.str1.4
                0x10082004       0x7f .\CortexM4\ARM_GCC_541\Debug\cy_ipc_drv.o
 *fill*         0x10082083        0x1 
 .rodata.str1.4
                0x10082084       0x3f .\CortexM4\ARM_GCC_541\Debug\cy_ipc_sema.o
 *fill*         0x100820c3        0x1 
 .rodata.str1.4
                0x100820c4       0x40 .\CortexM4\ARM_GCC_541\Debug\cy_ipc_pipe.o
                                 0x7f (size before relaxing)
 .rodata        0x10082104        0xc .\CortexM4\ARM_GCC_541\Debug\cy_rtc.o
                0x10082104                cy_RTC_daysInMonthTbl
 .rodata.str1.4
                0x10082110       0x77 .\CortexM4\ARM_GCC_541\Debug\cy_rtc.o
 *fill*         0x10082187        0x1 
 .rodata.str1.4
                0x10082188       0x40 .\CortexM4\ARM_GCC_541\Debug\cy_syspm.o
                                 0x3f (size before relaxing)
 *(.eh_frame*)
 .eh_frame      0x100821c8        0x0 c:/program files (x86)/cypress/psoc creator/4.4/psoc creator/import/gnu/arm/5.4.1/bin/../lib/gcc/arm-none-eabi/5.4.1/armv7e-m/softfp/crtbegin.o
 .eh_frame      0x100821c8        0x4 c:/program files (x86)/cypress/psoc creator/4.4/psoc creator/import/gnu/arm/5.4.1/bin/../lib/gcc/arm-none-eabi/5.4.1/armv7e-m/softfp/crtend.o

.glue_7         0x100821cc        0x0
 .glue_7        0x100821cc        0x0 linker stubs

.glue_7t        0x100821cc        0x0
 .glue_7t       0x100821cc        0x0 linker stubs

.vfp11_veneer   0x100821cc        0x0
 .vfp11_veneer  0x100821cc        0x0 linker stubs

.v4_bx          0x100821cc        0x0
 .v4_bx         0x100821cc        0x0 linker stubs

.iplt           0x100821cc        0x0
 .iplt          0x100821cc        0x0 c:/program files (x86)/cypress/psoc creator/4.4/psoc creator/import/gnu/arm/5.4.1/bin/../lib/gcc/arm-none-eabi/5.4.1/armv7e-m/softfp/crtbegin.o

.ARM.extab
 *(.ARM.extab* .gnu.linkonce.armextab.*)
                0x100821cc                __exidx_start = .

.ARM.exidx
 *(.ARM.exidx* .gnu.linkonce.armexidx.*)
                0x100821cc                __exidx_end = .

.copy.table     0x100821cc       0x18
                0x100821cc                . = ALIGN (0x4)
                0x100821cc                __copy_table_start__ = .
                0x100821cc        0x4 LONG 0x10080000 __Vectors
                0x100821d0        0x4 LONG 0x8024000 __ram_vectors_start__
                0x100821d4        0x4 LONG 0x28c (__Vectors_End - __Vectors)
                0x100821d8        0x4 LONG 0x100821ec __etext
                0x100821dc        0x4 LONG 0x802428c __data_start__
                0x100821e0        0x4 LONG 0x4ac (__data_end__ - __data_start__)
                0x100821e4                __copy_table_end__ = .

.zero.table     0x100821e4        0x8
                0x100821e4                . = ALIGN (0x4)
                0x100821e4                __zero_table_start__ = .
                0x100821e4        0x4 LONG 0x80247cc __bss_start__
                0x100821e8        0x4 LONG 0x1f0 (__bss_end__ - __bss_start__)
                0x100821ec                __zero_table_end__ = .
                0x100821ec                __etext = .

.ramVectors     0x08024000      0x28c
                0x08024000                __ram_vectors_start__ = .
 *(.ram_vectors)
 .ram_vectors   0x08024000      0x28c .\CortexM4\ARM_GCC_541\Debug\startup_psoc63_cm4.o
                0x08024000                __ramVectors
                0x0802428c                __ram_vectors_end__ = .

.data           0x0802428c      0x4ac load address 0x100821ec
                0x0802428c                __data_start__ = .
 *(vtable)
 *(.data*)
 .data          0x0802428c       0x30 .\CortexM4\ARM_GCC_541\Debug\main_cm4.o
                0x0802428c                alarmConfig
 .data          0x080242bc       0x20 .\CortexM4\ARM_GCC_541\Debug\system_psoc63_cm4.o
                0x080242bc                cy_BleEcoClockFreqHz
                0x080242c0                cy_Hfclk0FreqHz
                0x080242c4                cy_PeriClkFreqHz
                0x080242c8                SystemCoreClock
                0x080242cc                cy_delayFreqHz
                0x080242d0                cy_delayFreqMhz
                0x080242d4                cy_delayFreqKhz
                0x080242d8                cy_delay32kMs
 .data          0x080242dc        0x4 .\CortexM4\ARM_GCC_541\Debug\cy_flash.o
                0x080242e0                . = ALIGN (0x4)
                0x080242e0                PROVIDE (__preinit_array_start, .)
 *(.preinit_array)
                0x080242e0                PROVIDE (__preinit_array_end, .)
                0x080242e0                . = ALIGN (0x4)
                0x080242e0                PROVIDE (__init_array_start, .)
 *(SORT(.init_array.*))
 *(.init_array)
 .init_array    0x080242e0        0x4 c:/program files (x86)/cypress/psoc creator/4.4/psoc creator/import/gnu/arm/5.4.1/bin/../lib/gcc/arm-none-eabi/5.4.1/armv7e-m/softfp/crtbegin.o
                0x080242e4                PROVIDE (__init_array_end, .)
                0x080242e4                . = ALIGN (0x4)
                [!provide]                PROVIDE (__fini_array_start, .)
 *(SORT(.fini_array.*))
 *(.fini_array)
 .fini_array    0x080242e4        0x4 c:/program files (x86)/cypress/psoc creator/4.4/psoc creator/import/gnu/arm/5.4.1/bin/../lib/gcc/arm-none-eabi/5.4.1/armv7e-m/softfp/crtbegin.o
                [!provide]                PROVIDE (__fini_array_end, .)
 *(.jcr*)
 .jcr           0x080242e8        0x0 c:/program files (x86)/cypress/psoc creator/4.4/psoc creator/import/gnu/arm/5.4.1/bin/../lib/gcc/arm-none-eabi/5.4.1/armv7e-m/softfp/crtbegin.o
 .jcr           0x080242e8        0x4 c:/program files (x86)/cypress/psoc creator/4.4/psoc creator/import/gnu/arm/5.4.1/bin/../lib/gcc/arm-none-eabi/5.4.1/armv7e-m/softfp/crtend.o
                0x080242ec                . = ALIGN (0x4)
 *(.cy_ramfunc*)
 .cy_ramfunc    0x080242ec      0x24c .\CortexM4\ARM_GCC_541\Debug\cy_flash.o
 .cy_ramfunc    0x08024538      0x190 .\CortexM4\ARM_GCC_541\Debug\cy_syspm.o
 .cy_ramfunc.__stub
                0x080246c8       0x70 linker stubs
                0x08024738                . = ALIGN (0x4)
                0x08024738                __data_end__ = .

.igot.plt       0x08024738        0x0 load address 0x10082698
 .igot.plt      0x08024738        0x0 c:/program files (x86)/cypress/psoc creator/4.4/psoc creator/import/gnu/arm/5.4.1/bin/../lib/gcc/arm-none-eabi/5.4.1/armv7e-m/softfp/crtbegin.o

.noinit         0x08024738       0x94 load address 0x10082698
 *(.noinit)
 .noinit        0x08024738       0x94 .\CortexM4\ARM_GCC_541\Debug\cy_syslib.o
                0x08024738                cy_assertFileName
                0x08024750                cy_assertLine
                0x08024754                cy_faultFrame

.bss            0x080247cc      0x1f0 load address 0x1008272c
                0x080247cc                . = ALIGN (0x4)
                0x080247cc                __bss_start__ = .
 *(.bss*)
 .bss           0x080247cc       0x1c c:/program files (x86)/cypress/psoc creator/4.4/psoc creator/import/gnu/arm/5.4.1/bin/../lib/gcc/arm-none-eabi/5.4.1/armv7e-m/softfp/crtbegin.o
 .bss           0x080247e8      0x180 .\CortexM4\ARM_GCC_541\Debug\cy_ipc_config.o
 .bss           0x08024968        0x4 .\CortexM4\ARM_GCC_541\Debug\main_cm4.o
 .bss           0x0802496c        0xc .\CortexM4\ARM_GCC_541\Debug\cy_ipc_sema.o
 .bss           0x08024978        0x4 .\CortexM4\ARM_GCC_541\Debug\cy_ipc_pipe.o
 .bss           0x0802497c       0x10 .\CortexM4\ARM_GCC_541\Debug\cy_flash.o
 .bss           0x0802498c       0x30 .\CortexM4\ARM_GCC_541\Debug\cy_syspm.o
 *(COMMON)
                0x080249bc                . = ALIGN (0x4)
                0x080249bc                __bss_end__ = .

.heap           0x080249c0      0x400
                0x080249c0                __HeapBase = .
                0x080249c0                __end__ = .
                0x080249c0                end = __end__
 *(.heap*)
 .heap          0x080249c0      0x400 .\CortexM4\ARM_GCC_541\Debug\startup_psoc63_cm4.o
                0x08024dc0                __HeapLimit = .

.stack_dummy    0x080249c0     0x1000
 *(.stack*)
 .stack         0x080249c0     0x1000 .\CortexM4\ARM_GCC_541\Debug\startup_psoc63_cm4.o
                0x08047800                __StackTop = (ORIGIN (ram) + LENGTH (ram))
                0x08046800                __StackLimit = (__StackTop - SIZEOF (.stack_dummy))
                0x08047800                PROVIDE (__stack, __StackTop)
                0x00000001                ASSERT ((__StackLimit >= __HeapLimit), region RAM overflowed with stack)

.cy_app_signature
 *(.cy_app_signature)

.cy_em_eeprom
 *(.cy_em_eeprom)

.cy_sflash_user_data
 *(.cy_sflash_user_data)

.cy_sflash_nar
 *(.cy_sflash_nar)

.cy_sflash_public_key
 *(.cy_sflash_public_key)

.cy_toc_part2
 *(.cy_toc_part2)

.cy_rtoc_part2
 *(.cy_rtoc_part2)

.cy_xip
 *(.cy_xip)

.cy_efuse
 *(.cy_efuse)

.cymeta         0x90500000        0xc
 *(.cymeta)
 .cymeta        0x90500000        0xc .\CortexM4\ARM_GCC_541\Debug\cymetadata.o
                0x90500000                cy_metadata
                0x10000000                __cy_memory_0_start = 0x10000000
                0x00100000                __cy_memory_0_length = 0x100000
                0x00000200                __cy_memory_0_row_size = 0x200
                0x14000000                __cy_memory_1_start = 0x14000000
                0x00008000                __cy_memory_1_length = 0x8000
                0x00000200                __cy_memory_1_row_size = 0x200
                0x16000000                __cy_memory_2_start = 0x16000000
                0x00008000                __cy_memory_2_length = 0x8000
                0x00000200                __cy_memory_2_row_size = 0x200
                0x18000000                __cy_memory_3_start = 0x18000000
                0x08000000                __cy_memory_3_length = 0x8000000
                0x00000200                __cy_memory_3_row_size = 0x200
                0x90700000                __cy_memory_4_start = 0x90700000
                0x00100000                __cy_memory_4_length = 0x100000
                0x00000001                __cy_memory_4_row_size = 0x1
OUTPUT(C:\Users\ikomb\Documents\PSoC Creator\CE216795_DualCoreBlinky01\Custom_TickTimer_RTC01.cydsn\CortexM4\ARM_GCC_541\Debug\Custom_TickTimer_RTC01_link.elf elf32-littlearm)

.rel.dyn        0x080249bc        0x0 load address 0x9855df6c
 .rel.iplt      0x080249bc        0x0 c:/program files (x86)/cypress/psoc creator/4.4/psoc creator/import/gnu/arm/5.4.1/bin/../lib/gcc/arm-none-eabi/5.4.1/armv7e-m/softfp/crtbegin.o

.ARM.attributes
                0x00000000       0x2e
 .ARM.attributes
                0x00000000       0x22 c:/program files (x86)/cypress/psoc creator/4.4/psoc creator/import/gnu/arm/5.4.1/bin/../lib/gcc/arm-none-eabi/5.4.1/armv7e-m/softfp/crti.o
 .ARM.attributes
                0x00000022       0x32 c:/program files (x86)/cypress/psoc creator/4.4/psoc creator/import/gnu/arm/5.4.1/bin/../lib/gcc/arm-none-eabi/5.4.1/armv7e-m/softfp/crtbegin.o
 .ARM.attributes
                0x00000054       0x37 .\CortexM4\ARM_GCC_541\Debug\cy_ipc_config.o
 .ARM.attributes
                0x0000008b       0x1f .\CortexM4\ARM_GCC_541\Debug\startup_psoc63_cm4.o
 .ARM.attributes
                0x000000aa       0x37 .\CortexM4\ARM_GCC_541\Debug\main_cm4.o
 .ARM.attributes
                0x000000e1       0x37 .\CortexM4\ARM_GCC_541\Debug\system_psoc63_cm4.o
 .ARM.attributes
                0x00000118       0x37 .\CortexM4\ARM_GCC_541\Debug\cyfitter_sysint_cfg.o
 .ARM.attributes
                0x0000014f       0x37 .\CortexM4\ARM_GCC_541\Debug\cymetadata.o
 .ARM.attributes
                0x00000186       0x37 .\CortexM4\ARM_GCC_541\Debug\RTC.o
 .ARM.attributes
                0x000001bd       0x37 .\CortexM4\ARM_GCC_541\Debug\cy_sysint.o
 .ARM.attributes
                0x000001f4       0x37 .\CortexM4\ARM_GCC_541\Debug\cy_ipc_drv.o
 .ARM.attributes
                0x0000022b       0x37 .\CortexM4\ARM_GCC_541\Debug\cy_ipc_sema.o
 .ARM.attributes
                0x00000262       0x37 .\CortexM4\ARM_GCC_541\Debug\cy_ipc_pipe.o
 .ARM.attributes
                0x00000299       0x37 .\CortexM4\ARM_GCC_541\Debug\cy_rtc.o
 .ARM.attributes
                0x000002d0       0x37 .\CortexM4\ARM_GCC_541\Debug\cy_flash.o
 .ARM.attributes
                0x00000307       0x37 .\CortexM4\ARM_GCC_541\Debug\cy_syspm.o
 .ARM.attributes
                0x0000033e       0x37 .\CortexM4\ARM_GCC_541\Debug\cy_syslib.o
 .ARM.attributes
                0x00000375       0x25 .\CortexM4\ARM_GCC_541\Debug\cy_syslib_gcc.o
 .ARM.attributes
                0x0000039a       0x32 c:/program files (x86)/cypress/psoc creator/4.4/psoc creator/import/gnu/arm/5.4.1/bin/../lib/gcc/arm-none-eabi/5.4.1/../../../../arm-none-eabi/lib/armv7e-m/softfp\libg_nano.a(lib_a-memset.o)
 .ARM.attributes
                0x000003cc       0x32 c:/program files (x86)/cypress/psoc creator/4.4/psoc creator/import/gnu/arm/5.4.1/bin/../lib/gcc/arm-none-eabi/5.4.1/../../../../arm-none-eabi/lib/armv7e-m/softfp\libg_nano.a(lib_a-strncpy.o)
 .ARM.attributes
                0x000003fe       0x32 c:/program files (x86)/cypress/psoc creator/4.4/psoc creator/import/gnu/arm/5.4.1/bin/../lib/gcc/arm-none-eabi/5.4.1/armv7e-m/softfp/crtend.o
 .ARM.attributes
                0x00000430       0x22 c:/program files (x86)/cypress/psoc creator/4.4/psoc creator/import/gnu/arm/5.4.1/bin/../lib/gcc/arm-none-eabi/5.4.1/armv7e-m/softfp/crtn.o

.comment        0x00000000       0x6e
 .comment       0x00000000       0x6e .\CortexM4\ARM_GCC_541\Debug\cy_ipc_config.o
                                 0x6f (size before relaxing)
 .comment       0x0000006e       0x6f .\CortexM4\ARM_GCC_541\Debug\main_cm4.o
 .comment       0x0000006e       0x6f .\CortexM4\ARM_GCC_541\Debug\system_psoc63_cm4.o
 .comment       0x0000006e       0x6f .\CortexM4\ARM_GCC_541\Debug\cyfitter_sysint_cfg.o
 .comment       0x0000006e       0x6f .\CortexM4\ARM_GCC_541\Debug\cymetadata.o
 .comment       0x0000006e       0x6f .\CortexM4\ARM_GCC_541\Debug\RTC.o
 .comment       0x0000006e       0x6f .\CortexM4\ARM_GCC_541\Debug\cy_sysint.o
 .comment       0x0000006e       0x6f .\CortexM4\ARM_GCC_541\Debug\cy_ipc_drv.o
 .comment       0x0000006e       0x6f .\CortexM4\ARM_GCC_541\Debug\cy_ipc_sema.o
 .comment       0x0000006e       0x6f .\CortexM4\ARM_GCC_541\Debug\cy_ipc_pipe.o
 .comment       0x0000006e       0x6f .\CortexM4\ARM_GCC_541\Debug\cy_rtc.o
 .comment       0x0000006e       0x6f .\CortexM4\ARM_GCC_541\Debug\cy_flash.o
 .comment       0x0000006e       0x6f .\CortexM4\ARM_GCC_541\Debug\cy_syspm.o
 .comment       0x0000006e       0x6f .\CortexM4\ARM_GCC_541\Debug\cy_syslib.o

.debug_info     0x00000000    0x114e5
 .debug_info    0x00000000      0x877 .\CortexM4\ARM_GCC_541\Debug\cy_ipc_config.o
 .debug_info    0x00000877       0xa9 .\CortexM4\ARM_GCC_541\Debug\startup_psoc63_cm4.o
 .debug_info    0x00000920      0xe27 .\CortexM4\ARM_GCC_541\Debug\main_cm4.o
 .debug_info    0x00001747      0xff9 .\CortexM4\ARM_GCC_541\Debug\system_psoc63_cm4.o
 .debug_info    0x00002740      0x4d2 .\CortexM4\ARM_GCC_541\Debug\cyfitter_sysint_cfg.o
 .debug_info    0x00002c12       0xac .\CortexM4\ARM_GCC_541\Debug\cymetadata.o
 .debug_info    0x00002cbe      0x8dd .\CortexM4\ARM_GCC_541\Debug\RTC.o
 .debug_info    0x0000359b      0x9c5 .\CortexM4\ARM_GCC_541\Debug\cy_sysint.o
 .debug_info    0x00003f60      0x486 .\CortexM4\ARM_GCC_541\Debug\cy_ipc_drv.o
 .debug_info    0x000043e6      0x808 .\CortexM4\ARM_GCC_541\Debug\cy_ipc_sema.o
 .debug_info    0x00004bee     0x14a7 .\CortexM4\ARM_GCC_541\Debug\cy_ipc_pipe.o
 .debug_info    0x00006095     0x2cd6 .\CortexM4\ARM_GCC_541\Debug\cy_rtc.o
 .debug_info    0x00008d6b     0x2778 .\CortexM4\ARM_GCC_541\Debug\cy_flash.o
 .debug_info    0x0000b4e3     0x3a6e .\CortexM4\ARM_GCC_541\Debug\cy_syspm.o
 .debug_info    0x0000ef51     0x24c6 .\CortexM4\ARM_GCC_541\Debug\cy_syslib.o
 .debug_info    0x00011417       0xce .\CortexM4\ARM_GCC_541\Debug\cy_syslib_gcc.o

.debug_abbrev   0x00000000     0x1eaf
 .debug_abbrev  0x00000000      0x15b .\CortexM4\ARM_GCC_541\Debug\cy_ipc_config.o
 .debug_abbrev  0x0000015b       0x14 .\CortexM4\ARM_GCC_541\Debug\startup_psoc63_cm4.o
 .debug_abbrev  0x0000016f      0x2c0 .\CortexM4\ARM_GCC_541\Debug\main_cm4.o
 .debug_abbrev  0x0000042f      0x1c4 .\CortexM4\ARM_GCC_541\Debug\system_psoc63_cm4.o
 .debug_abbrev  0x000005f3       0xa0 .\CortexM4\ARM_GCC_541\Debug\cyfitter_sysint_cfg.o
 .debug_abbrev  0x00000693       0x5d .\CortexM4\ARM_GCC_541\Debug\cymetadata.o
 .debug_abbrev  0x000006f0      0x1e3 .\CortexM4\ARM_GCC_541\Debug\RTC.o
 .debug_abbrev  0x000008d3      0x221 .\CortexM4\ARM_GCC_541\Debug\cy_sysint.o
 .debug_abbrev  0x00000af4      0x177 .\CortexM4\ARM_GCC_541\Debug\cy_ipc_drv.o
 .debug_abbrev  0x00000c6b      0x22d .\CortexM4\ARM_GCC_541\Debug\cy_ipc_sema.o
 .debug_abbrev  0x00000e98      0x302 .\CortexM4\ARM_GCC_541\Debug\cy_ipc_pipe.o
 .debug_abbrev  0x0000119a      0x3a5 .\CortexM4\ARM_GCC_541\Debug\cy_rtc.o
 .debug_abbrev  0x0000153f      0x340 .\CortexM4\ARM_GCC_541\Debug\cy_flash.o
 .debug_abbrev  0x0000187f      0x30c .\CortexM4\ARM_GCC_541\Debug\cy_syspm.o
 .debug_abbrev  0x00001b8b      0x310 .\CortexM4\ARM_GCC_541\Debug\cy_syslib.o
 .debug_abbrev  0x00001e9b       0x14 .\CortexM4\ARM_GCC_541\Debug\cy_syslib_gcc.o

.debug_loc      0x00000000     0x4b8e
 .debug_loc     0x00000000       0x1e .\CortexM4\ARM_GCC_541\Debug\cy_ipc_config.o
 .debug_loc     0x0000001e       0xdf .\CortexM4\ARM_GCC_541\Debug\main_cm4.o
 .debug_loc     0x000000fd      0x1fe .\CortexM4\ARM_GCC_541\Debug\system_psoc63_cm4.o
 .debug_loc     0x000002fb       0x13 .\CortexM4\ARM_GCC_541\Debug\RTC.o
 .debug_loc     0x0000030e      0x223 .\CortexM4\ARM_GCC_541\Debug\cy_sysint.o
 .debug_loc     0x00000531      0x2a1 .\CortexM4\ARM_GCC_541\Debug\cy_ipc_drv.o
 .debug_loc     0x000007d2      0x6c2 .\CortexM4\ARM_GCC_541\Debug\cy_ipc_sema.o
 .debug_loc     0x00000e94      0x783 .\CortexM4\ARM_GCC_541\Debug\cy_ipc_pipe.o
 .debug_loc     0x00001617     0x1f0d .\CortexM4\ARM_GCC_541\Debug\cy_rtc.o
 .debug_loc     0x00003524      0xb8b .\CortexM4\ARM_GCC_541\Debug\cy_flash.o
 .debug_loc     0x000040af      0x8e3 .\CortexM4\ARM_GCC_541\Debug\cy_syspm.o
 .debug_loc     0x00004992      0x1fc .\CortexM4\ARM_GCC_541\Debug\cy_syslib.o

.debug_aranges  0x00000000      0x570
 .debug_aranges
                0x00000000       0x30 .\CortexM4\ARM_GCC_541\Debug\cy_ipc_config.o
 .debug_aranges
                0x00000030       0x20 .\CortexM4\ARM_GCC_541\Debug\startup_psoc63_cm4.o
 .debug_aranges
                0x00000050       0x48 .\CortexM4\ARM_GCC_541\Debug\main_cm4.o
 .debug_aranges
                0x00000098       0x38 .\CortexM4\ARM_GCC_541\Debug\system_psoc63_cm4.o
 .debug_aranges
                0x000000d0       0x18 .\CortexM4\ARM_GCC_541\Debug\cyfitter_sysint_cfg.o
 .debug_aranges
                0x000000e8       0x18 .\CortexM4\ARM_GCC_541\Debug\cymetadata.o
 .debug_aranges
                0x00000100       0x28 .\CortexM4\ARM_GCC_541\Debug\RTC.o
 .debug_aranges
                0x00000128       0x30 .\CortexM4\ARM_GCC_541\Debug\cy_sysint.o
 .debug_aranges
                0x00000158       0x30 .\CortexM4\ARM_GCC_541\Debug\cy_ipc_drv.o
 .debug_aranges
                0x00000188       0x40 .\CortexM4\ARM_GCC_541\Debug\cy_ipc_sema.o
 .debug_aranges
                0x000001c8       0x60 .\CortexM4\ARM_GCC_541\Debug\cy_ipc_pipe.o
 .debug_aranges
                0x00000228       0xf8 .\CortexM4\ARM_GCC_541\Debug\cy_rtc.o
 .debug_aranges
                0x00000320       0xb0 .\CortexM4\ARM_GCC_541\Debug\cy_flash.o
 .debug_aranges
                0x000003d0      0x108 .\CortexM4\ARM_GCC_541\Debug\cy_syspm.o
 .debug_aranges
                0x000004d8       0x78 .\CortexM4\ARM_GCC_541\Debug\cy_syslib.o
 .debug_aranges
                0x00000550       0x20 .\CortexM4\ARM_GCC_541\Debug\cy_syslib_gcc.o

.debug_ranges   0x00000000      0x488
 .debug_ranges  0x00000000       0x20 .\CortexM4\ARM_GCC_541\Debug\cy_ipc_config.o
 .debug_ranges  0x00000020       0x38 .\CortexM4\ARM_GCC_541\Debug\main_cm4.o
 .debug_ranges  0x00000058       0x40 .\CortexM4\ARM_GCC_541\Debug\system_psoc63_cm4.o
 .debug_ranges  0x00000098       0x18 .\CortexM4\ARM_GCC_541\Debug\RTC.o
 .debug_ranges  0x000000b0       0x20 .\CortexM4\ARM_GCC_541\Debug\cy_sysint.o
 .debug_ranges  0x000000d0       0x20 .\CortexM4\ARM_GCC_541\Debug\cy_ipc_drv.o
 .debug_ranges  0x000000f0       0x30 .\CortexM4\ARM_GCC_541\Debug\cy_ipc_sema.o
 .debug_ranges  0x00000120       0x50 .\CortexM4\ARM_GCC_541\Debug\cy_ipc_pipe.o
 .debug_ranges  0x00000170      0x100 .\CortexM4\ARM_GCC_541\Debug\cy_rtc.o
 .debug_ranges  0x00000270       0xa0 .\CortexM4\ARM_GCC_541\Debug\cy_flash.o
 .debug_ranges  0x00000310      0x110 .\CortexM4\ARM_GCC_541\Debug\cy_syspm.o
 .debug_ranges  0x00000420       0x68 .\CortexM4\ARM_GCC_541\Debug\cy_syslib.o

.debug_line     0x00000000     0x3de5
 .debug_line    0x00000000      0x2ba .\CortexM4\ARM_GCC_541\Debug\cy_ipc_config.o
 .debug_line    0x000002ba       0xa0 .\CortexM4\ARM_GCC_541\Debug\startup_psoc63_cm4.o
 .debug_line    0x0000035a      0x455 .\CortexM4\ARM_GCC_541\Debug\main_cm4.o
 .debug_line    0x000007af      0x2fa .\CortexM4\ARM_GCC_541\Debug\system_psoc63_cm4.o
 .debug_line    0x00000aa9      0x214 .\CortexM4\ARM_GCC_541\Debug\cyfitter_sysint_cfg.o
 .debug_line    0x00000cbd      0x141 .\CortexM4\ARM_GCC_541\Debug\cymetadata.o
 .debug_line    0x00000dfe      0x294 .\CortexM4\ARM_GCC_541\Debug\RTC.o
 .debug_line    0x00001092      0x2a8 .\CortexM4\ARM_GCC_541\Debug\cy_sysint.o
 .debug_line    0x0000133a      0x2ac .\CortexM4\ARM_GCC_541\Debug\cy_ipc_drv.o
 .debug_line    0x000015e6      0x35f .\CortexM4\ARM_GCC_541\Debug\cy_ipc_sema.o
 .debug_line    0x00001945      0x518 .\CortexM4\ARM_GCC_541\Debug\cy_ipc_pipe.o
 .debug_line    0x00001e5d      0xc42 .\CortexM4\ARM_GCC_541\Debug\cy_rtc.o
 .debug_line    0x00002a9f      0x705 .\CortexM4\ARM_GCC_541\Debug\cy_flash.o
 .debug_line    0x000031a4      0x7b7 .\CortexM4\ARM_GCC_541\Debug\cy_syspm.o
 .debug_line    0x0000395b      0x401 .\CortexM4\ARM_GCC_541\Debug\cy_syslib.o
 .debug_line    0x00003d5c       0x89 .\CortexM4\ARM_GCC_541\Debug\cy_syslib_gcc.o

.debug_str      0x00000000     0x5762
 .debug_str     0x00000000     0x14d2 .\CortexM4\ARM_GCC_541\Debug\cy_ipc_config.o
                               0x154c (size before relaxing)
 .debug_str     0x000014d2      0x5af .\CortexM4\ARM_GCC_541\Debug\main_cm4.o
                               0x17be (size before relaxing)
 .debug_str     0x00001a81      0x866 .\CortexM4\ARM_GCC_541\Debug\system_psoc63_cm4.o
                                0xb19 (size before relaxing)
 .debug_str     0x000022e7       0x2d .\CortexM4\ARM_GCC_541\Debug\cyfitter_sysint_cfg.o
                               0x1224 (size before relaxing)
 .debug_str     0x00002314       0x30 .\CortexM4\ARM_GCC_541\Debug\cymetadata.o
                                0x1df (size before relaxing)
 .debug_str     0x00002344       0x33 .\CortexM4\ARM_GCC_541\Debug\RTC.o
                               0x146f (size before relaxing)
 .debug_str     0x00002377       0xf0 .\CortexM4\ARM_GCC_541\Debug\cy_sysint.o
                               0x13ee (size before relaxing)
 .debug_str     0x00002467      0x191 .\CortexM4\ARM_GCC_541\Debug\cy_ipc_drv.o
                                0x3e9 (size before relaxing)
 .debug_str     0x000025f8      0x268 .\CortexM4\ARM_GCC_541\Debug\cy_ipc_sema.o
                                0x60f (size before relaxing)
 .debug_str     0x00002860      0x443 .\CortexM4\ARM_GCC_541\Debug\cy_ipc_pipe.o
                               0x1ac9 (size before relaxing)
 .debug_str     0x00002ca3      0x76d .\CortexM4\ARM_GCC_541\Debug\cy_rtc.o
                                0xd27 (size before relaxing)
 .debug_str     0x00003410      0xc4a .\CortexM4\ARM_GCC_541\Debug\cy_flash.o
                               0x2a04 (size before relaxing)
 .debug_str     0x0000405a     0x1276 .\CortexM4\ARM_GCC_541\Debug\cy_syspm.o
                               0x235e (size before relaxing)
 .debug_str     0x000052d0      0x492 .\CortexM4\ARM_GCC_541\Debug\cy_syslib.o
                               0x18a7 (size before relaxing)

.debug_frame    0x00000000      0xf18
 .debug_frame   0x00000000       0x64 .\CortexM4\ARM_GCC_541\Debug\cy_ipc_config.o
 .debug_frame   0x00000064       0xb4 .\CortexM4\ARM_GCC_541\Debug\main_cm4.o
 .debug_frame   0x00000118       0x68 .\CortexM4\ARM_GCC_541\Debug\system_psoc63_cm4.o
 .debug_frame   0x00000180       0x48 .\CortexM4\ARM_GCC_541\Debug\RTC.o
 .debug_frame   0x000001c8       0x7c .\CortexM4\ARM_GCC_541\Debug\cy_sysint.o
 .debug_frame   0x00000244       0x70 .\CortexM4\ARM_GCC_541\Debug\cy_ipc_drv.o
 .debug_frame   0x000002b4       0xcc .\CortexM4\ARM_GCC_541\Debug\cy_ipc_sema.o
 .debug_frame   0x00000380      0x140 .\CortexM4\ARM_GCC_541\Debug\cy_ipc_pipe.o
 .debug_frame   0x000004c0      0x390 .\CortexM4\ARM_GCC_541\Debug\cy_rtc.o
 .debug_frame   0x00000850      0x228 .\CortexM4\ARM_GCC_541\Debug\cy_flash.o
 .debug_frame   0x00000a78      0x334 .\CortexM4\ARM_GCC_541\Debug\cy_syspm.o
 .debug_frame   0x00000dac      0x124 .\CortexM4\ARM_GCC_541\Debug\cy_syslib.o
 .debug_frame   0x00000ed0       0x20 c:/program files (x86)/cypress/psoc creator/4.4/psoc creator/import/gnu/arm/5.4.1/bin/../lib/gcc/arm-none-eabi/5.4.1/../../../../arm-none-eabi/lib/armv7e-m/softfp\libg_nano.a(lib_a-memset.o)
 .debug_frame   0x00000ef0       0x28 c:/program files (x86)/cypress/psoc creator/4.4/psoc creator/import/gnu/arm/5.4.1/bin/../lib/gcc/arm-none-eabi/5.4.1/../../../../arm-none-eabi/lib/armv7e-m/softfp\libg_nano.a(lib_a-strncpy.o)
